Archive member included to satisfy reference by file (symbol)

c:/program files (x86)/atmel/studio/7.0/toolchain/arm/arm-gnu-toolchain/bin/../lib/gcc/arm-none-eabi/6.3.1/thumb/v6-m\libgcc.a(_udivsi3.o)
                              src/ASF/sam0/drivers/nvm/nvm.o (__aeabi_uidiv)
c:/program files (x86)/atmel/studio/7.0/toolchain/arm/arm-gnu-toolchain/bin/../lib/gcc/arm-none-eabi/6.3.1/thumb/v6-m\libgcc.a(_divsi3.o)
                              src/ASF/thirdparty/fatfs/fatfs-r0.09/src/ff.o (__aeabi_idiv)
c:/program files (x86)/atmel/studio/7.0/toolchain/arm/arm-gnu-toolchain/bin/../lib/gcc/arm-none-eabi/6.3.1/thumb/v6-m\libgcc.a(_dvmd_tls.o)
                              c:/program files (x86)/atmel/studio/7.0/toolchain/arm/arm-gnu-toolchain/bin/../lib/gcc/arm-none-eabi/6.3.1/thumb/v6-m\libgcc.a(_udivsi3.o) (__aeabi_idiv0)
c:/program files (x86)/atmel/studio/7.0/toolchain/arm/arm-gnu-toolchain/bin/../lib/gcc/arm-none-eabi/6.3.1/thumb/v6-m\libgcc.a(_aeabi_uldivmod.o)
                              src/example.o (__aeabi_uldivmod)
c:/program files (x86)/atmel/studio/7.0/toolchain/arm/arm-gnu-toolchain/bin/../lib/gcc/arm-none-eabi/6.3.1/thumb/v6-m\libgcc.a(_muldi3.o)
                              src/ASF/sam0/drivers/sercom/sercom.o (__aeabi_lmul)
c:/program files (x86)/atmel/studio/7.0/toolchain/arm/arm-gnu-toolchain/bin/../lib/gcc/arm-none-eabi/6.3.1/thumb/v6-m\libgcc.a(_udivmoddi4.o)
                              c:/program files (x86)/atmel/studio/7.0/toolchain/arm/arm-gnu-toolchain/bin/../lib/gcc/arm-none-eabi/6.3.1/thumb/v6-m\libgcc.a(_aeabi_uldivmod.o) (__udivmoddi4)
c:/program files (x86)/atmel/studio/7.0/toolchain/arm/arm-gnu-toolchain/bin/../lib/gcc/arm-none-eabi/6.3.1/thumb/v6-m\libgcc.a(_clzdi2.o)
                              c:/program files (x86)/atmel/studio/7.0/toolchain/arm/arm-gnu-toolchain/bin/../lib/gcc/arm-none-eabi/6.3.1/thumb/v6-m\libgcc.a(_udivmoddi4.o) (__clzdi2)
c:/program files (x86)/atmel/studio/7.0/toolchain/arm/arm-gnu-toolchain/bin/../lib/gcc/arm-none-eabi/6.3.1/thumb/v6-m\libgcc.a(_clzsi2.o)
                              c:/program files (x86)/atmel/studio/7.0/toolchain/arm/arm-gnu-toolchain/bin/../lib/gcc/arm-none-eabi/6.3.1/thumb/v6-m\libgcc.a(_clzdi2.o) (__clzsi2)
c:/program files (x86)/atmel/studio/7.0/toolchain/arm/arm-gnu-toolchain/bin/../lib/gcc/arm-none-eabi/6.3.1/../../../../arm-none-eabi/lib/thumb/v6-m\libc_nano.a(lib_a-atoi.o)
                              src/example.o (atoi)
c:/program files (x86)/atmel/studio/7.0/toolchain/arm/arm-gnu-toolchain/bin/../lib/gcc/arm-none-eabi/6.3.1/../../../../arm-none-eabi/lib/thumb/v6-m\libc_nano.a(lib_a-exit.o)
                              c:/program files (x86)/atmel/studio/7.0/toolchain/arm/arm-gnu-toolchain/bin/../lib/gcc/arm-none-eabi/6.3.1/../../../../arm-none-eabi/lib/thumb/v6-m/crt0.o (exit)
c:/program files (x86)/atmel/studio/7.0/toolchain/arm/arm-gnu-toolchain/bin/../lib/gcc/arm-none-eabi/6.3.1/../../../../arm-none-eabi/lib/thumb/v6-m\libc_nano.a(lib_a-impure.o)
                              c:/program files (x86)/atmel/studio/7.0/toolchain/arm/arm-gnu-toolchain/bin/../lib/gcc/arm-none-eabi/6.3.1/../../../../arm-none-eabi/lib/thumb/v6-m\libc_nano.a(lib_a-exit.o) (_global_impure_ptr)
c:/program files (x86)/atmel/studio/7.0/toolchain/arm/arm-gnu-toolchain/bin/../lib/gcc/arm-none-eabi/6.3.1/../../../../arm-none-eabi/lib/thumb/v6-m\libc_nano.a(lib_a-init.o)
                              c:/program files (x86)/atmel/studio/7.0/toolchain/arm/arm-gnu-toolchain/bin/../lib/gcc/arm-none-eabi/6.3.1/../../../../arm-none-eabi/lib/thumb/v6-m/crt0.o (__libc_init_array)
c:/program files (x86)/atmel/studio/7.0/toolchain/arm/arm-gnu-toolchain/bin/../lib/gcc/arm-none-eabi/6.3.1/../../../../arm-none-eabi/lib/thumb/v6-m\libc_nano.a(lib_a-malloc.o)
                              src/SerialConsole/circular_buffer.o (malloc)
c:/program files (x86)/atmel/studio/7.0/toolchain/arm/arm-gnu-toolchain/bin/../lib/gcc/arm-none-eabi/6.3.1/../../../../arm-none-eabi/lib/thumb/v6-m\libc_nano.a(lib_a-memset.o)
                              c:/program files (x86)/atmel/studio/7.0/toolchain/arm/arm-gnu-toolchain/bin/../lib/gcc/arm-none-eabi/6.3.1/../../../../arm-none-eabi/lib/thumb/v6-m/crt0.o (memset)
c:/program files (x86)/atmel/studio/7.0/toolchain/arm/arm-gnu-toolchain/bin/../lib/gcc/arm-none-eabi/6.3.1/../../../../arm-none-eabi/lib/thumb/v6-m\libc_nano.a(lib_a-nano-freer.o)
                              c:/program files (x86)/atmel/studio/7.0/toolchain/arm/arm-gnu-toolchain/bin/../lib/gcc/arm-none-eabi/6.3.1/../../../../arm-none-eabi/lib/thumb/v6-m\libc_nano.a(lib_a-malloc.o) (_free_r)
c:/program files (x86)/atmel/studio/7.0/toolchain/arm/arm-gnu-toolchain/bin/../lib/gcc/arm-none-eabi/6.3.1/../../../../arm-none-eabi/lib/thumb/v6-m\libc_nano.a(lib_a-nano-mallocr.o)
[...]
Memory Configuration

Name             Origin             Length             Attributes
rom              0x00000000         0x00040000         xr
ram              0x20000000         0x00008000         xrw
*default*        0x00000000         0xffffffff

Linker script and memory map

LOAD c:/program files (x86)/atmel/studio/7.0/toolchain/arm/arm-gnu-toolchain/bin/../lib/gcc/arm-none-eabi/6.3.1/thumb/v6-m/crti.o
LOAD c:/program files (x86)/atmel/studio/7.0/toolchain/arm/arm-gnu-toolchain/bin/../lib/gcc/arm-none-eabi/6.3.1/thumb/v6-m/crtbegin.o
LOAD c:/program files (x86)/atmel/studio/7.0/toolchain/arm/arm-gnu-toolchain/bin/../lib/gcc/arm-none-eabi/6.3.1/../../../../arm-none-eabi/lib/thumb/v6-m/crt0.o
LOAD src/ASF/sam0/boards/board_init.o
LOAD src/ASF/sam0/drivers/dsu/crc32/crc32.o
LOAD src/ASF/sam0/drivers/nvm/nvm.o
LOAD src/ASF/sam0/drivers/pac/pac_sam_d_r_h/pac.o
LOAD src/SerialConsole/circular_buffer.o
LOAD src/SerialConsole/SerialConsole.o
LOAD src/ASF/common2/components/memory/sd_mmc/sd_mmc.o
LOAD src/ASF/common2/components/memory/sd_mmc/sd_mmc_mem.o
LOAD src/ASF/common2/components/memory/sd_mmc/sd_mmc_spi.o
LOAD src/ASF/common2/services/delay/sam0/cycle_counter.o
LOAD src/ASF/common/services/storage/ctrl_access/ctrl_access.o
LOAD src/ASF/common/utils/interrupt/interrupt_sam_nvic.o
LOAD src/ASF/sam0/drivers/port/port.o
LOAD src/ASF/sam0/drivers/rtc/rtc_sam_d_r_h/rtc_calendar.o
LOAD src/ASF/sam0/drivers/sercom/sercom.o
LOAD src/ASF/sam0/drivers/sercom/sercom_interrupt.o
LOAD src/ASF/sam0/drivers/sercom/spi/spi.o
LOAD src/ASF/sam0/drivers/sercom/spi/spi_interrupt.o
LOAD src/ASF/sam0/drivers/sercom/usart/usart.o
LOAD src/ASF/sam0/drivers/sercom/usart/usart_interrupt.o
LOAD src/ASF/sam0/drivers/system/clock/clock_samd21_r21_da_ha1/clock.o
LOAD src/ASF/sam0/drivers/system/clock/clock_samd21_r21_da_ha1/gclk.o
LOAD src/ASF/sam0/drivers/system/interrupt/system_interrupt.o
LOAD src/ASF/sam0/drivers/system/pinmux/pinmux.o
LOAD src/ASF/sam0/drivers/system/system.o
LOAD src/ASF/sam0/utils/cmsis/samd21/source/gcc/startup_samd21.o
LOAD src/ASF/sam0/utils/cmsis/samd21/source/system_samd21.o
LOAD src/ASF/sam0/utils/stdio/read.o
LOAD src/ASF/sam0/utils/stdio/write.o
LOAD src/ASF/sam0/utils/syscalls/gcc/syscalls.o
LOAD src/ASF/thirdparty/fatfs/fatfs-port-r0.09/diskio.o
LOAD src/ASF/thirdparty/fatfs/fatfs-port-r0.09/sam0/fattime_rtc.o
LOAD src/ASF/thirdparty/fatfs/fatfs-r0.09/src/ff.o
LOAD src/ASF/thirdparty/fatfs/fatfs-r0.09/src/option/ccsbcs.o
LOAD src/example.o
START GROUP
LOAD ../src/ASF/thirdparty/CMSIS/Lib/GCC\libarm_cortexM0l_math.a
LOAD c:/program files (x86)/atmel/studio/7.0/toolchain/arm/arm-gnu-toolchain/bin/../lib/gcc/arm-none-eabi/6.3.1/../../../../arm-none-eabi/lib/thumb/v6-m\libm.a
END GROUP
                0x00002000                __stack_size__ = 0x2000
START GROUP
LOAD c:/program files (x86)/atmel/studio/7.0/toolchain/arm/arm-gnu-toolchain/bin/../lib/gcc/arm-none-eabi/6.3.1/thumb/v6-m\libgcc.a
LOAD c:/program files (x86)/atmel/studio/7.0/toolchain/arm/arm-gnu-toolchain/bin/../lib/gcc/arm-none-eabi/6.3.1/../../../../arm-none-eabi/lib/thumb/v6-m\libc_nano.a
END GROUP
START GROUP
LOAD c:/program files (x86)/atmel/studio/7.0/toolchain/arm/arm-gnu-toolchain/bin/../lib/gcc/arm-none-eabi/6.3.1/thumb/v6-m\libgcc.a
LOAD c:/program files (x86)/atmel/studio/7.0/toolchain/arm/arm-gnu-toolchain/bin/../lib/gcc/arm-none-eabi/6.3.1/../../../../arm-none-eabi/lib/thumb/v6-m\libc_nano.a
END GROUP
LOAD c:/program files (x86)/atmel/studio/7.0/toolchain/arm/arm-gnu-toolchain/bin/../lib/gcc/arm-none-eabi/6.3.1/thumb/v6-m/crtend.o
LOAD c:/program files (x86)/atmel/studio/7.0/toolchain/arm/arm-gnu-toolchain/bin/../lib/gcc/arm-none-eabi/6.3.1/thumb/v6-m/crtn.o
                0x00002000                STACK_SIZE = DEFINED (STACK_SIZE)?STACK_SIZE:DEFINED (__stack_size__)?__stack_size__:0x2000

.text           0x00000000     0x76c8
                0x00000000                . = ALIGN (0x4)
                0x00000000                _sfixed = .
 *(.vectors .vectors.*)
 .vectors       0x00000000       0xb4 src/ASF/sam0/utils/cmsis/samd21/source/gcc/startup_samd21.o
                0x00000000                exception_table
 *(.text .text.* .gnu.linkonce.t.*)
 .text          0x000000b4       0x60 c:/program files (x86)/atmel/studio/7.0/toolchain/arm/arm-gnu-toolchain/bin/../lib/gcc/arm-none-eabi/6.3.1/thumb/v6-m/crtbegin.o
 .text.system_board_init
                0x00000114       0x38 src/ASF/sam0/boards/board_init.o
                0x00000114                board_init
                0x00000114                system_board_init
 .text.dsu_crc32_cal
                0x0000014c       0x98 src/ASF/sam0/drivers/dsu/crc32/crc32.o
                0x0000014c                dsu_crc32_cal
 .text.nvm_set_config
                0x000001e4       0x88 src/ASF/sam0/drivers/nvm/nvm.o
                0x000001e4                nvm_set_config
 .text.nvm_execute_command
                0x0000026c       0xa0 src/ASF/sam0/drivers/nvm/nvm.o
                0x0000026c                nvm_execute_command
 .text.nvm_write_buffer
                0x0000030c       0xa8 src/ASF/sam0/drivers/nvm/nvm.o
                0x0000030c                nvm_write_buffer
 .text.nvm_read_buffer
                0x000003b4       0x6c src/ASF/sam0/drivers/nvm/nvm.o
                0x000003b4                nvm_read_buffer
 .text.nvm_erase_row
                0x00000420       0x5c src/ASF/sam0/drivers/nvm/nvm.o
                0x00000420                nvm_erase_row
 .text.system_peripheral_lock
                0x0000047c       0x60 src/ASF/sam0/drivers/pac/pac_sam_d_r_h/pac.o
                0x0000047c                system_peripheral_lock
 .text.system_peripheral_unlock
                0x000004dc       0x60 src/ASF/sam0/drivers/pac/pac_sam_d_r_h/pac.o
                0x000004dc                system_peripheral_unlock
 .text.advance_pointer
                0x0000053c       0x34 src/SerialConsole/circular_buffer.o
 .text.circular_buf_init
                0x00000570       0x20 src/SerialConsole/circular_buffer.o
                0x00000570                circular_buf_init
 .text.circular_buf_put
                0x00000590       0x14 src/SerialConsole/circular_buffer.o
                0x00000590                circular_buf_put
 .text.circular_buf_empty
                0x000005a4       0x18 src/SerialConsole/circular_buffer.o
                0x000005a4                circular_buf_empty
 .text.circular_buf_get
                0x000005bc       0x38 src/SerialConsole/circular_buffer.o
                0x000005bc                circular_buf_get
 .text.usart_write_callback
                0x000005f4       0x30 src/SerialConsole/SerialConsole.o
                0x000005f4                usart_write_callback
 .text.InitializeSerialConsole
                0x00000624      0x128 src/SerialConsole/SerialConsole.o
                0x00000624                InitializeSerialConsole
 .text.DeinitializeSerialConsole
                0x0000074c       0x38 src/SerialConsole/SerialConsole.o
                0x0000074c                DeinitializeSerialConsole
 .text.SerialConsoleWriteString
                0x00000784       0x74 src/SerialConsole/SerialConsole.o
                0x00000784                SerialConsoleWriteString
 .text.usart_read_callback
                0x000007f8       0x54 src/SerialConsole/SerialConsole.o
                0x000007f8                usart_read_callback
 .text.LogMessage
                0x0000084c        0x6 src/SerialConsole/SerialConsole.o
                0x0000084c                LogMessage
 *fill*         0x00000852        0x2 
 .text.sd_mmc_configure_slot
                0x00000854       0x28 src/ASF/common2/components/memory/sd_mmc/sd_mmc.o
 .text.sd_mmc_select_slot
                0x0000087c       0x5c src/ASF/common2/components/memory/sd_mmc/sd_mmc.o
 .text.sd_mmc_cmd13
                0x000008d8       0x38 src/ASF/common2/components/memory/sd_mmc/sd_mmc.o
 .text.sd_mmc_cmd9_spi
                0x00000910       0x4c src/ASF/common2/components/memory/sd_mmc/sd_mmc.o
 .text.sd_mmc_deselect_slot
                0x0000095c       0x1c src/ASF/common2/components/memory/sd_mmc/sd_mmc.o
 .text.sd_mmc_init
                0x00000978       0x20 src/ASF/common2/components/memory/sd_mmc/sd_mmc.o
                0x00000978                sd_mmc_init
 .text.sd_mmc_check
                0x00000998      0x4b0 src/ASF/common2/components/memory/sd_mmc/sd_mmc.o
                0x00000998                sd_mmc_check
 .text.sd_mmc_get_type
                0x00000e48       0x28 src/ASF/common2/components/memory/sd_mmc/sd_mmc.o
                0x00000e48                sd_mmc_get_type
 .text.sd_mmc_get_capacity
                0x00000e70       0x28 src/ASF/common2/components/memory/sd_mmc/sd_mmc.o
                0x00000e70                sd_mmc_get_capacity
 .text.sd_mmc_is_write_protected
                0x00000e98        0x4 src/ASF/common2/components/memory/sd_mmc/sd_mmc.o
                0x00000e98                sd_mmc_is_write_protected
 .text.sd_mmc_init_read_blocks
                0x00000e9c       0x88 src/ASF/common2/components/memory/sd_mmc/sd_mmc.o
                0x00000e9c                sd_mmc_init_read_blocks
 .text.sd_mmc_start_read_blocks
                0x00000f24       0x2c src/ASF/common2/components/memory/sd_mmc/sd_mmc.o
                0x00000f24                sd_mmc_start_read_blocks
 .text.sd_mmc_wait_end_of_read_blocks
                0x00000f50       0x70 src/ASF/common2/components/memory/sd_mmc/sd_mmc.o
                0x00000f50                sd_mmc_wait_end_of_read_blocks
 .text.sd_mmc_init_write_blocks
                0x00000fc0       0x70 src/ASF/common2/components/memory/sd_mmc/sd_mmc.o
                0x00000fc0                sd_mmc_init_write_blocks
 .text.sd_mmc_start_write_blocks
                0x00001030       0x2c src/ASF/common2/components/memory/sd_mmc/sd_mmc.o
                0x00001030                sd_mmc_start_write_blocks
 .text.sd_mmc_wait_end_of_write_blocks
                0x0000105c       0x50 src/ASF/common2/components/memory/sd_mmc/sd_mmc.o
                0x0000105c                sd_mmc_wait_end_of_write_blocks
 .text.sd_mmc_test_unit_ready
                0x000010ac       0x50 src/ASF/common2/components/memory/sd_mmc/sd_mmc_mem.o
                0x000010ac                sd_mmc_test_unit_ready
 .text.sd_mmc_test_unit_ready_0
                0x000010fc       0x10 src/ASF/common2/components/memory/sd_mmc/sd_mmc_mem.o
                0x000010fc                sd_mmc_test_unit_ready_0
 .text.sd_mmc_read_capacity
                0x0000110c       0x20 src/ASF/common2/components/memory/sd_mmc/sd_mmc_mem.o
                0x0000110c                sd_mmc_read_capacity
 .text.sd_mmc_read_capacity_0
                0x0000112c       0x10 src/ASF/common2/components/memory/sd_mmc/sd_mmc_mem.o
                0x0000112c                sd_mmc_read_capacity_0
 .text.sd_mmc_wr_protect_0
                0x0000113c       0x10 src/ASF/common2/components/memory/sd_mmc/sd_mmc_mem.o
                0x0000113c                sd_mmc_wr_protect_0
 .text.sd_mmc_mem_2_ram
                0x0000114c       0x44 src/ASF/common2/components/memory/sd_mmc/sd_mmc_mem.o
                0x0000114c                sd_mmc_mem_2_ram
 .text.sd_mmc_mem_2_ram_0
                0x00001190       0x14 src/ASF/common2/components/memory/sd_mmc/sd_mmc_mem.o
                0x00001190                sd_mmc_mem_2_ram_0
 .text.sd_mmc_ram_2_mem
                0x000011a4       0x44 src/ASF/common2/components/memory/sd_mmc/sd_mmc_mem.o
                0x000011a4                sd_mmc_ram_2_mem
 .text.sd_mmc_ram_2_mem_0
                0x000011e8       0x14 src/ASF/common2/components/memory/sd_mmc/sd_mmc_mem.o
                0x000011e8                sd_mmc_ram_2_mem_0
 .text.sd_mmc_spi_start_write_block
                0x000011fc       0x48 src/ASF/common2/components/memory/sd_mmc/sd_mmc_spi.o
 .text.sd_mmc_spi_wait_busy
                0x00001244       0x64 src/ASF/common2/components/memory/sd_mmc/sd_mmc_spi.o
 .text.sd_mmc_spi_stop_multiwrite_block
                0x000012a8       0x78 src/ASF/common2/components/memory/sd_mmc/sd_mmc_spi.o
 .text.sd_mmc_spi_start_read_block
                0x00001320       0x6c src/ASF/common2/components/memory/sd_mmc/sd_mmc_spi.o
 .text.sd_mmc_spi_stop_write_block
                0x0000138c       0x70 src/ASF/common2/components/memory/sd_mmc/sd_mmc_spi.o
 .text.sd_mmc_deinit
                0x000013fc       0x14 src/ASF/common2/components/memory/sd_mmc/sd_mmc_spi.o
                0x000013fc                sd_mmc_deinit
 .text.sd_mmc_spi_init
                0x00001410      0x100 src/ASF/common2/components/memory/sd_mmc/sd_mmc_spi.o
                0x00001410                sd_mmc_spi_init
 .text.sd_mmc_spi_select_device
                0x00001510       0x54 src/ASF/common2/components/memory/sd_mmc/sd_mmc_spi.o
                0x00001510                sd_mmc_spi_select_device
 .text.sd_mmc_spi_deselect_device
                0x00001564       0x28 src/ASF/common2/components/memory/sd_mmc/sd_mmc_spi.o
                0x00001564                sd_mmc_spi_deselect_device
 .text.sd_mmc_spi_send_clock
                0x0000158c       0x38 src/ASF/common2/components/memory/sd_mmc/sd_mmc_spi.o
                0x0000158c                sd_mmc_spi_send_clock
 .text.sd_mmc_spi_adtc_start
                0x000015c4      0x190 src/ASF/common2/components/memory/sd_mmc/sd_mmc_spi.o
                0x000015c4                sd_mmc_spi_adtc_start
 .text.sd_mmc_spi_send_cmd
                0x00001754       0x18 src/ASF/common2/components/memory/sd_mmc/sd_mmc_spi.o
                0x00001754                sd_mmc_spi_send_cmd
 .text.sd_mmc_spi_get_response
                0x0000176c        0xc src/ASF/common2/components/memory/sd_mmc/sd_mmc_spi.o
                0x0000176c                sd_mmc_spi_get_response
 .text.sd_mmc_spi_read_word
                0x00001778       0x78 src/ASF/common2/components/memory/sd_mmc/sd_mmc_spi.o
                0x00001778                sd_mmc_spi_read_word
 .text.sd_mmc_spi_start_read_blocks
                0x000017f0       0x8c src/ASF/common2/components/memory/sd_mmc/sd_mmc_spi.o
                0x000017f0                sd_mmc_spi_start_read_blocks
 .text.sd_mmc_spi_wait_end_of_read_blocks
                0x0000187c        0x4 src/ASF/common2/components/memory/sd_mmc/sd_mmc_spi.o
                0x0000187c                sd_mmc_spi_wait_end_of_read_blocks
 .text.sd_mmc_spi_start_write_blocks
                0x00001880       0x80 src/ASF/common2/components/memory/sd_mmc/sd_mmc_spi.o
                0x00001880                sd_mmc_spi_start_write_blocks
 .text.sd_mmc_spi_wait_end_of_write_blocks
                0x00001900       0x24 src/ASF/common2/components/memory/sd_mmc/sd_mmc_spi.o
                0x00001900                sd_mmc_spi_wait_end_of_write_blocks
 .text.delay_init
                0x00001924        0x2 src/ASF/common2/services/delay/sam0/cycle_counter.o
                0x00001924                delay_init
 *fill*         0x00001926        0x2 
 .text.mem_test_unit_ready
                0x00001928       0x18 src/ASF/common/services/storage/ctrl_access/ctrl_access.o
                0x00001928                mem_test_unit_ready
 .text.mem_read_capacity
                0x00001940       0x1c src/ASF/common/services/storage/ctrl_access/ctrl_access.o
                0x00001940                mem_read_capacity
 .text.mem_sector_size
                0x0000195c        0x8 src/ASF/common/services/storage/ctrl_access/ctrl_access.o
                0x0000195c                mem_sector_size
 .text.mem_wr_protect
                0x00001964       0x18 src/ASF/common/services/storage/ctrl_access/ctrl_access.o
                0x00001964                mem_wr_protect
 .text.memory_2_ram
                0x0000197c       0x20 src/ASF/common/services/storage/ctrl_access/ctrl_access.o
                0x0000197c                memory_2_ram
 .text.ram_2_memory
                0x0000199c       0x20 src/ASF/common/services/storage/ctrl_access/ctrl_access.o
                0x0000199c                ram_2_memory
 .text.cpu_irq_enter_critical
                0x000019bc       0x40 src/ASF/common/utils/interrupt/interrupt_sam_nvic.o
                0x000019bc                cpu_irq_enter_critical
 .text.cpu_irq_leave_critical
                0x000019fc       0x30 src/ASF/common/utils/interrupt/interrupt_sam_nvic.o
                0x000019fc                cpu_irq_leave_critical
 .text.port_pin_set_config
                0x00001a2c       0x24 src/ASF/sam0/drivers/port/port.o
                0x00001a2c                port_pin_set_config
 .text.rtc_calendar_enable
                0x00001a50       0x14 src/ASF/sam0/drivers/rtc/rtc_sam_d_r_h/rtc_calendar.o
                0x00001a50                rtc_calendar_enable
 .text.rtc_calendar_disable
                0x00001a64       0x1a src/ASF/sam0/drivers/rtc/rtc_sam_d_r_h/rtc_calendar.o
                0x00001a64                rtc_calendar_disable
 *fill*         0x00001a7e        0x2 
 .text.rtc_calendar_reset
                0x00001a80       0x24 src/ASF/sam0/drivers/rtc/rtc_sam_d_r_h/rtc_calendar.o
                0x00001a80                rtc_calendar_reset
 .text.rtc_calendar_time_to_register_value
                0x00001aa4       0x3a src/ASF/sam0/drivers/rtc/rtc_sam_d_r_h/rtc_calendar.o
                0x00001aa4                rtc_calendar_time_to_register_value
 .text.rtc_calendar_register_value_to_time
                0x00001ade       0x3e src/ASF/sam0/drivers/rtc/rtc_sam_d_r_h/rtc_calendar.o
                0x00001ade                rtc_calendar_register_value_to_time
 .text.rtc_calendar_get_time
                0x00001b1c       0x48 src/ASF/sam0/drivers/rtc/rtc_sam_d_r_h/rtc_calendar.o
                0x00001b1c                rtc_calendar_get_time
 .text.rtc_calendar_set_alarm
                0x00001b64       0x30 src/ASF/sam0/drivers/rtc/rtc_sam_d_r_h/rtc_calendar.o
                0x00001b64                rtc_calendar_set_alarm
 .text.rtc_calendar_init
                0x00001b94       0x94 src/ASF/sam0/drivers/rtc/rtc_sam_d_r_h/rtc_calendar.o
                0x00001b94                rtc_calendar_init
 .text.long_division
                0x00001c28       0xba src/ASF/sam0/drivers/sercom/sercom.o
 .text._sercom_get_sync_baud_val
                0x00001ce2       0x28 src/ASF/sam0/drivers/sercom/sercom.o
                0x00001ce2                _sercom_get_sync_baud_val
 *fill*         0x00001d0a        0x2 
 .text._sercom_get_async_baud_val
                0x00001d0c       0x94 src/ASF/sam0/drivers/sercom/sercom.o
                0x00001d0c                _sercom_get_async_baud_val
 .text.sercom_set_gclk_generator
                0x00001da0       0x4c src/ASF/sam0/drivers/sercom/sercom.o
                0x00001da0                sercom_set_gclk_generator
 .text._sercom_get_default_pad
                0x00001dec      0x178 src/ASF/sam0/drivers/sercom/sercom.o
                0x00001dec                _sercom_get_default_pad
 .text._sercom_get_sercom_inst_index
                0x00001f64       0x38 src/ASF/sam0/drivers/sercom/sercom.o
                0x00001f64                _sercom_get_sercom_inst_index
 .text._sercom_default_handler
                0x00001f9c        0x2 src/ASF/sam0/drivers/sercom/sercom_interrupt.o
 *fill*         0x00001f9e        0x2 
 .text._sercom_set_handler
                0x00001fa0       0x3c src/ASF/sam0/drivers/sercom/sercom_interrupt.o
                0x00001fa0                _sercom_set_handler
 .text._sercom_get_interrupt_vector
                0x00001fdc       0x30 src/ASF/sam0/drivers/sercom/sercom_interrupt.o
                0x00001fdc                _sercom_get_interrupt_vector
 .text.SERCOM0_Handler
                0x0000200c       0x10 src/ASF/sam0/drivers/sercom/sercom_interrupt.o
                0x0000200c                SERCOM0_Handler
 .text.SERCOM1_Handler
                0x0000201c       0x10 src/ASF/sam0/drivers/sercom/sercom_interrupt.o
                0x0000201c                SERCOM1_Handler
 .text.SERCOM2_Handler
                0x0000202c       0x10 src/ASF/sam0/drivers/sercom/sercom_interrupt.o
                0x0000202c                SERCOM2_Handler
 .text.SERCOM3_Handler
                0x0000203c       0x10 src/ASF/sam0/drivers/sercom/sercom_interrupt.o
                0x0000203c                SERCOM3_Handler
 .text.SERCOM4_Handler
                0x0000204c       0x10 src/ASF/sam0/drivers/sercom/sercom_interrupt.o
                0x0000204c                SERCOM4_Handler
 .text.SERCOM5_Handler
                0x0000205c       0x10 src/ASF/sam0/drivers/sercom/sercom_interrupt.o
                0x0000205c                SERCOM5_Handler
 .text.spi_reset
                0x0000206c       0x4c src/ASF/sam0/drivers/sercom/spi/spi.o
                0x0000206c                spi_reset
 .text.spi_set_baudrate
                0x000020b8       0xb8 src/ASF/sam0/drivers/sercom/spi/spi.o
                0x000020b8                spi_set_baudrate
 .text.spi_init
                0x00002170      0x1d8 src/ASF/sam0/drivers/sercom/spi/spi.o
                0x00002170                spi_init
 .text.spi_read_buffer_wait
                0x00002348       0xd4 src/ASF/sam0/drivers/sercom/spi/spi.o
                0x00002348                spi_read_buffer_wait
 .text.spi_select_slave
                0x0000241c       0xf4 src/ASF/sam0/drivers/sercom/spi/spi.o
                0x0000241c                spi_select_slave
 .text.spi_write_buffer_wait
                0x00002510       0xcc src/ASF/sam0/drivers/sercom/spi/spi.o
                0x00002510                spi_write_buffer_wait
 .text._spi_interrupt_handler
                0x000025dc      0x1d0 src/ASF/sam0/drivers/sercom/spi/spi_interrupt.o
                0x000025dc                _spi_interrupt_handler
 .text.usart_init
                0x000027ac      0x344 src/ASF/sam0/drivers/sercom/usart/usart.o
                0x000027ac                usart_init
 .text._usart_write_buffer
                0x00002af0       0x3c src/ASF/sam0/drivers/sercom/usart/usart_interrupt.o
                0x00002af0                _usart_write_buffer
 .text._usart_read_buffer
                0x00002b2c       0x50 src/ASF/sam0/drivers/sercom/usart/usart_interrupt.o
                0x00002b2c                _usart_read_buffer
 .text.usart_register_callback
                0x00002b7c       0x18 src/ASF/sam0/drivers/sercom/usart/usart_interrupt.o
                0x00002b7c                usart_register_callback
 .text.usart_write_buffer_job
                0x00002b94       0x20 src/ASF/sam0/drivers/sercom/usart/usart_interrupt.o
                0x00002b94                usart_write_buffer_job
 .text.usart_read_buffer_job
                0x00002bb4       0x20 src/ASF/sam0/drivers/sercom/usart/usart_interrupt.o
                0x00002bb4                usart_read_buffer_job
 .text.usart_get_job_status
                0x00002bd4       0x1c src/ASF/sam0/drivers/sercom/usart/usart_interrupt.o
                0x00002bd4                usart_get_job_status
 .text._usart_interrupt_handler
                0x00002bf0      0x194 src/ASF/sam0/drivers/sercom/usart/usart_interrupt.o
                0x00002bf0                _usart_interrupt_handler
 .text.system_clock_source_get_hz
                0x00002d84       0x94 src/ASF/sam0/drivers/system/clock/clock_samd21_r21_da_ha1/clock.o
                0x00002d84                system_clock_source_get_hz
 .text.system_clock_source_osc8m_set_config
                0x00002e18       0x3c src/ASF/sam0/drivers/system/clock/clock_samd21_r21_da_ha1/clock.o
                0x00002e18                system_clock_source_osc8m_set_config
 .text.system_clock_source_xosc32k_set_config
                0x00002e54       0xb8 src/ASF/sam0/drivers/system/clock/clock_samd21_r21_da_ha1/clock.o
                0x00002e54                system_clock_source_xosc32k_set_config
 .text.system_clock_source_dfll_set_config
                0x00002f0c       0x80 src/ASF/sam0/drivers/system/clock/clock_samd21_r21_da_ha1/clock.o
                0x00002f0c                system_clock_source_dfll_set_config
 .text.system_clock_source_enable
                0x00002f8c       0xa8 src/ASF/sam0/drivers/system/clock/clock_samd21_r21_da_ha1/clock.o
                0x00002f8c                system_clock_source_enable
 .text.system_clock_init
                0x00003034      0x154 src/ASF/sam0/drivers/system/clock/clock_samd21_r21_da_ha1/clock.o
                0x00003034                system_clock_init
 .text.system_gclk_init
                0x00003188       0x24 src/ASF/sam0/drivers/system/clock/clock_samd21_r21_da_ha1/gclk.o
                0x00003188                system_gclk_init
 .text.system_gclk_gen_set_config
                0x000031ac       0xb8 src/ASF/sam0/drivers/system/clock/clock_samd21_r21_da_ha1/gclk.o
                0x000031ac                system_gclk_gen_set_config
 .text.system_gclk_gen_enable
                0x00003264       0x44 src/ASF/sam0/drivers/system/clock/clock_samd21_r21_da_ha1/gclk.o
                0x00003264                system_gclk_gen_enable
 .text.system_gclk_gen_get_hz
                0x000032a8       0x8c src/ASF/sam0/drivers/system/clock/clock_samd21_r21_da_ha1/gclk.o
                0x000032a8                system_gclk_gen_get_hz
 .text.system_gclk_chan_enable
                0x00003334       0x30 src/ASF/sam0/drivers/system/clock/clock_samd21_r21_da_ha1/gclk.o
                0x00003334                system_gclk_chan_enable
 .text.system_gclk_chan_disable
                0x00003364       0x5c src/ASF/sam0/drivers/system/clock/clock_samd21_r21_da_ha1/gclk.o
                0x00003364                system_gclk_chan_disable
 .text.system_gclk_chan_set_config
                0x000033c0       0x1c src/ASF/sam0/drivers/system/clock/clock_samd21_r21_da_ha1/gclk.o
                0x000033c0                system_gclk_chan_set_config
 .text.system_gclk_chan_get_hz
                0x000033dc       0x34 src/ASF/sam0/drivers/system/clock/clock_samd21_r21_da_ha1/gclk.o
                0x000033dc                system_gclk_chan_get_hz
 .text._system_pinmux_config
                0x00003410       0xa8 src/ASF/sam0/drivers/system/pinmux/pinmux.o
 .text.system_pinmux_pin_set_config
                0x000034b8       0x30 src/ASF/sam0/drivers/system/pinmux/pinmux.o
                0x000034b8                system_pinmux_pin_set_config
 .text._system_dummy_init
                0x000034e8        0x2 src/ASF/sam0/drivers/system/system.o
                0x000034e8                _system_extint_init
                0x000034e8                _system_events_init
                0x000034e8                _system_dummy_init
                0x000034e8                _system_divas_init
 *fill*         0x000034ea        0x2 
 .text.system_init
                0x000034ec       0x2c src/ASF/sam0/drivers/system/system.o
                0x000034ec                system_init
 .text.Dummy_Handler
                0x00003518        0x2 src/ASF/sam0/utils/cmsis/samd21/source/gcc/startup_samd21.o
                0x00003518                DMAC_Handler
                0x00003518                HardFault_Handler
                0x00003518                AC_Handler
                0x00003518                SysTick_Handler
                0x00003518                PendSV_Handler
                0x00003518                NMI_Handler
                0x00003518                ADC_Handler
                0x00003518                TCC1_Handler
                0x00003518                TCC0_Handler
                0x00003518                RTC_Handler
                0x00003518                EIC_Handler
                0x00003518                WDT_Handler
                0x00003518                TC4_Handler
                0x00003518                USB_Handler
                0x00003518                TC3_Handler
                0x00003518                Dummy_Handler
                0x00003518                PM_Handler
                0x00003518                SVC_Handler
                0x00003518                TCC2_Handler
                0x00003518                EVSYS_Handler
                0x00003518                I2S_Handler
                0x00003518                NVMCTRL_Handler
                0x00003518                DAC_Handler
                0x00003518                PTC_Handler
                0x00003518                TC5_Handler
                0x00003518                SYSCTRL_Handler
 *fill*         0x0000351a        0x2 
 .text.Reset_Handler
                0x0000351c       0xe4 src/ASF/sam0/utils/cmsis/samd21/source/gcc/startup_samd21.o
                0x0000351c                Reset_Handler
 .text._sbrk    0x00003600       0x24 src/ASF/sam0/utils/syscalls/gcc/syscalls.o
                0x00003600                _sbrk
 .text.disk_initialize
                0x00003624       0x9c src/ASF/thirdparty/fatfs/fatfs-port-r0.09/diskio.o
                0x00003624                disk_initialize
 .text.disk_status
                0x000036c0       0x1c src/ASF/thirdparty/fatfs/fatfs-port-r0.09/diskio.o
                0x000036c0                disk_status
 .text.disk_read
                0x000036dc       0x84 src/ASF/thirdparty/fatfs/fatfs-port-r0.09/diskio.o
                0x000036dc                disk_read
 .text.disk_write
                0x00003760       0x84 src/ASF/thirdparty/fatfs/fatfs-port-r0.09/diskio.o
                0x00003760                disk_write
 .text.disk_ioctl
                0x000037e4       0x6c src/ASF/thirdparty/fatfs/fatfs-port-r0.09/diskio.o
                0x000037e4                disk_ioctl
 .text.get_fattime
                0x00003850       0x50 src/ASF/thirdparty/fatfs/fatfs-port-r0.09/sam0/fattime_rtc.o
                0x00003850                get_fattime
 .text.mem_cpy  0x000038a0       0x14 src/ASF/thirdparty/fatfs/fatfs-r0.09/src/ff.o
 .text.mem_set  0x000038b4       0x12 src/ASF/thirdparty/fatfs/fatfs-r0.09/src/ff.o
 .text.clust2sect
                0x000038c6       0x18 src/ASF/thirdparty/fatfs/fatfs-r0.09/src/ff.o
 .text.sum_sfn  0x000038de       0x1c src/ASF/thirdparty/fatfs/fatfs-r0.09/src/ff.o
 *fill*         0x000038fa        0x2 
 .text.validate
                0x000038fc       0x30 src/ASF/thirdparty/fatfs/fatfs-r0.09/src/ff.o
 .text.check_fs
                0x0000392c       0xa4 src/ASF/thirdparty/fatfs/fatfs-r0.09/src/ff.o
 .text.chk_mounted
                0x000039d0      0x3b0 src/ASF/thirdparty/fatfs/fatfs-r0.09/src/ff.o
 .text.move_window
                0x00003d80       0xa0 src/ASF/thirdparty/fatfs/fatfs-r0.09/src/ff.o
 .text.get_fat  0x00003e20       0xfc src/ASF/thirdparty/fatfs/fatfs-r0.09/src/ff.o
 .text.dir_sdi  0x00003f1c       0xa8 src/ASF/thirdparty/fatfs/fatfs-r0.09/src/ff.o
 .text.put_fat  0x00003fc4      0x138 src/ASF/thirdparty/fatfs/fatfs-r0.09/src/ff.o
 .text.create_chain
                0x000040fc       0xc4 src/ASF/thirdparty/fatfs/fatfs-r0.09/src/ff.o
 .text.remove_chain
                0x000041c0       0x78 src/ASF/thirdparty/fatfs/fatfs-r0.09/src/ff.o
 .text.dir_next
                0x00004238      0x124 src/ASF/thirdparty/fatfs/fatfs-r0.09/src/ff.o
 .text.dir_find
                0x0000435c      0x198 src/ASF/thirdparty/fatfs/fatfs-r0.09/src/ff.o
 .text.dir_register
                0x000044f4      0x2e4 src/ASF/thirdparty/fatfs/fatfs-r0.09/src/ff.o
 .text.sync     0x000047d8       0xf4 src/ASF/thirdparty/fatfs/fatfs-r0.09/src/ff.o
 .text.follow_path
                0x000048cc      0x344 src/ASF/thirdparty/fatfs/fatfs-r0.09/src/ff.o
 .text.f_mount  0x00004c10       0x30 src/ASF/thirdparty/fatfs/fatfs-r0.09/src/ff.o
                0x00004c10                f_mount
 .text.f_open   0x00004c40      0x188 src/ASF/thirdparty/fatfs/fatfs-r0.09/src/ff.o
                0x00004c40                f_open
 .text.f_read   0x00004dc8      0x1b4 src/ASF/thirdparty/fatfs/fatfs-r0.09/src/ff.o
                0x00004dc8                f_read
 .text.f_write  0x00004f7c      0x238 src/ASF/thirdparty/fatfs/fatfs-r0.09/src/ff.o
                0x00004f7c                f_write
 .text.f_sync   0x000051b4       0x8c src/ASF/thirdparty/fatfs/fatfs-r0.09/src/ff.o
                0x000051b4                f_sync
 .text.f_close  0x00005240       0x18 src/ASF/thirdparty/fatfs/fatfs-r0.09/src/ff.o
                0x00005240                f_close
 .text.f_lseek  0x00005258      0x188 src/ASF/thirdparty/fatfs/fatfs-r0.09/src/ff.o
                0x00005258                f_lseek
 .text.f_gets   0x000053e0       0x54 src/ASF/thirdparty/fatfs/fatfs-r0.09/src/ff.o
                0x000053e0                f_gets
 .text.f_putc   0x00005434       0x2c src/ASF/thirdparty/fatfs/fatfs-r0.09/src/ff.o
                0x00005434                f_putc
 .text.f_puts   0x00005460       0x2c src/ASF/thirdparty/fatfs/fatfs-r0.09/src/ff.o
                0x00005460                f_puts
 .text.ff_convert
                0x0000548c       0x48 src/ASF/thirdparty/fatfs/fatfs-r0.09/src/option/ccsbcs.o
                0x0000548c                ff_convert
 .text.ff_wtoupper
                0x000054d4       0x3c src/ASF/thirdparty/fatfs/fatfs-r0.09/src/option/ccsbcs.o
                0x000054d4                ff_wtoupper
 .text.jumpToApplication
                0x00005510       0x24 src/example.o
 .text.setFlashFlag
                0x00005534       0x64 src/example.o
 .text.bootloader
                0x00005598      0x44c src/example.o
 .text.userAppCondition
                0x000059e4       0x30 src/example.o
                0x000059e4                userAppCondition
 .text.flashFlag
                0x00005a14       0x60 src/example.o
                0x00005a14                flashFlag
 .text.main     0x00005a74      0x170 src/example.o
                0x00005a74                main
 .text          0x00005be4      0x114 c:/program files (x86)/atmel/studio/7.0/toolchain/arm/arm-gnu-toolchain/bin/../lib/gcc/arm-none-eabi/6.3.1/thumb/v6-m\libgcc.a(_udivsi3.o)
                0x00005be4                __aeabi_uidiv
                0x00005be4                __udivsi3
                0x00005cf0                __aeabi_uidivmod
 .text          0x00005cf8      0x1d4 c:/program files (x86)/atmel/studio/7.0/toolchain/arm/arm-gnu-toolchain/bin/../lib/gcc/arm-none-eabi/6.3.1/thumb/v6-m\libgcc.a(_divsi3.o)
                0x00005cf8                __divsi3
                0x00005cf8                __aeabi_idiv
                0x00005ec4                __aeabi_idivmod
 .text          0x00005ecc        0x4 c:/program files (x86)/atmel/studio/7.0/toolchain/arm/arm-gnu-toolchain/bin/../lib/gcc/arm-none-eabi/6.3.1/thumb/v6-m\libgcc.a(_dvmd_tls.o)
                0x00005ecc                __aeabi_idiv0
                0x00005ecc                __aeabi_ldiv0
 .text          0x00005ed0       0x40 c:/program files (x86)/atmel/studio/7.0/toolchain/arm/arm-gnu-toolchain/bin/../lib/gcc/arm-none-eabi/6.3.1/thumb/v6-m\libgcc.a(_aeabi_uldivmod.o)
                0x00005ed0                __aeabi_uldivmod
 .text          0x00005f10       0x54 c:/program files (x86)/atmel/studio/7.0/toolchain/arm/arm-gnu-toolchain/bin/../lib/gcc/arm-none-eabi/6.3.1/thumb/v6-m\libgcc.a(_muldi3.o)
                0x00005f10                __muldi3
                0x00005f10                __aeabi_lmul
 .text          0x00005f64      0x180 c:/program files (x86)/atmel/studio/7.0/toolchain/arm/arm-gnu-toolchain/bin/../lib/gcc/arm-none-eabi/6.3.1/thumb/v6-m\libgcc.a(_udivmoddi4.o)
                0x00005f64                __udivmoddi4
 .text          0x000060e4       0x18 c:/program files (x86)/atmel/studio/7.0/toolchain/arm/arm-gnu-toolchain/bin/../lib/gcc/arm-none-eabi/6.3.1/thumb/v6-m\libgcc.a(_clzdi2.o)
                0x000060e4                __clzdi2
 .text          0x000060fc       0x3c c:/program files (x86)/atmel/studio/7.0/toolchain/arm/arm-gnu-toolchain/bin/../lib/gcc/arm-none-eabi/6.3.1/thumb/v6-m\libgcc.a(_clzsi2.o)
                0x000060fc                __clzsi2
 .text.atoi     0x00006138        0xc c:/program files (x86)/atmel/studio/7.0/toolchain/arm/arm-gnu-toolchain/bin/../lib/gcc/arm-none-eabi/6.3.1/../../../../arm-none-eabi/lib/thumb/v6-m\libc_nano.a(lib_a-atoi.o)
                0x00006138                atoi
 .text.__libc_init_array
                0x00006144       0x48 c:/program files (x86)/atmel/studio/7.0/toolchain/arm/arm-gnu-toolchain/bin/../lib/gcc/arm-none-eabi/6.3.1/../../../../arm-none-eabi/lib/thumb/v6-m\libc_nano.a(lib_a-init.o)
                0x00006144                __libc_init_array
 .text.malloc   0x0000618c       0x14 c:/program files (x86)/atmel/studio/7.0/toolchain/arm/arm-gnu-toolchain/bin/../lib/gcc/arm-none-eabi/6.3.1/../../../../arm-none-eabi/lib/thumb/v6-m\libc_nano.a(lib_a-malloc.o)
                0x0000618c                malloc
 .text.memset   0x000061a0       0x10 c:/program files (x86)/atmel/studio/7.0/toolchain/arm/arm-gnu-toolchain/bin/../lib/gcc/arm-none-eabi/6.3.1/../../../../arm-none-eabi/lib/thumb/v6-m\libc_nano.a(lib_a-memset.o)
                0x000061a0                memset
 .text._free_r  0x000061b0       0x94 c:/program files (x86)/atmel/studio/7.0/toolchain/arm/arm-gnu-toolchain/bin/../lib/gcc/arm-none-eabi/6.3.1/../../../../arm-none-eabi/lib/thumb/v6-m\libc_nano.a(lib_a-nano-freer.o)
                0x000061b0                _free_r
 .text._malloc_r
                0x00006244       0xbc c:/program files (x86)/atmel/studio/7.0/toolchain/arm/arm-gnu-toolchain/bin/../lib/gcc/arm-none-eabi/6.3.1/../../../../arm-none-eabi/lib/thumb/v6-m\libc_nano.a(lib_a-nano-mallocr.o)
                0x00006244                _malloc_r
 .text._sbrk_r  0x00006300       0x24 c:/program files (x86)/atmel/studio/7.0/toolchain/arm/arm-gnu-toolchain/bin/../lib/gcc/arm-none-eabi/6.3.1/../../../../arm-none-eabi/lib/thumb/v6-m\libc_nano.a(lib_a-sbrkr.o)
                0x00006300                _sbrk_r
 .text.sprintf  0x00006324       0x44 c:/program files (x86)/atmel/studio/7.0/toolchain/arm/arm-gnu-toolchain/bin/../lib/gcc/arm-none-eabi/6.3.1/../../../../arm-none-eabi/lib/thumb/v6-m\libc_nano.a(lib_a-sprintf.o)
                0x00006324                siprintf
                0x00006324                sprintf
 .text          0x00006368        0xe c:/program files (x86)/atmel/studio/7.0/toolchain/arm/arm-gnu-toolchain/bin/../lib/gcc/arm-none-eabi/6.3.1/../../../../arm-none-eabi/lib/thumb/v6-m\libc_nano.a(lib_a-strlen.o)
                0x00006368                strlen
 *fill*         0x00006376        0x2 
 .text._strtol_l.isra.0
                0x00006378      0x10c c:/program files (x86)/atmel/studio/7.0/toolchain/arm/arm-gnu-toolchain/bin/../lib/gcc/arm-none-eabi/6.3.1/../../../../arm-none-eabi/lib/thumb/v6-m\libc_nano.a(lib_a-strtol.o)
 .text.strtol   0x00006484       0x28 c:/program files (x86)/atmel/studio/7.0/toolchain/arm/arm-gnu-toolchain/bin/../lib/gcc/arm-none-eabi/6.3.1/../../../../arm-none-eabi/lib/thumb/v6-m\libc_nano.a(lib_a-strtol.o)
                0x00006484                strtol
 .text.__locale_ctype_ptr_l
                0x000064ac        0x6 c:/program files (x86)/atmel/studio/7.0/toolchain/arm/arm-gnu-toolchain/bin/../lib/gcc/arm-none-eabi/6.3.1/../../../../arm-none-eabi/lib/thumb/v6-m\libc_nano.a(lib_a-locale.o)
                0x000064ac                __locale_ctype_ptr_l
 .text.__ascii_mbtowc
                0x000064b2       0x24 c:/program files (x86)/atmel/studio/7.0/toolchain/arm/arm-gnu-toolchain/bin/../lib/gcc/arm-none-eabi/6.3.1/../../../../arm-none-eabi/lib/thumb/v6-m\libc_nano.a(lib_a-mbtowc_r.o)
                0x000064b2                __ascii_mbtowc
 .text.__malloc_lock
                0x000064d6        0x2 c:/program files (x86)/atmel/studio/7.0/toolchain/arm/arm-gnu-toolchain/bin/../lib/gcc/arm-none-eabi/6.3.1/../../../../arm-none-eabi/lib/thumb/v6-m\libc_nano.a(lib_a-mlock.o)
                0x000064d6                __malloc_lock
 .text.__malloc_unlock
                0x000064d8        0x2 c:/program files (x86)/atmel/studio/7.0/toolchain/arm/arm-gnu-toolchain/bin/../lib/gcc/arm-none-eabi/6.3.1/../../../../arm-none-eabi/lib/thumb/v6-m\libc_nano.a(lib_a-mlock.o)
                0x000064d8                __malloc_unlock
 *fill*         0x000064da        0x2 
 .text.__ssputs_r
                0x000064dc       0xc4 c:/program files (x86)/atmel/studio/7.0/toolchain/arm/arm-gnu-toolchain/bin/../lib/gcc/arm-none-eabi/6.3.1/../../../../arm-none-eabi/lib/thumb/v6-m\libc_nano.a(lib_a-nano-svfprintf.o)
                0x000064dc                __ssputs_r
 .text._svfprintf_r
                0x000065a0      0x208 c:/program files (x86)/atmel/studio/7.0/toolchain/arm/arm-gnu-toolchain/bin/../lib/gcc/arm-none-eabi/6.3.1/../../../../arm-none-eabi/lib/thumb/v6-m\libc_nano.a(lib_a-nano-svfprintf.o)
                0x000065a0                _svfiprintf_r
                0x000065a0                _svfprintf_r
 .text._printf_common
                0x000067a8       0xda c:/program files (x86)/atmel/studio/7.0/toolchain/arm/arm-gnu-toolchain/bin/../lib/gcc/arm-none-eabi/6.3.1/../../../../arm-none-eabi/lib/thumb/v6-m\libc_nano.a(lib_a-nano-vfprintf_i.o)
                0x000067a8                _printf_common
 *fill*         0x00006882        0x2 
 .text._printf_i
                0x00006884      0x234 c:/program files (x86)/atmel/studio/7.0/toolchain/arm/arm-gnu-toolchain/bin/../lib/gcc/arm-none-eabi/6.3.1/../../../../arm-none-eabi/lib/thumb/v6-m\libc_nano.a(lib_a-nano-vfprintf_i.o)
                0x00006884                _printf_i
 .text.__ascii_wctomb
                0x00006ab8       0x18 c:/program files (x86)/atmel/studio/7.0/toolchain/arm/arm-gnu-toolchain/bin/../lib/gcc/arm-none-eabi/6.3.1/../../../../arm-none-eabi/lib/thumb/v6-m\libc_nano.a(lib_a-wctomb_r.o)
                0x00006ab8                __ascii_wctomb
 .text.memchr   0x00006ad0       0x16 c:/program files (x86)/atmel/studio/7.0/toolchain/arm/arm-gnu-toolchain/bin/../lib/gcc/arm-none-eabi/6.3.1/../../../../arm-none-eabi/lib/thumb/v6-m\libc_nano.a(lib_a-memchr-stub.o)
                0x00006ad0                memchr
 .text.memcpy   0x00006ae6       0x12 c:/program files (x86)/atmel/studio/7.0/toolchain/arm/arm-gnu-toolchain/bin/../lib/gcc/arm-none-eabi/6.3.1/../../../../arm-none-eabi/lib/thumb/v6-m\libc_nano.a(lib_a-memcpy-stub.o)
                0x00006ae6                memcpy
 .text.memmove  0x00006af8       0x24 c:/program files (x86)/atmel/studio/7.0/toolchain/arm/arm-gnu-toolchain/bin/../lib/gcc/arm-none-eabi/6.3.1/../../../../arm-none-eabi/lib/thumb/v6-m\libc_nano.a(lib_a-memmove.o)
                0x00006af8                memmove
 .text._realloc_r
                0x00006b1c       0x4c c:/program files (x86)/atmel/studio/7.0/toolchain/arm/arm-gnu-toolchain/bin/../lib/gcc/arm-none-eabi/6.3.1/../../../../arm-none-eabi/lib/thumb/v6-m\libc_nano.a(lib_a-nano-reallocr.o)
                0x00006b1c                _realloc_r
 .text._malloc_usable_size_r
                0x00006b68       0x10 c:/program files (x86)/atmel/studio/7.0/toolchain/arm/arm-gnu-toolchain/bin/../lib/gcc/arm-none-eabi/6.3.1/../../../../arm-none-eabi/lib/thumb/v6-m\libc_nano.a(lib_a-nano-msizer.o)
                0x00006b68                _malloc_usable_size_r
 *(.glue_7t)
 .glue_7t       0x00006b78        0x0 linker stubs
 *(.glue_7)
 .glue_7        0x00006b78        0x0 linker stubs
 *(.rodata .rodata* .gnu.linkonce.r.*)
 .rodata.nvm_execute_command
                0x00006b78      0x118 src/ASF/sam0/drivers/nvm/nvm.o
 .rodata.mmc_trans_multipliers
                0x00006c90       0x40 src/ASF/common2/components/memory/sd_mmc/sd_mmc.o
                0x00006c90                mmc_trans_multipliers
 .rodata.sd_mmc_trans_units
                0x00006cd0       0x1c src/ASF/common2/components/memory/sd_mmc/sd_mmc.o
                0x00006cd0                sd_mmc_trans_units
 .rodata.sd_trans_multipliers
                0x00006cec       0x40 src/ASF/common2/components/memory/sd_mmc/sd_mmc.o
                0x00006cec                sd_trans_multipliers
 .rodata        0x00006d2c       0x18 src/ASF/sam0/drivers/sercom/sercom.o
 .rodata.system_clock_source_get_hz
                0x00006d44       0x24 src/ASF/sam0/drivers/system/clock/clock_samd21_r21_da_ha1/clock.o
 .rodata.system_clock_source_enable
                0x00006d68       0x24 src/ASF/sam0/drivers/system/clock/clock_samd21_r21_da_ha1/clock.o
 .rodata.LfnOfs
                0x00006d8c        0xd src/ASF/thirdparty/fatfs/fatfs-r0.09/src/ff.o
 *fill*         0x00006d99        0x3 
 .rodata.excvt.4558
                0x00006d9c       0x80 src/ASF/thirdparty/fatfs/fatfs-r0.09/src/ff.o
 .rodata.follow_path.str1.4
                0x00006e1c       0x13 src/ASF/thirdparty/fatfs/fatfs-r0.09/src/ff.o
 *fill*         0x00006e2f        0x1 
 .rodata.Tbl    0x00006e30      0x100 src/ASF/thirdparty/fatfs/fatfs-r0.09/src/option/ccsbcs.o
 .rodata.tbl_lower.4308
                0x00006f30      0x1e0 src/ASF/thirdparty/fatfs/fatfs-r0.09/src/option/ccsbcs.o
 .rodata.tbl_upper.4309
                0x00007110      0x1e0 src/ASF/thirdparty/fatfs/fatfs-r0.09/src/option/ccsbcs.o
 .rodata.bootloader.str1.4
                0x000072f0      0x1ad src/example.o
 *fill*         0x0000749d        0x3 
 .rodata.main.str1.4
                0x000074a0       0x93 src/example.o
 *fill*         0x00007533        0x1 
 .rodata.setFlashFlag.str1.4
                0x00007534       0x34 src/example.o
                                 0x32 (size before relaxing)
 .rodata._setlocale_r.str1.1
                0x00007568        0x8 c:/program files (x86)/atmel/studio/7.0/toolchain/arm/arm-gnu-toolchain/bin/../lib/gcc/arm-none-eabi/6.3.1/../../../../arm-none-eabi/lib/thumb/v6-m\libc_nano.a(lib_a-locale.o)
                                  0x9 (size before relaxing)
 .rodata.str1.1
                0x00007570        0x2 c:/program files (x86)/atmel/studio/7.0/toolchain/arm/arm-gnu-toolchain/bin/../lib/gcc/arm-none-eabi/6.3.1/../../../../arm-none-eabi/lib/thumb/v6-m\libc_nano.a(lib_a-locale.o)
 .rodata._svfprintf_r.str1.1
                0x00007572       0x11 c:/program files (x86)/atmel/studio/7.0/toolchain/arm/arm-gnu-toolchain/bin/../lib/gcc/arm-none-eabi/6.3.1/../../../../arm-none-eabi/lib/thumb/v6-m\libc_nano.a(lib_a-nano-svfprintf.o)
 .rodata._printf_i.str1.1
                0x00007583       0x22 c:/program files (x86)/atmel/studio/7.0/toolchain/arm/arm-gnu-toolchain/bin/../lib/gcc/arm-none-eabi/6.3.1/../../../../arm-none-eabi/lib/thumb/v6-m\libc_nano.a(lib_a-nano-vfprintf_i.o)
 .rodata._ctype_
                0x000075a5      0x101 c:/program files (x86)/atmel/studio/7.0/toolchain/arm/arm-gnu-toolchain/bin/../lib/gcc/arm-none-eabi/6.3.1/../../../../arm-none-eabi/lib/thumb/v6-m\libc_nano.a(lib_a-ctype_.o)
                0x000075a5                _ctype_
 *(.ARM.extab* .gnu.linkonce.armextab.*)
                0x000076a8                . = ALIGN (0x4)
 *fill*         0x000076a6        0x2 
 *(.init)
 .init          0x000076a8        0x4 c:/program files (x86)/atmel/studio/7.0/toolchain/arm/arm-gnu-toolchain/bin/../lib/gcc/arm-none-eabi/6.3.1/thumb/v6-m/crti.o
                0x000076a8                _init
 .init          0x000076ac        0x8 c:/program files (x86)/atmel/studio/7.0/toolchain/arm/arm-gnu-toolchain/bin/../lib/gcc/arm-none-eabi/6.3.1/thumb/v6-m/crtn.o
                0x000076b4                . = ALIGN (0x4)
                0x000076b4                __preinit_array_start = .
 *(.preinit_array)
                0x000076b4                __preinit_array_end = .
                0x000076b4                . = ALIGN (0x4)
                0x000076b4                __init_array_start = .
 *(SORT(.init_array.*))
 *(.init_array)
 .init_array    0x000076b4        0x4 c:/program files (x86)/atmel/studio/7.0/toolchain/arm/arm-gnu-toolchain/bin/../lib/gcc/arm-none-eabi/6.3.1/thumb/v6-m/crtbegin.o
                0x000076b8                __init_array_end = .
                0x000076b8                . = ALIGN (0x4)
 *crtbegin.o(.ctors)
 *(EXCLUDE_FILE(*crtend.o) .ctors)
 *(SORT(.ctors.*))
 *crtend.o(.ctors)
                0x000076b8                . = ALIGN (0x4)
 *(.fini)
 .fini          0x000076b8        0x4 c:/program files (x86)/atmel/studio/7.0/toolchain/arm/arm-gnu-toolchain/bin/../lib/gcc/arm-none-eabi/6.3.1/thumb/v6-m/crti.o
                0x000076b8                _fini
 .fini          0x000076bc        0x8 c:/program files (x86)/atmel/studio/7.0/toolchain/arm/arm-gnu-toolchain/bin/../lib/gcc/arm-none-eabi/6.3.1/thumb/v6-m/crtn.o
                0x000076c4                . = ALIGN (0x4)
                0x000076c4                __fini_array_start = .
 *(.fini_array)
 .fini_array    0x000076c4        0x4 c:/program files (x86)/atmel/studio/7.0/toolchain/arm/arm-gnu-toolchain/bin/../lib/gcc/arm-none-eabi/6.3.1/thumb/v6-m/crtbegin.o
 *(SORT(.fini_array.*))
                0x000076c8                __fini_array_end = .
 *crtbegin.o(.dtors)
 *(EXCLUDE_FILE(*crtend.o) .dtors)
 *(SORT(.dtors.*))
 *crtend.o(.dtors)
                0x000076c8                . = ALIGN (0x4)
                0x000076c8                _efixed = .
                [!provide]                PROVIDE (__exidx_start, .)

.vfp11_veneer   0x000076c8        0x0
 .vfp11_veneer  0x000076c8        0x0 linker stubs

.v4_bx          0x000076c8        0x0
 .v4_bx         0x000076c8        0x0 linker stubs

.iplt           0x000076c8        0x0
 .iplt          0x000076c8        0x0 c:/program files (x86)/atmel/studio/7.0/toolchain/arm/arm-gnu-toolchain/bin/../lib/gcc/arm-none-eabi/6.3.1/thumb/v6-m/crtbegin.o

.ARM.exidx      0x000076c8        0x8
 *(.ARM.exidx* .gnu.linkonce.armexidx.*)
 .ARM.exidx     0x000076c8        0x8 c:/program files (x86)/atmel/studio/7.0/toolchain/arm/arm-gnu-toolchain/bin/../lib/gcc/arm-none-eabi/6.3.1/thumb/v6-m\libgcc.a(_udivmoddi4.o)
                [!provide]                PROVIDE (__exidx_end, .)

.eh_frame       0x000076d0        0x0
 .eh_frame      0x000076d0        0x0 c:/program files (x86)/atmel/studio/7.0/toolchain/arm/arm-gnu-toolchain/bin/../lib/gcc/arm-none-eabi/6.3.1/thumb/v6-m/crtbegin.o

.rel.dyn        0x000076d0        0x0
 .rel.iplt      0x000076d0        0x0 c:/program files (x86)/atmel/studio/7.0/toolchain/arm/arm-gnu-toolchain/bin/../lib/gcc/arm-none-eabi/6.3.1/thumb/v6-m/crtbegin.o

.jcr            0x000076d0        0x0
 .jcr           0x000076d0        0x0 c:/program files (x86)/atmel/studio/7.0/toolchain/arm/arm-gnu-toolchain/bin/../lib/gcc/arm-none-eabi/6.3.1/thumb/v6-m/crtbegin.o

.igot.plt       0x000076d0        0x0
 .igot.plt      0x000076d0        0x0 c:/program files (x86)/atmel/studio/7.0/toolchain/arm/arm-gnu-toolchain/bin/../lib/gcc/arm-none-eabi/6.3.1/thumb/v6-m/crtbegin.o
                0x000076d0                . = ALIGN (0x4)
                0x000076d0                _etext = .

.relocate       0x20000000      0x204 load address 0x000076d0
                0x20000000                . = ALIGN (0x4)
                0x20000000                _srelocate = .
 *(.ramfunc .ramfunc.*)
 .ramfunc       0x20000000        0xc src/ASF/common2/services/delay/sam0/cycle_counter.o
                0x20000000                portable_delay_cycles
 *(.data .data.*)
 .data.ss_pins  0x2000000c        0x1 src/ASF/common2/components/memory/sd_mmc/sd_mmc_spi.o
                0x2000000c                ss_pins
 .data.g_interrupt_enabled
                0x2000000d        0x1 src/ASF/common/utils/interrupt/interrupt_sam_nvic.o
                0x2000000d                g_interrupt_enabled
 *fill*         0x2000000e        0x2 
 .data.versionNVM_file
                0x20000010       0x11 src/example.o
                0x20000010                versionNVM_file
 *fill*         0x20000021        0x3 
 .data.version_file
                0x20000024        0xe src/example.o
                0x20000024                version_file
 *fill*         0x20000032        0x2 
 .data._impure_ptr
                0x20000034        0x4 c:/program files (x86)/atmel/studio/7.0/toolchain/arm/arm-gnu-toolchain/bin/../lib/gcc/arm-none-eabi/6.3.1/../../../../arm-none-eabi/lib/thumb/v6-m\libc_nano.a(lib_a-impure.o)
                0x20000034                _impure_ptr
 .data.impure_data
                0x20000038       0x60 c:/program files (x86)/atmel/studio/7.0/toolchain/arm/arm-gnu-toolchain/bin/../lib/gcc/arm-none-eabi/6.3.1/../../../../arm-none-eabi/lib/thumb/v6-m\libc_nano.a(lib_a-impure.o)
 .data.__global_locale
                0x20000098      0x16c c:/program files (x86)/atmel/studio/7.0/toolchain/arm/arm-gnu-toolchain/bin/../lib/gcc/arm-none-eabi/6.3.1/../../../../arm-none-eabi/lib/thumb/v6-m\libc_nano.a(lib_a-locale.o)
                0x20000098                __global_locale
                0x20000204                . = ALIGN (0x4)
                0x20000204                _erelocate = .

.bss            0x20000204      0xca8 load address 0x000078d4
                0x20000204                . = ALIGN (0x4)
                0x20000204                _sbss = .
                0x20000204                _szero = .
 *(.bss .bss.*)
 .bss           0x20000204       0x1c c:/program files (x86)/atmel/studio/7.0/toolchain/arm/arm-gnu-toolchain/bin/../lib/gcc/arm-none-eabi/6.3.1/thumb/v6-m/crtbegin.o
 .bss._nvm_dev  0x20000220        0x6 src/ASF/sam0/drivers/nvm/nvm.o
 *fill*         0x20000226        0x2 
 .bss.sd_mmc_card
                0x20000228        0x4 src/ASF/common2/components/memory/sd_mmc/sd_mmc.o
 .bss.sd_mmc_cards
                0x2000022c       0x20 src/ASF/common2/components/memory/sd_mmc/sd_mmc.o
 .bss.sd_mmc_nb_block_remaining
                0x2000024c        0x2 src/ASF/common2/components/memory/sd_mmc/sd_mmc.o
 .bss.sd_mmc_nb_block_to_tranfer
                0x2000024e        0x2 src/ASF/common2/components/memory/sd_mmc/sd_mmc.o
 .bss.sd_mmc_slot_sel
                0x20000250        0x1 src/ASF/common2/components/memory/sd_mmc/sd_mmc.o
 *fill*         0x20000251        0x3 
 .bss.sd_mmc_ejected
                0x20000254        0x2 src/ASF/common2/components/memory/sd_mmc/sd_mmc_mem.o
 *fill*         0x20000256        0x2 
 .bss.sd_mmc_master
                0x20000258       0x3c src/ASF/common2/components/memory/sd_mmc/sd_mmc_spi.o
 .bss.sd_mmc_spi_block_size
                0x20000294        0x2 src/ASF/common2/components/memory/sd_mmc/sd_mmc_spi.o
 *fill*         0x20000296        0x2 
 .bss.sd_mmc_spi_devices
                0x20000298        0x3 src/ASF/common2/components/memory/sd_mmc/sd_mmc_spi.o
 .bss.sd_mmc_spi_err
                0x2000029b        0x1 src/ASF/common2/components/memory/sd_mmc/sd_mmc_spi.o
 .bss.sd_mmc_spi_nb_block
                0x2000029c        0x2 src/ASF/common2/components/memory/sd_mmc/sd_mmc_spi.o
 *fill*         0x2000029e        0x2 
 .bss.sd_mmc_spi_response_32
                0x200002a0        0x4 src/ASF/common2/components/memory/sd_mmc/sd_mmc_spi.o
 .bss.sd_mmc_spi_transfert_pos
                0x200002a4        0x4 src/ASF/common2/components/memory/sd_mmc/sd_mmc_spi.o
 .bss.slave_configs
                0x200002a8        0x3 src/ASF/common2/components/memory/sd_mmc/sd_mmc_spi.o
 *fill*         0x200002ab        0x1 
 .bss.cpu_irq_critical_section_counter
                0x200002ac        0x4 src/ASF/common/utils/interrupt/interrupt_sam_nvic.o
 .bss.cpu_irq_prev_interrupt_state
                0x200002b0        0x1 src/ASF/common/utils/interrupt/interrupt_sam_nvic.o
 *fill*         0x200002b1        0x3 
 .bss._sercom_config
                0x200002b4        0x2 src/ASF/sam0/drivers/sercom/sercom.o
 .bss._handler_table_initialized
                0x200002b6        0x1 src/ASF/sam0/drivers/sercom/sercom_interrupt.o
 *fill*         0x200002b7        0x1 
 .bss._sercom_interrupt_handlers
                0x200002b8       0x18 src/ASF/sam0/drivers/sercom/sercom_interrupt.o
 .bss._system_clock_inst
                0x200002d0       0x18 src/ASF/sam0/drivers/system/clock/clock_samd21_r21_da_ha1/clock.o
 .bss.heap.5296
                0x200002e8        0x4 src/ASF/sam0/utils/syscalls/gcc/syscalls.o
 .bss.FatFs     0x200002ec       0x20 src/ASF/thirdparty/fatfs/fatfs-r0.09/src/ff.o
 .bss.Fsid      0x2000030c        0x2 src/ASF/thirdparty/fatfs/fatfs-r0.09/src/ff.o
 *fill*         0x2000030e        0x2 
 .bss.eraseCounter
                0x20000310        0x4 src/example.o
                0x20000310                eraseCounter
 .bss.max_erased_row
                0x20000314        0x4 src/example.o
                0x20000314                max_erased_row
 .bss.max_read_row
                0x20000318        0x4 src/example.o
                0x20000318                max_read_row
 .bss.num_bytes_read
                0x2000031c        0x4 src/example.o
                0x2000031c                num_bytes_read
 .bss.remainingFileToBeRead
                0x20000320        0x2 src/example.o
                0x20000320                remainingFileToBeRead
 *fill*         0x20000322        0x2 
 .bss.__malloc_free_list
                0x20000324        0x4 c:/program files (x86)/atmel/studio/7.0/toolchain/arm/arm-gnu-toolchain/bin/../lib/gcc/arm-none-eabi/6.3.1/../../../../arm-none-eabi/lib/thumb/v6-m\libc_nano.a(lib_a-nano-mallocr.o)
                0x20000324                __malloc_free_list
 .bss.__malloc_sbrk_start
                0x20000328        0x4 c:/program files (x86)/atmel/studio/7.0/toolchain/arm/arm-gnu-toolchain/bin/../lib/gcc/arm-none-eabi/6.3.1/../../../../arm-none-eabi/lib/thumb/v6-m\libc_nano.a(lib_a-nano-mallocr.o)
                0x20000328                __malloc_sbrk_start
 *(COMMON)
 COMMON         0x2000032c      0x844 src/SerialConsole/SerialConsole.o
                0x2000032c                usart_instance
                0x20000360                cbufRx
                0x20000364                latestRx
                0x20000368                txCharacterBuffer
                0x20000768                rxCharacterBuffer
                0x20000b68                latestTx
                0x20000b6c                cbufTx
 COMMON         0x20000b70        0x4 src/ASF/sam0/drivers/rtc/rtc_sam_d_r_h/rtc_calendar.o
                0x20000b70                _rtc_instance
 COMMON         0x20000b74       0x18 src/ASF/sam0/drivers/sercom/sercom_interrupt.o
                0x20000b74                _sercom_instances
 COMMON         0x20000b8c        0x2 src/ASF/sam0/drivers/sercom/spi/spi_interrupt.o
                0x20000b8c                dummy_write
 *fill*         0x20000b8e        0x2 
 COMMON         0x20000b90        0x8 src/ASF/thirdparty/fatfs/fatfs-port-r0.09/diskio.o
                0x20000b90                rtc_instance
 COMMON         0x20000b98      0x30d src/example.o
                0x20000b98                out2
                0x20000ba2                res2
                0x20000ba4                fno
                0x20000bc4                fs
                0x20000df4                num_bytes_read2
                0x20000df8                file_object
                0x20000e1c                fileSize
                0x20000e20                cdc_uart_module
                0x20000e54                loops
                0x20000e58                readResult
                0x20000e5c                outError
                0x20000e70                firmwareVersionBuffer
                0x20000e74                outTest
                0x20000e7e                fr
                0x20000e7f                result
                0x20000e80                out3
                0x20000e8c                readFirmwareVersion
                0x20000e90                res
                0x20000e91                error_code
                0x20000e94                out1
                0x20000ea0                fileSizeVer
                0x20000ea4                status
 *fill*         0x20000ea5        0x3 
 COMMON         0x20000ea8        0x4 c:/program files (x86)/atmel/studio/7.0/toolchain/arm/arm-gnu-toolchain/bin/../lib/gcc/arm-none-eabi/6.3.1/../../../../arm-none-eabi/lib/thumb/v6-m\libc_nano.a(lib_a-reent.o)
                0x20000ea8                errno
                0x20000eac                . = ALIGN (0x4)
                0x20000eac                _ebss = .
                0x20000eac                _ezero = .

.stack          0x20000eac     0x2004 load address 0x0000857c
                0x20000eb0                . = ALIGN (0x8)
 *fill*         0x20000eac        0x4 
                0x20000eb0                _sstack = .
                0x20002eb0                . = (. + STACK_SIZE)
 *fill*         0x20000eb0     0x2000 
                0x20002eb0                . = ALIGN (0x8)
                0x20002eb0                _estack = .
                0x20002eb0                . = ALIGN (0x4)
                0x20002eb0                _end = .
OUTPUT(SD_MMC_bootloader_EXAMPLE_ESE516.elf elf32-littlearm)

.ARM.attributes
                0x00000000       0x28
 .ARM.attributes
                0x00000000       0x1e c:/program files (x86)/atmel/studio/7.0/toolchain/arm/arm-gnu-toolchain/bin/../lib/gcc/arm-none-eabi/6.3.1/thumb/v6-m/crti.o
 .ARM.attributes
                0x0000001e       0x2c c:/program files (x86)/atmel/studio/7.0/toolchain/arm/arm-gnu-toolchain/bin/../lib/gcc/arm-none-eabi/6.3.1/thumb/v6-m/crtbegin.o
 .ARM.attributes
                0x0000004a       0x32 src/ASF/sam0/boards/board_init.o
 .ARM.attributes
                0x0000007c       0x32 src/ASF/sam0/drivers/dsu/crc32/crc32.o
 .ARM.attributes
                0x000000ae       0x32 src/ASF/sam0/drivers/nvm/nvm.o
 .ARM.attributes
                0x000000e0       0x32 src/ASF/sam0/drivers/pac/pac_sam_d_r_h/pac.o
 .ARM.attributes
                0x00000112       0x32 src/SerialConsole/circular_buffer.o
 .ARM.attributes
                0x00000144       0x32 src/SerialConsole/SerialConsole.o
 .ARM.attributes
                0x00000176       0x32 src/ASF/common2/components/memory/sd_mmc/sd_mmc.o
 .ARM.attributes
                0x000001a8       0x32 src/ASF/common2/components/memory/sd_mmc/sd_mmc_mem.o
 .ARM.attributes
                0x000001da       0x32 src/ASF/common2/components/memory/sd_mmc/sd_mmc_spi.o
 .ARM.attributes
                0x0000020c       0x32 src/ASF/common2/services/delay/sam0/cycle_counter.o
 .ARM.attributes
                0x0000023e       0x32 src/ASF/common/services/storage/ctrl_access/ctrl_access.o
 .ARM.attributes
                0x00000270       0x32 src/ASF/common/utils/interrupt/interrupt_sam_nvic.o
 .ARM.attributes
                0x000002a2       0x32 src/ASF/sam0/drivers/port/port.o
 .ARM.attributes
                0x000002d4       0x32 src/ASF/sam0/drivers/rtc/rtc_sam_d_r_h/rtc_calendar.o
 .ARM.attributes
                0x00000306       0x32 src/ASF/sam0/drivers/sercom/sercom.o
 .ARM.attributes
                0x00000338       0x32 src/ASF/sam0/drivers/sercom/sercom_interrupt.o
 .ARM.attributes
                0x0000036a       0x32 src/ASF/sam0/drivers/sercom/spi/spi.o
 .ARM.attributes
                0x0000039c       0x32 src/ASF/sam0/drivers/sercom/spi/spi_interrupt.o
 .ARM.attributes
                0x000003ce       0x32 src/ASF/sam0/drivers/sercom/usart/usart.o
 .ARM.attributes
                0x00000400       0x32 src/ASF/sam0/drivers/sercom/usart/usart_interrupt.o
 .ARM.attributes
                0x00000432       0x32 src/ASF/sam0/drivers/system/clock/clock_samd21_r21_da_ha1/clock.o
 .ARM.attributes
                0x00000464       0x32 src/ASF/sam0/drivers/system/clock/clock_samd21_r21_da_ha1/gclk.o
 .ARM.attributes
                0x00000496       0x32 src/ASF/sam0/drivers/system/pinmux/pinmux.o
 .ARM.attributes
                0x000004c8       0x32 src/ASF/sam0/drivers/system/system.o
 .ARM.attributes
                0x000004fa       0x32 src/ASF/sam0/utils/cmsis/samd21/source/gcc/startup_samd21.o
 .ARM.attributes
                0x0000052c       0x32 src/ASF/sam0/utils/syscalls/gcc/syscalls.o
 .ARM.attributes
                0x0000055e       0x32 src/ASF/thirdparty/fatfs/fatfs-port-r0.09/diskio.o
 .ARM.attributes
                0x00000590       0x32 src/ASF/thirdparty/fatfs/fatfs-port-r0.09/sam0/fattime_rtc.o
 .ARM.attributes
                0x000005c2       0x32 src/ASF/thirdparty/fatfs/fatfs-r0.09/src/ff.o
 .ARM.attributes
                0x000005f4       0x32 src/ASF/thirdparty/fatfs/fatfs-r0.09/src/option/ccsbcs.o
 .ARM.attributes
                0x00000626       0x32 src/example.o
 .ARM.attributes
                0x00000658       0x1e c:/program files (x86)/atmel/studio/7.0/toolchain/arm/arm-gnu-toolchain/bin/../lib/gcc/arm-none-eabi/6.3.1/thumb/v6-m\libgcc.a(_udivsi3.o)
 .ARM.attributes
                0x00000676       0x1e c:/program files (x86)/atmel/studio/7.0/toolchain/arm/arm-gnu-toolchain/bin/../lib/gcc/arm-none-eabi/6.3.1/thumb/v6-m\libgcc.a(_divsi3.o)
 .ARM.attributes
                0x00000694       0x1e c:/program files (x86)/atmel/studio/7.0/toolchain/arm/arm-gnu-toolchain/bin/../lib/gcc/arm-none-eabi/6.3.1/thumb/v6-m\libgcc.a(_dvmd_tls.o)
 .ARM.attributes
                0x000006b2       0x1e c:/program files (x86)/atmel/studio/7.0/toolchain/arm/arm-gnu-toolchain/bin/../lib/gcc/arm-none-eabi/6.3.1/thumb/v6-m\libgcc.a(_aeabi_uldivmod.o)
 .ARM.attributes
                0x000006d0       0x2c c:/program files (x86)/atmel/studio/7.0/toolchain/arm/arm-gnu-toolchain/bin/../lib/gcc/arm-none-eabi/6.3.1/thumb/v6-m\libgcc.a(_muldi3.o)
 .ARM.attributes
                0x000006fc       0x2c c:/program files (x86)/atmel/studio/7.0/toolchain/arm/arm-gnu-toolchain/bin/../lib/gcc/arm-none-eabi/6.3.1/thumb/v6-m\libgcc.a(_udivmoddi4.o)
 .ARM.attributes
                0x00000728       0x1e c:/program files (x86)/atmel/studio/7.0/toolchain/arm/arm-gnu-toolchain/bin/../lib/gcc/arm-none-eabi/6.3.1/thumb/v6-m\libgcc.a(_clzdi2.o)
 .ARM.attributes
                0x00000746       0x1e c:/program files (x86)/atmel/studio/7.0/toolchain/arm/arm-gnu-toolchain/bin/../lib/gcc/arm-none-eabi/6.3.1/thumb/v6-m\libgcc.a(_clzsi2.o)
 .ARM.attributes
                0x00000764       0x2c c:/program files (x86)/atmel/studio/7.0/toolchain/arm/arm-gnu-toolchain/bin/../lib/gcc/arm-none-eabi/6.3.1/../../../../arm-none-eabi/lib/thumb/v6-m\libc_nano.a(lib_a-atoi.o)
 .ARM.attributes
                0x00000790       0x2c c:/program files (x86)/atmel/studio/7.0/toolchain/arm/arm-gnu-toolchain/bin/../lib/gcc/arm-none-eabi/6.3.1/../../../../arm-none-eabi/lib/thumb/v6-m\libc_nano.a(lib_a-impure.o)
 .ARM.attributes
                0x000007bc       0x2c c:/program files (x86)/atmel/studio/7.0/toolchain/arm/arm-gnu-toolchain/bin/../lib/gcc/arm-none-eabi/6.3.1/../../../../arm-none-eabi/lib/thumb/v6-m\libc_nano.a(lib_a-init.o)
 .ARM.attributes
                0x000007e8       0x2c c:/program files (x86)/atmel/studio/7.0/toolchain/arm/arm-gnu-toolchain/bin/../lib/gcc/arm-none-eabi/6.3.1/../../../../arm-none-eabi/lib/thumb/v6-m\libc_nano.a(lib_a-malloc.o)
 .ARM.attributes
                0x00000814       0x2c c:/program files (x86)/atmel/studio/7.0/toolchain/arm/arm-gnu-toolchain/bin/../lib/gcc/arm-none-eabi/6.3.1/../../../../arm-none-eabi/lib/thumb/v6-m\libc_nano.a(lib_a-memset.o)
 .ARM.attributes
                0x00000840       0x2c c:/program files (x86)/atmel/studio/7.0/toolchain/arm/arm-gnu-toolchain/bin/../lib/gcc/arm-none-eabi/6.3.1/../../../../arm-none-eabi/lib/thumb/v6-m\libc_nano.a(lib_a-nano-freer.o)
 .ARM.attributes
                0x0000086c       0x2c c:/program files (x86)/atmel/studio/7.0/toolchain/arm/arm-gnu-toolchain/bin/../lib/gcc/arm-none-eabi/6.3.1/../../../../arm-none-eabi/lib/thumb/v6-m\libc_nano.a(lib_a-nano-mallocr.o)
 .ARM.attributes
                0x00000898       0x2c c:/program files (x86)/atmel/studio/7.0/toolchain/arm/arm-gnu-toolchain/bin/../lib/gcc/arm-none-eabi/6.3.1/../../../../arm-none-eabi/lib/thumb/v6-m\libc_nano.a(lib_a-sbrkr.o)
 .ARM.attributes
                0x000008c4       0x2c c:/program files (x86)/atmel/studio/7.0/toolchain/arm/arm-gnu-toolchain/bin/../lib/gcc/arm-none-eabi/6.3.1/../../../../arm-none-eabi/lib/thumb/v6-m\libc_nano.a(lib_a-sprintf.o)
 .ARM.attributes
                0x000008f0       0x1c c:/program files (x86)/atmel/studio/7.0/toolchain/arm/arm-gnu-toolchain/bin/../lib/gcc/arm-none-eabi/6.3.1/../../../../arm-none-eabi/lib/thumb/v6-m\libc_nano.a(lib_a-strlen.o)
 .ARM.attributes
                0x0000090c       0x2c c:/program files (x86)/atmel/studio/7.0/toolchain/arm/arm-gnu-toolchain/bin/../lib/gcc/arm-none-eabi/6.3.1/../../../../arm-none-eabi/lib/thumb/v6-m\libc_nano.a(lib_a-strtol.o)
 .ARM.attributes
                0x00000938       0x2c c:/program files (x86)/atmel/studio/7.0/toolchain/arm/arm-gnu-toolchain/bin/../lib/gcc/arm-none-eabi/6.3.1/../../../../arm-none-eabi/lib/thumb/v6-m\libc_nano.a(lib_a-locale.o)
 .ARM.attributes
                0x00000964       0x2c c:/program files (x86)/atmel/studio/7.0/toolchain/arm/arm-gnu-toolchain/bin/../lib/gcc/arm-none-eabi/6.3.1/../../../../arm-none-eabi/lib/thumb/v6-m\libc_nano.a(lib_a-mbtowc_r.o)
 .ARM.attributes
                0x00000990       0x2c c:/program files (x86)/atmel/studio/7.0/toolchain/arm/arm-gnu-toolchain/bin/../lib/gcc/arm-none-eabi/6.3.1/../../../../arm-none-eabi/lib/thumb/v6-m\libc_nano.a(lib_a-mlock.o)
 .ARM.attributes
                0x000009bc       0x2c c:/program files (x86)/atmel/studio/7.0/toolchain/arm/arm-gnu-toolchain/bin/../lib/gcc/arm-none-eabi/6.3.1/../../../../arm-none-eabi/lib/thumb/v6-m\libc_nano.a(lib_a-nano-svfprintf.o)
 .ARM.attributes
                0x000009e8       0x2c c:/program files (x86)/atmel/studio/7.0/toolchain/arm/arm-gnu-toolchain/bin/../lib/gcc/arm-none-eabi/6.3.1/../../../../arm-none-eabi/lib/thumb/v6-m\libc_nano.a(lib_a-nano-vfprintf_i.o)
 .ARM.attributes
                0x00000a14       0x2c c:/program files (x86)/atmel/studio/7.0/toolchain/arm/arm-gnu-toolchain/bin/../lib/gcc/arm-none-eabi/6.3.1/../../../../arm-none-eabi/lib/thumb/v6-m\libc_nano.a(lib_a-reent.o)
 .ARM.attributes
                0x00000a40       0x2c c:/program files (x86)/atmel/studio/7.0/toolchain/arm/arm-gnu-toolchain/bin/../lib/gcc/arm-none-eabi/6.3.1/../../../../arm-none-eabi/lib/thumb/v6-m\libc_nano.a(lib_a-wctomb_r.o)
 .ARM.attributes
                0x00000a6c       0x2c c:/program files (x86)/atmel/studio/7.0/toolchain/arm/arm-gnu-toolchain/bin/../lib/gcc/arm-none-eabi/6.3.1/../../../../arm-none-eabi/lib/thumb/v6-m\libc_nano.a(lib_a-ctype_.o)
 .ARM.attributes
                0x00000a98       0x2c c:/program files (x86)/atmel/studio/7.0/toolchain/arm/arm-gnu-toolchain/bin/../lib/gcc/arm-none-eabi/6.3.1/../../../../arm-none-eabi/lib/thumb/v6-m\libc_nano.a(lib_a-memchr-stub.o)
 .ARM.attributes
                0x00000ac4       0x2c c:/program files (x86)/atmel/studio/7.0/toolchain/arm/arm-gnu-toolchain/bin/../lib/gcc/arm-none-eabi/6.3.1/../../../../arm-none-eabi/lib/thumb/v6-m\libc_nano.a(lib_a-memcpy-stub.o)
 .ARM.attributes
                0x00000af0       0x2c c:/program files (x86)/atmel/studio/7.0/toolchain/arm/arm-gnu-toolchain/bin/../lib/gcc/arm-none-eabi/6.3.1/../../../../arm-none-eabi/lib/thumb/v6-m\libc_nano.a(lib_a-memmove.o)
 .ARM.attributes
                0x00000b1c       0x2c c:/program files (x86)/atmel/studio/7.0/toolchain/arm/arm-gnu-toolchain/bin/../lib/gcc/arm-none-eabi/6.3.1/../../../../arm-none-eabi/lib/thumb/v6-m\libc_nano.a(lib_a-nano-reallocr.o)
 .ARM.attributes
                0x00000b48       0x2c c:/program files (x86)/atmel/studio/7.0/toolchain/arm/arm-gnu-toolchain/bin/../lib/gcc/arm-none-eabi/6.3.1/../../../../arm-none-eabi/lib/thumb/v6-m\libc_nano.a(lib_a-nano-msizer.o)
 .ARM.attributes
                0x00000b74       0x1e c:/program files (x86)/atmel/studio/7.0/toolchain/arm/arm-gnu-toolchain/bin/../lib/gcc/arm-none-eabi/6.3.1/thumb/v6-m/crtn.o

.comment        0x00000000       0x59
 .comment       0x00000000       0x59 src/ASF/sam0/boards/board_init.o
                                 0x5a (size before relaxing)
 .comment       0x00000059       0x5a src/ASF/sam0/drivers/dsu/crc32/crc32.o
 .comment       0x00000059       0x5a src/ASF/sam0/drivers/nvm/nvm.o
 .comment       0x00000059       0x5a src/ASF/sam0/drivers/pac/pac_sam_d_r_h/pac.o
 .comment       0x00000059       0x5a src/SerialConsole/circular_buffer.o
 .comment       0x00000059       0x5a src/SerialConsole/SerialConsole.o
 .comment       0x00000059       0x5a src/ASF/common2/components/memory/sd_mmc/sd_mmc.o
 .comment       0x00000059       0x5a src/ASF/common2/components/memory/sd_mmc/sd_mmc_mem.o
 .comment       0x00000059       0x5a src/ASF/common2/components/memory/sd_mmc/sd_mmc_spi.o
 .comment       0x00000059       0x5a src/ASF/common2/services/delay/sam0/cycle_counter.o
 .comment       0x00000059       0x5a src/ASF/common/services/storage/ctrl_access/ctrl_access.o
 .comment       0x00000059       0x5a src/ASF/common/utils/interrupt/interrupt_sam_nvic.o
 .comment       0x00000059       0x5a src/ASF/sam0/drivers/port/port.o
 .comment       0x00000059       0x5a src/ASF/sam0/drivers/rtc/rtc_sam_d_r_h/rtc_calendar.o
 .comment       0x00000059       0x5a src/ASF/sam0/drivers/sercom/sercom.o
 .comment       0x00000059       0x5a src/ASF/sam0/drivers/sercom/sercom_interrupt.o
 .comment       0x00000059       0x5a src/ASF/sam0/drivers/sercom/spi/spi.o
 .comment       0x00000059       0x5a src/ASF/sam0/drivers/sercom/spi/spi_interrupt.o
 .comment       0x00000059       0x5a src/ASF/sam0/drivers/sercom/usart/usart.o
 .comment       0x00000059       0x5a src/ASF/sam0/drivers/sercom/usart/usart_interrupt.o
 .comment       0x00000059       0x5a src/ASF/sam0/drivers/system/clock/clock_samd21_r21_da_ha1/clock.o
 .comment       0x00000059       0x5a src/ASF/sam0/drivers/system/clock/clock_samd21_r21_da_ha1/gclk.o
 .comment       0x00000059       0x5a src/ASF/sam0/drivers/system/pinmux/pinmux.o
 .comment       0x00000059       0x5a src/ASF/sam0/drivers/system/system.o
 .comment       0x00000059       0x5a src/ASF/sam0/utils/cmsis/samd21/source/gcc/startup_samd21.o
 .comment       0x00000059       0x5a src/ASF/sam0/utils/syscalls/gcc/syscalls.o
 .comment       0x00000059       0x5a src/ASF/thirdparty/fatfs/fatfs-port-r0.09/diskio.o
 .comment       0x00000059       0x5a src/ASF/thirdparty/fatfs/fatfs-port-r0.09/sam0/fattime_rtc.o
 .comment       0x00000059       0x5a src/ASF/thirdparty/fatfs/fatfs-r0.09/src/ff.o
 .comment       0x00000059       0x5a src/ASF/thirdparty/fatfs/fatfs-r0.09/src/option/ccsbcs.o
 .comment       0x00000059       0x5a src/example.o

.debug_info     0x00000000    0x47de0
 .debug_info    0x00000000     0x12ad src/ASF/sam0/boards/board_init.o
 .debug_info    0x000012ad     0x16b7 src/ASF/sam0/drivers/dsu/crc32/crc32.o
 .debug_info    0x00002964     0x2622 src/ASF/sam0/drivers/nvm/nvm.o
 .debug_info    0x00004f86     0x1612 src/ASF/sam0/drivers/pac/pac_sam_d_r_h/pac.o
 .debug_info    0x00006598      0xd6e src/SerialConsole/circular_buffer.o
 .debug_info    0x00007306     0x395b src/SerialConsole/SerialConsole.o
 .debug_info    0x0000ac61     0x1eac src/ASF/common2/components/memory/sd_mmc/sd_mmc.o
 .debug_info    0x0000cb0d     0x1180 src/ASF/common2/components/memory/sd_mmc/sd_mmc_mem.o
 .debug_info    0x0000dc8d     0x47f9 src/ASF/common2/components/memory/sd_mmc/sd_mmc_spi.o
 .debug_info    0x00012486      0xa64 src/ASF/common2/services/delay/sam0/cycle_counter.o
 .debug_info    0x00012eea      0xf2a src/ASF/common/services/storage/ctrl_access/ctrl_access.o
 .debug_info    0x00013e14      0xb07 src/ASF/common/utils/interrupt/interrupt_sam_nvic.o
 .debug_info    0x0001491b     0x12b6 src/ASF/sam0/drivers/port/port.o
 .debug_info    0x00015bd1     0x3335 src/ASF/sam0/drivers/rtc/rtc_sam_d_r_h/rtc_calendar.o
 .debug_info    0x00018f06     0x2dd3 src/ASF/sam0/drivers/sercom/sercom.o
 .debug_info    0x0001bcd9     0x2bcf src/ASF/sam0/drivers/sercom/sercom_interrupt.o
 .debug_info    0x0001e8a8     0x5ee5 src/ASF/sam0/drivers/sercom/spi/spi.o
 .debug_info    0x0002478d     0x31a3 src/ASF/sam0/drivers/sercom/spi/spi_interrupt.o
 .debug_info    0x00027930     0x4ab0 src/ASF/sam0/drivers/sercom/usart/usart.o
 .debug_info    0x0002c3e0     0x3048 src/ASF/sam0/drivers/sercom/usart/usart_interrupt.o
 .debug_info    0x0002f428     0x39d4 src/ASF/sam0/drivers/system/clock/clock_samd21_r21_da_ha1/clock.o
 .debug_info    0x00032dfc     0x1ec7 src/ASF/sam0/drivers/system/clock/clock_samd21_r21_da_ha1/gclk.o
 .debug_info    0x00034cc3     0x13f3 src/ASF/sam0/drivers/system/pinmux/pinmux.o
 .debug_info    0x000360b6      0xa73 src/ASF/sam0/drivers/system/system.o
 .debug_info    0x00036b29     0x3a3f src/ASF/sam0/utils/cmsis/samd21/source/gcc/startup_samd21.o
 .debug_info    0x0003a568      0xd98 src/ASF/sam0/utils/syscalls/gcc/syscalls.o
 .debug_info    0x0003b300     0x2552 src/ASF/thirdparty/fatfs/fatfs-port-r0.09/diskio.o
 .debug_info    0x0003d852     0x1f26 src/ASF/thirdparty/fatfs/fatfs-port-r0.09/sam0/fattime_rtc.o
 .debug_info    0x0003f778     0x3408 src/ASF/thirdparty/fatfs/fatfs-r0.09/src/ff.o
 .debug_info    0x00042b80      0x16d src/ASF/thirdparty/fatfs/fatfs-r0.09/src/option/ccsbcs.o
 .debug_info    0x00042ced     0x50f3 src/example.o

.debug_abbrev   0x00000000     0x6838
 .debug_abbrev  0x00000000      0x2dc src/ASF/sam0/boards/board_init.o
 .debug_abbrev  0x000002dc      0x2f4 src/ASF/sam0/drivers/dsu/crc32/crc32.o
 .debug_abbrev  0x000005d0      0x491 src/ASF/sam0/drivers/nvm/nvm.o
 .debug_abbrev  0x00000a61      0x2cb src/ASF/sam0/drivers/pac/pac_sam_d_r_h/pac.o
 .debug_abbrev  0x00000d2c      0x2db src/SerialConsole/circular_buffer.o
 .debug_abbrev  0x00001007      0x490 src/SerialConsole/SerialConsole.o
 .debug_abbrev  0x00001497      0x3e4 src/ASF/common2/components/memory/sd_mmc/sd_mmc.o
 .debug_abbrev  0x0000187b      0x2fd src/ASF/common2/components/memory/sd_mmc/sd_mmc_mem.o
 .debug_abbrev  0x00001b78      0x51b src/ASF/common2/components/memory/sd_mmc/sd_mmc_spi.o
 .debug_abbrev  0x00002093      0x1e7 src/ASF/common2/services/delay/sam0/cycle_counter.o
 .debug_abbrev  0x0000227a      0x29f src/ASF/common/services/storage/ctrl_access/ctrl_access.o
 .debug_abbrev  0x00002519      0x22c src/ASF/common/utils/interrupt/interrupt_sam_nvic.o
 .debug_abbrev  0x00002745      0x298 src/ASF/sam0/drivers/port/port.o
 .debug_abbrev  0x000029dd      0x4c8 src/ASF/sam0/drivers/rtc/rtc_sam_d_r_h/rtc_calendar.o
 .debug_abbrev  0x00002ea5      0x378 src/ASF/sam0/drivers/sercom/sercom.o
 .debug_abbrev  0x0000321d      0x2d8 src/ASF/sam0/drivers/sercom/sercom_interrupt.o
 .debug_abbrev  0x000034f5      0x510 src/ASF/sam0/drivers/sercom/spi/spi.o
 .debug_abbrev  0x00003a05      0x3fd src/ASF/sam0/drivers/sercom/spi/spi_interrupt.o
 .debug_abbrev  0x00003e02      0x488 src/ASF/sam0/drivers/sercom/usart/usart.o
 .debug_abbrev  0x0000428a      0x416 src/ASF/sam0/drivers/sercom/usart/usart_interrupt.o
 .debug_abbrev  0x000046a0      0x493 src/ASF/sam0/drivers/system/clock/clock_samd21_r21_da_ha1/clock.o
 .debug_abbrev  0x00004b33      0x40d src/ASF/sam0/drivers/system/clock/clock_samd21_r21_da_ha1/gclk.o
 .debug_abbrev  0x00004f40      0x361 src/ASF/sam0/drivers/system/pinmux/pinmux.o
 .debug_abbrev  0x000052a1      0x1e1 src/ASF/sam0/drivers/system/system.o
 .debug_abbrev  0x00005482      0x234 src/ASF/sam0/utils/cmsis/samd21/source/gcc/startup_samd21.o
 .debug_abbrev  0x000056b6      0x257 src/ASF/sam0/utils/syscalls/gcc/syscalls.o
 .debug_abbrev  0x0000590d      0x400 src/ASF/thirdparty/fatfs/fatfs-port-r0.09/diskio.o
 .debug_abbrev  0x00005d0d      0x260 src/ASF/thirdparty/fatfs/fatfs-port-r0.09/sam0/fattime_rtc.o
 .debug_abbrev  0x00005f6d      0x361 src/ASF/thirdparty/fatfs/fatfs-r0.09/src/ff.o
 .debug_abbrev  0x000062ce       0xc7 src/ASF/thirdparty/fatfs/fatfs-r0.09/src/option/ccsbcs.o
 .debug_abbrev  0x00006395      0x4a3 src/example.o

.debug_loc      0x00000000    0x107da
 .debug_loc     0x00000000       0x8a src/ASF/sam0/boards/board_init.o
 .debug_loc     0x0000008a       0xe9 src/ASF/sam0/drivers/dsu/crc32/crc32.o
 .debug_loc     0x00000173     0x10c4 src/ASF/sam0/drivers/nvm/nvm.o
 .debug_loc     0x00001237      0x2ac src/ASF/sam0/drivers/pac/pac_sam_d_r_h/pac.o
 .debug_loc     0x000014e3      0x387 src/SerialConsole/circular_buffer.o
 .debug_loc     0x0000186a      0x2e1 src/SerialConsole/SerialConsole.o
 .debug_loc     0x00001b4b      0xf94 src/ASF/common2/components/memory/sd_mmc/sd_mmc.o
 .debug_loc     0x00002adf      0x615 src/ASF/common2/components/memory/sd_mmc/sd_mmc_mem.o
 .debug_loc     0x000030f4      0x98f src/ASF/common2/components/memory/sd_mmc/sd_mmc_spi.o
 .debug_loc     0x00003a83      0x4a8 src/ASF/common/services/storage/ctrl_access/ctrl_access.o
 .debug_loc     0x00003f2b      0x13d src/ASF/sam0/drivers/port/port.o
 .debug_loc     0x00004068      0x945 src/ASF/sam0/drivers/rtc/rtc_sam_d_r_h/rtc_calendar.o
 .debug_loc     0x000049ad      0x9d5 src/ASF/sam0/drivers/sercom/sercom.o
 .debug_loc     0x00005382      0x161 src/ASF/sam0/drivers/sercom/sercom_interrupt.o
 .debug_loc     0x000054e3     0x19c3 src/ASF/sam0/drivers/sercom/spi/spi.o
 .debug_loc     0x00006ea6      0x632 src/ASF/sam0/drivers/sercom/spi/spi_interrupt.o
 .debug_loc     0x000074d8      0xe2f src/ASF/sam0/drivers/sercom/usart/usart.o
 .debug_loc     0x00008307      0x711 src/ASF/sam0/drivers/sercom/usart/usart_interrupt.o
 .debug_loc     0x00008a18      0xf7d src/ASF/sam0/drivers/system/clock/clock_samd21_r21_da_ha1/clock.o
 .debug_loc     0x00009995      0x504 src/ASF/sam0/drivers/system/clock/clock_samd21_r21_da_ha1/gclk.o
 .debug_loc     0x00009e99      0x36d src/ASF/sam0/drivers/system/pinmux/pinmux.o
 .debug_loc     0x0000a206       0x20 src/ASF/sam0/drivers/system/system.o
 .debug_loc     0x0000a226       0x40 src/ASF/sam0/utils/cmsis/samd21/source/gcc/startup_samd21.o
 .debug_loc     0x0000a266       0xef src/ASF/sam0/utils/syscalls/gcc/syscalls.o
 .debug_loc     0x0000a355      0x645 src/ASF/thirdparty/fatfs/fatfs-port-r0.09/diskio.o
 .debug_loc     0x0000a99a       0x2c src/ASF/thirdparty/fatfs/fatfs-port-r0.09/sam0/fattime_rtc.o
 .debug_loc     0x0000a9c6     0x5a94 src/ASF/thirdparty/fatfs/fatfs-r0.09/src/ff.o
 .debug_loc     0x0001045a      0x109 src/ASF/thirdparty/fatfs/fatfs-r0.09/src/option/ccsbcs.o
 .debug_loc     0x00010563      0x277 src/example.o

.debug_aranges  0x00000000      0xb48
 .debug_aranges
                0x00000000       0x20 src/ASF/sam0/boards/board_init.o
 .debug_aranges
                0x00000020       0x20 src/ASF/sam0/drivers/dsu/crc32/crc32.o
 .debug_aranges
                0x00000040       0x68 src/ASF/sam0/drivers/nvm/nvm.o
 .debug_aranges
                0x000000a8       0x28 src/ASF/sam0/drivers/pac/pac_sam_d_r_h/pac.o
 .debug_aranges
                0x000000d0       0x70 src/SerialConsole/circular_buffer.o
 .debug_aranges
                0x00000140       0x60 src/SerialConsole/SerialConsole.o
 .debug_aranges
                0x000001a0       0xa8 src/ASF/common2/components/memory/sd_mmc/sd_mmc.o
 .debug_aranges
                0x00000248       0xc0 src/ASF/common2/components/memory/sd_mmc/sd_mmc_mem.o
 .debug_aranges
                0x00000308       0xb8 src/ASF/common2/components/memory/sd_mmc/sd_mmc_spi.o
 .debug_aranges
                0x000003c0       0x28 src/ASF/common2/services/delay/sam0/cycle_counter.o
 .debug_aranges
                0x000003e8       0x70 src/ASF/common/services/storage/ctrl_access/ctrl_access.o
 .debug_aranges
                0x00000458       0x28 src/ASF/common/utils/interrupt/interrupt_sam_nvic.o
 .debug_aranges
                0x00000480       0x28 src/ASF/sam0/drivers/port/port.o
 .debug_aranges
                0x000004a8       0x78 src/ASF/sam0/drivers/rtc/rtc_sam_d_r_h/rtc_calendar.o
 .debug_aranges
                0x00000520       0x48 src/ASF/sam0/drivers/sercom/sercom.o
 .debug_aranges
                0x00000568       0x60 src/ASF/sam0/drivers/sercom/sercom_interrupt.o
 .debug_aranges
                0x000005c8       0x58 src/ASF/sam0/drivers/sercom/spi/spi.o
 .debug_aranges
                0x00000620       0x50 src/ASF/sam0/drivers/sercom/spi/spi_interrupt.o
 .debug_aranges
                0x00000670       0x40 src/ASF/sam0/drivers/sercom/usart/usart.o
 .debug_aranges
                0x000006b0       0x70 src/ASF/sam0/drivers/sercom/usart/usart_interrupt.o
 .debug_aranges
                0x00000720       0x78 src/ASF/sam0/drivers/system/clock/clock_samd21_r21_da_ha1/clock.o
 .debug_aranges
                0x00000798       0x80 src/ASF/sam0/drivers/system/clock/clock_samd21_r21_da_ha1/gclk.o
 .debug_aranges
                0x00000818       0x40 src/ASF/sam0/drivers/system/pinmux/pinmux.o
 .debug_aranges
                0x00000858       0x28 src/ASF/sam0/drivers/system/system.o
 .debug_aranges
                0x00000880       0x28 src/ASF/sam0/utils/cmsis/samd21/source/gcc/startup_samd21.o
 .debug_aranges
                0x000008a8       0x60 src/ASF/sam0/utils/syscalls/gcc/syscalls.o
 .debug_aranges
                0x00000908       0x40 src/ASF/thirdparty/fatfs/fatfs-port-r0.09/diskio.o
 .debug_aranges
                0x00000948       0x20 src/ASF/thirdparty/fatfs/fatfs-port-r0.09/sam0/fattime_rtc.o
 .debug_aranges
                0x00000968      0x170 src/ASF/thirdparty/fatfs/fatfs-r0.09/src/ff.o
 .debug_aranges
                0x00000ad8       0x28 src/ASF/thirdparty/fatfs/fatfs-r0.09/src/option/ccsbcs.o
 .debug_aranges
                0x00000b00       0x48 src/example.o

.debug_ranges   0x00000000     0x10a0
 .debug_ranges  0x00000000       0x10 src/ASF/sam0/boards/board_init.o
 .debug_ranges  0x00000010       0x10 src/ASF/sam0/drivers/dsu/crc32/crc32.o
 .debug_ranges  0x00000020      0x118 src/ASF/sam0/drivers/nvm/nvm.o
 .debug_ranges  0x00000138       0x18 src/ASF/sam0/drivers/pac/pac_sam_d_r_h/pac.o
 .debug_ranges  0x00000150       0x60 src/SerialConsole/circular_buffer.o
 .debug_ranges  0x000001b0       0x50 src/SerialConsole/SerialConsole.o
 .debug_ranges  0x00000200      0x1d8 src/ASF/common2/components/memory/sd_mmc/sd_mmc.o
 .debug_ranges  0x000003d8       0xb0 src/ASF/common2/components/memory/sd_mmc/sd_mmc_mem.o
 .debug_ranges  0x00000488       0xa8 src/ASF/common2/components/memory/sd_mmc/sd_mmc_spi.o
 .debug_ranges  0x00000530       0x18 src/ASF/common2/services/delay/sam0/cycle_counter.o
 .debug_ranges  0x00000548       0x60 src/ASF/common/services/storage/ctrl_access/ctrl_access.o
 .debug_ranges  0x000005a8       0x18 src/ASF/common/utils/interrupt/interrupt_sam_nvic.o
 .debug_ranges  0x000005c0       0x18 src/ASF/sam0/drivers/port/port.o
 .debug_ranges  0x000005d8       0xb0 src/ASF/sam0/drivers/rtc/rtc_sam_d_r_h/rtc_calendar.o
 .debug_ranges  0x00000688       0x50 src/ASF/sam0/drivers/sercom/sercom.o
 .debug_ranges  0x000006d8       0x50 src/ASF/sam0/drivers/sercom/sercom_interrupt.o
 .debug_ranges  0x00000728      0x240 src/ASF/sam0/drivers/sercom/spi/spi.o
 .debug_ranges  0x00000968       0xb8 src/ASF/sam0/drivers/sercom/spi/spi_interrupt.o
 .debug_ranges  0x00000a20      0x140 src/ASF/sam0/drivers/sercom/usart/usart.o
 .debug_ranges  0x00000b60       0x60 src/ASF/sam0/drivers/sercom/usart/usart_interrupt.o
 .debug_ranges  0x00000bc0       0x68 src/ASF/sam0/drivers/system/clock/clock_samd21_r21_da_ha1/clock.o
 .debug_ranges  0x00000c28       0x88 src/ASF/sam0/drivers/system/clock/clock_samd21_r21_da_ha1/gclk.o
 .debug_ranges  0x00000cb0       0x30 src/ASF/sam0/drivers/system/pinmux/pinmux.o
 .debug_ranges  0x00000ce0       0x18 src/ASF/sam0/drivers/system/system.o
 .debug_ranges  0x00000cf8       0x18 src/ASF/sam0/utils/cmsis/samd21/source/gcc/startup_samd21.o
 .debug_ranges  0x00000d10       0x50 src/ASF/sam0/utils/syscalls/gcc/syscalls.o
 .debug_ranges  0x00000d60       0x30 src/ASF/thirdparty/fatfs/fatfs-port-r0.09/diskio.o
 .debug_ranges  0x00000d90       0x10 src/ASF/thirdparty/fatfs/fatfs-port-r0.09/sam0/fattime_rtc.o
 .debug_ranges  0x00000da0      0x260 src/ASF/thirdparty/fatfs/fatfs-r0.09/src/ff.o
 .debug_ranges  0x00001000       0x18 src/ASF/thirdparty/fatfs/fatfs-r0.09/src/option/ccsbcs.o
 .debug_ranges  0x00001018       0x88 src/example.o

.debug_macro    0x00000000    0x1ff49
 .debug_macro   0x00000000      0x53a src/ASF/sam0/boards/board_init.o
 .debug_macro   0x0000053a      0x8ce src/ASF/sam0/boards/board_init.o
 .debug_macro   0x00000e08      0x16d src/ASF/sam0/boards/board_init.o
 .debug_macro   0x00000f75      0x6d7 src/ASF/sam0/boards/board_init.o
 .debug_macro   0x0000164c       0x22 src/ASF/sam0/boards/board_init.o
 .debug_macro   0x0000166e       0x87 src/ASF/sam0/boards/board_init.o
 .debug_macro   0x000016f5       0x51 src/ASF/sam0/boards/board_init.o
 .debug_macro   0x00001746       0xef src/ASF/sam0/boards/board_init.o
 .debug_macro   0x00001835       0x6a src/ASF/sam0/boards/board_init.o
 .debug_macro   0x0000189f      0x1df src/ASF/sam0/boards/board_init.o
 .debug_macro   0x00001a7e       0x10 src/ASF/sam0/boards/board_init.o
 .debug_macro   0x00001a8e       0x76 src/ASF/sam0/boards/board_init.o
 .debug_macro   0x00001b04       0x16 src/ASF/sam0/boards/board_init.o
 .debug_macro   0x00001b1a      0x6db src/ASF/sam0/boards/board_init.o
 .debug_macro   0x000021f5      0xdd8 src/ASF/sam0/boards/board_init.o
 .debug_macro   0x00002fcd       0x22 src/ASF/sam0/boards/board_init.o
 .debug_macro   0x00002fef       0x40 src/ASF/sam0/boards/board_init.o
 .debug_macro   0x0000302f       0x3a src/ASF/sam0/boards/board_init.o
 .debug_macro   0x00003069       0x1f src/ASF/sam0/boards/board_init.o
 .debug_macro   0x00003088      0x250 src/ASF/sam0/boards/board_init.o
 .debug_macro   0x000032d8      0x681 src/ASF/sam0/boards/board_init.o
 .debug_macro   0x00003959      0x8b5 src/ASF/sam0/boards/board_init.o
 .debug_macro   0x0000420e      0x230 src/ASF/sam0/boards/board_init.o
 .debug_macro   0x0000443e      0xd60 src/ASF/sam0/boards/board_init.o
 .debug_macro   0x0000519e      0x4cb src/ASF/sam0/boards/board_init.o
 .debug_macro   0x00005669      0x9f8 src/ASF/sam0/boards/board_init.o
 .debug_macro   0x00006061      0x82b src/ASF/sam0/boards/board_init.o
 .debug_macro   0x0000688c      0x455 src/ASF/sam0/boards/board_init.o
 .debug_macro   0x00006ce1       0x5e src/ASF/sam0/boards/board_init.o
 .debug_macro   0x00006d3f      0x8fd src/ASF/sam0/boards/board_init.o
 .debug_macro   0x0000763c      0x21c src/ASF/sam0/boards/board_init.o
 .debug_macro   0x00007858      0x95b src/ASF/sam0/boards/board_init.o
 .debug_macro   0x000081b3       0x5e src/ASF/sam0/boards/board_init.o
 .debug_macro   0x00008211      0x667 src/ASF/sam0/boards/board_init.o
 .debug_macro   0x00008878      0x3af src/ASF/sam0/boards/board_init.o
 .debug_macro   0x00008c27      0xc7a src/ASF/sam0/boards/board_init.o
 .debug_macro   0x000098a1     0x1092 src/ASF/sam0/boards/board_init.o
 .debug_macro   0x0000a933      0xc4a src/ASF/sam0/boards/board_init.o
 .debug_macro   0x0000b57d      0x6ba src/ASF/sam0/boards/board_init.o
 .debug_macro   0x0000bc37     0x1bbf src/ASF/sam0/boards/board_init.o
 .debug_macro   0x0000d7f6     0x1440 src/ASF/sam0/boards/board_init.o
 .debug_macro   0x0000ec36      0x344 src/ASF/sam0/boards/board_init.o
 .debug_macro   0x0000ef7a       0x7c src/ASF/sam0/boards/board_init.o
 .debug_macro   0x0000eff6       0xa0 src/ASF/sam0/boards/board_init.o
 .debug_macro   0x0000f096       0x4c src/ASF/sam0/boards/board_init.o
 .debug_macro   0x0000f0e2       0xca src/ASF/sam0/boards/board_init.o
 .debug_macro   0x0000f1ac       0x94 src/ASF/sam0/boards/board_init.o
 .debug_macro   0x0000f240       0x58 src/ASF/sam0/boards/board_init.o
 .debug_macro   0x0000f298      0x37d src/ASF/sam0/boards/board_init.o
 .debug_macro   0x0000f615       0x82 src/ASF/sam0/boards/board_init.o
 .debug_macro   0x0000f697      0x18d src/ASF/sam0/boards/board_init.o
 .debug_macro   0x0000f824       0xb8 src/ASF/sam0/boards/board_init.o
 .debug_macro   0x0000f8dc       0xa0 src/ASF/sam0/boards/board_init.o
 .debug_macro   0x0000f97c       0xb8 src/ASF/sam0/boards/board_init.o
 .debug_macro   0x0000fa34       0x1c src/ASF/sam0/boards/board_init.o
 .debug_macro   0x0000fa50       0x1c src/ASF/sam0/boards/board_init.o
 .debug_macro   0x0000fa6c       0x1c src/ASF/sam0/boards/board_init.o
 .debug_macro   0x0000fa88       0x82 src/ASF/sam0/boards/board_init.o
 .debug_macro   0x0000fb0a      0x15a src/ASF/sam0/boards/board_init.o
 .debug_macro   0x0000fc64       0xdc src/ASF/sam0/boards/board_init.o
 .debug_macro   0x0000fd40      0x128 src/ASF/sam0/boards/board_init.o
 .debug_macro   0x0000fe68      0x128 src/ASF/sam0/boards/board_init.o
 .debug_macro   0x0000ff90      0x128 src/ASF/sam0/boards/board_init.o
 .debug_macro   0x000100b8      0x128 src/ASF/sam0/boards/board_init.o
 .debug_macro   0x000101e0      0x128 src/ASF/sam0/boards/board_init.o
 .debug_macro   0x00010308      0x128 src/ASF/sam0/boards/board_init.o
 .debug_macro   0x00010430      0x124 src/ASF/sam0/boards/board_init.o
 .debug_macro   0x00010554       0xe2 src/ASF/sam0/boards/board_init.o
 .debug_macro   0x00010636       0xe2 src/ASF/sam0/boards/board_init.o
 .debug_macro   0x00010718       0xe2 src/ASF/sam0/boards/board_init.o
 .debug_macro   0x000107fa      0x130 src/ASF/sam0/boards/board_init.o
 .debug_macro   0x0001092a      0x106 src/ASF/sam0/boards/board_init.o
 .debug_macro   0x00010a30       0xfa src/ASF/sam0/boards/board_init.o
 .debug_macro   0x00010b2a      0x40f src/ASF/sam0/boards/board_init.o
 .debug_macro   0x00010f39       0x40 src/ASF/sam0/boards/board_init.o
 .debug_macro   0x00010f79      0x361 src/ASF/sam0/boards/board_init.o
 .debug_macro   0x000112da     0x16e3 src/ASF/sam0/boards/board_init.o
 .debug_macro   0x000129bd       0x6d src/ASF/sam0/boards/board_init.o
 .debug_macro   0x00012a2a       0x58 src/ASF/sam0/boards/board_init.o
 .debug_macro   0x00012a82       0x35 src/ASF/sam0/boards/board_init.o
 .debug_macro   0x00012ab7       0x9c src/ASF/sam0/boards/board_init.o
 .debug_macro   0x00012b53       0x16 src/ASF/sam0/boards/board_init.o
 .debug_macro   0x00012b69       0x35 src/ASF/sam0/boards/board_init.o
 .debug_macro   0x00012b9e      0x353 src/ASF/sam0/boards/board_init.o
 .debug_macro   0x00012ef1       0x10 src/ASF/sam0/boards/board_init.o
 .debug_macro   0x00012f01       0x58 src/ASF/sam0/boards/board_init.o
 .debug_macro   0x00012f59       0x1f src/ASF/sam0/boards/board_init.o
 .debug_macro   0x00012f78       0x43 src/ASF/sam0/boards/board_init.o
 .debug_macro   0x00012fbb       0x20 src/ASF/sam0/boards/board_init.o
 .debug_macro   0x00012fdb      0x187 src/ASF/sam0/boards/board_init.o
 .debug_macro   0x00013162       0x10 src/ASF/sam0/boards/board_init.o
 .debug_macro   0x00013172       0x1c src/ASF/sam0/boards/board_init.o
 .debug_macro   0x0001318e       0x52 src/ASF/sam0/boards/board_init.o
 .debug_macro   0x000131e0       0x40 src/ASF/sam0/boards/board_init.o
 .debug_macro   0x00013220       0x10 src/ASF/sam0/boards/board_init.o