Archive member included to satisfy reference by file (symbol)

c:/program files (x86)/atmel/studio/7.0/toolchain/arm/arm-gnu-toolchain/bin/../lib/gcc/arm-none-eabi/6.3.1/thumb/v6-m\libgcc.a(_udivsi3.o)
                              src/ASF/common2/components/memory/sd_mmc/sd_mmc_spi.o (__aeabi_uidiv)
c:/program files (x86)/atmel/studio/7.0/toolchain/arm/arm-gnu-toolchain/bin/../lib/gcc/arm-none-eabi/6.3.1/thumb/v6-m\libgcc.a(_divsi3.o)
                              src/ASF/thirdparty/fatfs/fatfs-r0.09/src/ff.o (__aeabi_idiv)
c:/program files (x86)/atmel/studio/7.0/toolchain/arm/arm-gnu-toolchain/bin/../lib/gcc/arm-none-eabi/6.3.1/thumb/v6-m\libgcc.a(_dvmd_tls.o)
                              c:/program files (x86)/atmel/studio/7.0/toolchain/arm/arm-gnu-toolchain/bin/../lib/gcc/arm-none-eabi/6.3.1/thumb/v6-m\libgcc.a(_udivsi3.o) (__aeabi_idiv0)
c:/program files (x86)/atmel/studio/7.0/toolchain/arm/arm-gnu-toolchain/bin/../lib/gcc/arm-none-eabi/6.3.1/thumb/v6-m\libgcc.a(_aeabi_uldivmod.o)
                              src/example.o (__aeabi_uldivmod)
c:/program files (x86)/atmel/studio/7.0/toolchain/arm/arm-gnu-toolchain/bin/../lib/gcc/arm-none-eabi/6.3.1/thumb/v6-m\libgcc.a(_muldi3.o)
                              src/ASF/sam0/drivers/sercom/sercom.o (__aeabi_lmul)
c:/program files (x86)/atmel/studio/7.0/toolchain/arm/arm-gnu-toolchain/bin/../lib/gcc/arm-none-eabi/6.3.1/thumb/v6-m\libgcc.a(_udivmoddi4.o)
                              c:/program files (x86)/atmel/studio/7.0/toolchain/arm/arm-gnu-toolchain/bin/../lib/gcc/arm-none-eabi/6.3.1/thumb/v6-m\libgcc.a(_aeabi_uldivmod.o) (__udivmoddi4)
c:/program files (x86)/atmel/studio/7.0/toolchain/arm/arm-gnu-toolchain/bin/../lib/gcc/arm-none-eabi/6.3.1/thumb/v6-m\libgcc.a(_clzdi2.o)
                              c:/program files (x86)/atmel/studio/7.0/toolchain/arm/arm-gnu-toolchain/bin/../lib/gcc/arm-none-eabi/6.3.1/thumb/v6-m\libgcc.a(_udivmoddi4.o) (__clzdi2)
c:/program files (x86)/atmel/studio/7.0/toolchain/arm/arm-gnu-toolchain/bin/../lib/gcc/arm-none-eabi/6.3.1/thumb/v6-m\libgcc.a(_clzsi2.o)
                              c:/program files (x86)/atmel/studio/7.0/toolchain/arm/arm-gnu-toolchain/bin/../lib/gcc/arm-none-eabi/6.3.1/thumb/v6-m\libgcc.a(_clzdi2.o) (__clzsi2)
c:/program files (x86)/atmel/studio/7.0/toolchain/arm/arm-gnu-toolchain/bin/../lib/gcc/arm-none-eabi/6.3.1/../../../../arm-none-eabi/lib/thumb/v6-m\libc_nano.a(lib_a-exit.o)
                              c:/program files (x86)/atmel/studio/7.0/toolchain/arm/arm-gnu-toolchain/bin/../lib/gcc/arm-none-eabi/6.3.1/../../../../arm-none-eabi/lib/thumb/v6-m/crt0.o (exit)
c:/program files (x86)/atmel/studio/7.0/toolchain/arm/arm-gnu-toolchain/bin/../lib/gcc/arm-none-eabi/6.3.1/../../../../arm-none-eabi/lib/thumb/v6-m\libc_nano.a(lib_a-impure.o)
                              c:/program files (x86)/atmel/studio/7.0/toolchain/arm/arm-gnu-toolchain/bin/../lib/gcc/arm-none-eabi/6.3.1/../../../../arm-none-eabi/lib/thumb/v6-m\libc_nano.a(lib_a-exit.o) (_global_impure_ptr)
c:/program files (x86)/atmel/studio/7.0/toolchain/arm/arm-gnu-toolchain/bin/../lib/gcc/arm-none-eabi/6.3.1/../../../../arm-none-eabi/lib/thumb/v6-m\libc_nano.a(lib_a-init.o)
                              c:/program files (x86)/atmel/studio/7.0/toolchain/arm/arm-gnu-toolchain/bin/../lib/gcc/arm-none-eabi/6.3.1/../../../../arm-none-eabi/lib/thumb/v6-m/crt0.o (__libc_init_array)
c:/program files (x86)/atmel/studio/7.0/toolchain/arm/arm-gnu-toolchain/bin/../lib/gcc/arm-none-eabi/6.3.1/../../../../arm-none-eabi/lib/thumb/v6-m\libc_nano.a(lib_a-malloc.o)
                              src/SerialConsole/circular_buffer.o (malloc)
c:/program files (x86)/atmel/studio/7.0/toolchain/arm/arm-gnu-toolchain/bin/../lib/gcc/arm-none-eabi/6.3.1/../../../../arm-none-eabi/lib/thumb/v6-m\libc_nano.a(lib_a-memset.o)
                              c:/program files (x86)/atmel/studio/7.0/toolchain/arm/arm-gnu-toolchain/bin/../lib/gcc/arm-none-eabi/6.3.1/../../../../arm-none-eabi/lib/thumb/v6-m/crt0.o (memset)
c:/program files (x86)/atmel/studio/7.0/toolchain/arm/arm-gnu-toolchain/bin/../lib/gcc/arm-none-eabi/6.3.1/../../../../arm-none-eabi/lib/thumb/v6-m\libc_nano.a(lib_a-nano-freer.o)
                              c:/program files (x86)/atmel/studio/7.0/toolchain/arm/arm-gnu-toolchain/bin/../lib/gcc/arm-none-eabi/6.3.1/../../../../arm-none-eabi/lib/thumb/v6-m\libc_nano.a(lib_a-malloc.o) (_free_r)
c:/program files (x86)/atmel/studio/7.0/toolchain/arm/arm-gnu-toolchain/bin/../lib/gcc/arm-none-eabi/6.3.1/../../../../arm-none-eabi/lib/thumb/v6-m\libc_nano.a(lib_a-nano-mallocr.o)
                              c:/program files (x86)/atmel/studio/7.0/toolchain/arm/arm-gnu-toolchain/bin/../lib/gcc/arm-none-eabi/6.3.1/../../../../arm-none-eabi/lib/thumb/v6-m\libc_nano.a(lib_a-malloc.o) (_malloc_r)
c:/program files (x86)/atmel/studio/7.0/toolchain/arm/arm-gnu-toolchain/bin/../lib/gcc/arm-none-eabi/6.3.1/../../../../arm-none-eabi/lib/thumb/v6-m\libc_nano.a(lib_a-sbrkr.o)
[...]
Memory Configuration

Name             Origin             Length             Attributes
rom              0x00000000         0x00040000         xr
ram              0x20000000         0x00008000         xrw
*default*        0x00000000         0xffffffff

Linker script and memory map

LOAD c:/program files (x86)/atmel/studio/7.0/toolchain/arm/arm-gnu-toolchain/bin/../lib/gcc/arm-none-eabi/6.3.1/thumb/v6-m/crti.o
LOAD c:/program files (x86)/atmel/studio/7.0/toolchain/arm/arm-gnu-toolchain/bin/../lib/gcc/arm-none-eabi/6.3.1/thumb/v6-m/crtbegin.o
LOAD c:/program files (x86)/atmel/studio/7.0/toolchain/arm/arm-gnu-toolchain/bin/../lib/gcc/arm-none-eabi/6.3.1/../../../../arm-none-eabi/lib/thumb/v6-m/crt0.o
LOAD src/ASF/common/services/crc32/crc32.o
LOAD src/ASF/sam0/boards/board_init.o
LOAD src/ASF/sam0/drivers/dsu/crc32/crc32.o
LOAD src/ASF/sam0/drivers/pac/pac_sam_d_r_h/pac.o
LOAD src/SerialConsole/circular_buffer.o
LOAD src/SerialConsole/SerialConsole.o
LOAD src/ASF/common2/components/memory/sd_mmc/sd_mmc.o
LOAD src/ASF/common2/components/memory/sd_mmc/sd_mmc_mem.o
LOAD src/ASF/common2/components/memory/sd_mmc/sd_mmc_spi.o
LOAD src/ASF/common2/services/delay/sam0/cycle_counter.o
LOAD src/ASF/common/services/storage/ctrl_access/ctrl_access.o
LOAD src/ASF/common/utils/interrupt/interrupt_sam_nvic.o
LOAD src/ASF/sam0/drivers/port/port.o
LOAD src/ASF/sam0/drivers/rtc/rtc_sam_d_r_h/rtc_calendar.o
LOAD src/ASF/sam0/drivers/sercom/sercom.o
LOAD src/ASF/sam0/drivers/sercom/sercom_interrupt.o
LOAD src/ASF/sam0/drivers/sercom/spi/spi.o
LOAD src/ASF/sam0/drivers/sercom/spi/spi_interrupt.o
LOAD src/ASF/sam0/drivers/sercom/usart/usart.o
LOAD src/ASF/sam0/drivers/sercom/usart/usart_interrupt.o
LOAD src/ASF/sam0/drivers/system/clock/clock_samd21_r21_da_ha1/clock.o
LOAD src/ASF/sam0/drivers/system/clock/clock_samd21_r21_da_ha1/gclk.o
LOAD src/ASF/sam0/drivers/system/interrupt/system_interrupt.o
LOAD src/ASF/sam0/drivers/system/pinmux/pinmux.o
LOAD src/ASF/sam0/drivers/system/system.o
LOAD src/ASF/sam0/utils/cmsis/samd21/source/gcc/startup_samd21.o
LOAD src/ASF/sam0/utils/cmsis/samd21/source/system_samd21.o
LOAD src/ASF/sam0/utils/stdio/read.o
LOAD src/ASF/sam0/utils/stdio/write.o
LOAD src/ASF/sam0/utils/syscalls/gcc/syscalls.o
LOAD src/ASF/thirdparty/fatfs/fatfs-port-r0.09/diskio.o
LOAD src/ASF/thirdparty/fatfs/fatfs-port-r0.09/sam0/fattime_rtc.o
LOAD src/ASF/thirdparty/fatfs/fatfs-r0.09/src/ff.o
LOAD src/ASF/thirdparty/fatfs/fatfs-r0.09/src/option/ccsbcs.o
LOAD src/example.o
START GROUP
LOAD ../src/ASF/thirdparty/CMSIS/Lib/GCC\libarm_cortexM0l_math.a
LOAD c:/program files (x86)/atmel/studio/7.0/toolchain/arm/arm-gnu-toolchain/bin/../lib/gcc/arm-none-eabi/6.3.1/../../../../arm-none-eabi/lib/thumb/v6-m\libm.a
END GROUP
                0x00002000                __stack_size__ = 0x2000
Address of section .text set to 0xb000
START GROUP
LOAD c:/program files (x86)/atmel/studio/7.0/toolchain/arm/arm-gnu-toolchain/bin/../lib/gcc/arm-none-eabi/6.3.1/thumb/v6-m\libgcc.a
LOAD c:/program files (x86)/atmel/studio/7.0/toolchain/arm/arm-gnu-toolchain/bin/../lib/gcc/arm-none-eabi/6.3.1/../../../../arm-none-eabi/lib/thumb/v6-m\libc_nano.a
END GROUP
START GROUP
LOAD c:/program files (x86)/atmel/studio/7.0/toolchain/arm/arm-gnu-toolchain/bin/../lib/gcc/arm-none-eabi/6.3.1/thumb/v6-m\libgcc.a
LOAD c:/program files (x86)/atmel/studio/7.0/toolchain/arm/arm-gnu-toolchain/bin/../lib/gcc/arm-none-eabi/6.3.1/../../../../arm-none-eabi/lib/thumb/v6-m\libc_nano.a
END GROUP
LOAD c:/program files (x86)/atmel/studio/7.0/toolchain/arm/arm-gnu-toolchain/bin/../lib/gcc/arm-none-eabi/6.3.1/thumb/v6-m/crtend.o
LOAD c:/program files (x86)/atmel/studio/7.0/toolchain/arm/arm-gnu-toolchain/bin/../lib/gcc/arm-none-eabi/6.3.1/thumb/v6-m/crtn.o
                0x00002000                STACK_SIZE = DEFINED (STACK_SIZE)?STACK_SIZE:DEFINED (__stack_size__)?__stack_size__:0x2000

.text           0x0000b000     0x22c0
                0x0000b000                . = ALIGN (0x4)
                0x0000b000                _sfixed = .
 *(.vectors .vectors.*)
 .vectors       0x0000b000       0xb4 src/ASF/sam0/utils/cmsis/samd21/source/gcc/startup_samd21.o
                0x0000b000                exception_table
 *(.text .text.* .gnu.linkonce.t.*)
 .text          0x0000b0b4       0x60 c:/program files (x86)/atmel/studio/7.0/toolchain/arm/arm-gnu-toolchain/bin/../lib/gcc/arm-none-eabi/6.3.1/thumb/v6-m/crtbegin.o
 .text.system_board_init
                0x0000b114       0x38 src/ASF/sam0/boards/board_init.o
                0x0000b114                board_init
                0x0000b114                system_board_init
 .text.advance_pointer
                0x0000b14c       0x34 src/SerialConsole/circular_buffer.o
 .text.circular_buf_init
                0x0000b180       0x20 src/SerialConsole/circular_buffer.o
                0x0000b180                circular_buf_init
 .text.circular_buf_put
                0x0000b1a0       0x14 src/SerialConsole/circular_buffer.o
                0x0000b1a0                circular_buf_put
 .text.circular_buf_empty
                0x0000b1b4       0x18 src/SerialConsole/circular_buffer.o
                0x0000b1b4                circular_buf_empty
 .text.circular_buf_get
                0x0000b1cc       0x38 src/SerialConsole/circular_buffer.o
                0x0000b1cc                circular_buf_get
 .text.usart_write_callback
                0x0000b204       0x30 src/SerialConsole/SerialConsole.o
                0x0000b204                usart_write_callback
 .text.InitializeSerialConsole
                0x0000b234      0x128 src/SerialConsole/SerialConsole.o
                0x0000b234                InitializeSerialConsole
 .text.SerialConsoleWriteString
                0x0000b35c       0x74 src/SerialConsole/SerialConsole.o
                0x0000b35c                SerialConsoleWriteString
 .text.usart_read_callback
                0x0000b3d0       0x54 src/SerialConsole/SerialConsole.o
                0x0000b3d0                usart_read_callback
 .text.sd_mmc_init
                0x0000b424       0x20 src/ASF/common2/components/memory/sd_mmc/sd_mmc.o
                0x0000b424                sd_mmc_init
 .text.sd_mmc_spi_init
                0x0000b444      0x100 src/ASF/common2/components/memory/sd_mmc/sd_mmc_spi.o
                0x0000b444                sd_mmc_spi_init
 .text.delay_init
                0x0000b544        0x2 src/ASF/common2/services/delay/sam0/cycle_counter.o
                0x0000b544                delay_init
 *fill*         0x0000b546        0x2 
 .text.cpu_irq_enter_critical
                0x0000b548       0x40 src/ASF/common/utils/interrupt/interrupt_sam_nvic.o
                0x0000b548                cpu_irq_enter_critical
 .text.cpu_irq_leave_critical
                0x0000b588       0x30 src/ASF/common/utils/interrupt/interrupt_sam_nvic.o
                0x0000b588                cpu_irq_leave_critical
 .text.port_pin_set_config
                0x0000b5b8       0x24 src/ASF/sam0/drivers/port/port.o
                0x0000b5b8                port_pin_set_config
 .text.long_division
                0x0000b5dc       0xba src/ASF/sam0/drivers/sercom/sercom.o
 .text._sercom_get_sync_baud_val
                0x0000b696       0x28 src/ASF/sam0/drivers/sercom/sercom.o
                0x0000b696                _sercom_get_sync_baud_val
 *fill*         0x0000b6be        0x2 
 .text._sercom_get_async_baud_val
                0x0000b6c0       0x94 src/ASF/sam0/drivers/sercom/sercom.o
                0x0000b6c0                _sercom_get_async_baud_val
 .text.sercom_set_gclk_generator
                0x0000b754       0x4c src/ASF/sam0/drivers/sercom/sercom.o
                0x0000b754                sercom_set_gclk_generator
 .text._sercom_get_default_pad
                0x0000b7a0      0x178 src/ASF/sam0/drivers/sercom/sercom.o
                0x0000b7a0                _sercom_get_default_pad
 .text._sercom_get_sercom_inst_index
                0x0000b918       0x38 src/ASF/sam0/drivers/sercom/sercom.o
                0x0000b918                _sercom_get_sercom_inst_index
 .text._sercom_default_handler
                0x0000b950        0x2 src/ASF/sam0/drivers/sercom/sercom_interrupt.o
 *fill*         0x0000b952        0x2 
 .text._sercom_set_handler
                0x0000b954       0x3c src/ASF/sam0/drivers/sercom/sercom_interrupt.o
                0x0000b954                _sercom_set_handler
 .text._sercom_get_interrupt_vector
                0x0000b990       0x30 src/ASF/sam0/drivers/sercom/sercom_interrupt.o
                0x0000b990                _sercom_get_interrupt_vector
 .text.SERCOM0_Handler
                0x0000b9c0       0x10 src/ASF/sam0/drivers/sercom/sercom_interrupt.o
                0x0000b9c0                SERCOM0_Handler
 .text.SERCOM1_Handler
                0x0000b9d0       0x10 src/ASF/sam0/drivers/sercom/sercom_interrupt.o
                0x0000b9d0                SERCOM1_Handler
 .text.SERCOM2_Handler
                0x0000b9e0       0x10 src/ASF/sam0/drivers/sercom/sercom_interrupt.o
                0x0000b9e0                SERCOM2_Handler
 .text.SERCOM3_Handler
                0x0000b9f0       0x10 src/ASF/sam0/drivers/sercom/sercom_interrupt.o
                0x0000b9f0                SERCOM3_Handler
 .text.SERCOM4_Handler
                0x0000ba00       0x10 src/ASF/sam0/drivers/sercom/sercom_interrupt.o
                0x0000ba00                SERCOM4_Handler
 .text.SERCOM5_Handler
                0x0000ba10       0x10 src/ASF/sam0/drivers/sercom/sercom_interrupt.o
                0x0000ba10                SERCOM5_Handler
 .text.spi_init
                0x0000ba20      0x1d8 src/ASF/sam0/drivers/sercom/spi/spi.o
                0x0000ba20                spi_init
 .text._spi_interrupt_handler
                0x0000bbf8      0x1d0 src/ASF/sam0/drivers/sercom/spi/spi_interrupt.o
                0x0000bbf8                _spi_interrupt_handler
 .text.usart_init
                0x0000bdc8      0x344 src/ASF/sam0/drivers/sercom/usart/usart.o
                0x0000bdc8                usart_init
 .text._usart_write_buffer
                0x0000c10c       0x3c src/ASF/sam0/drivers/sercom/usart/usart_interrupt.o
                0x0000c10c                _usart_write_buffer
 .text._usart_read_buffer
                0x0000c148       0x50 src/ASF/sam0/drivers/sercom/usart/usart_interrupt.o
                0x0000c148                _usart_read_buffer
 .text.usart_register_callback
                0x0000c198       0x18 src/ASF/sam0/drivers/sercom/usart/usart_interrupt.o
                0x0000c198                usart_register_callback
 .text.usart_write_buffer_job
                0x0000c1b0       0x20 src/ASF/sam0/drivers/sercom/usart/usart_interrupt.o
                0x0000c1b0                usart_write_buffer_job
 .text.usart_read_buffer_job
                0x0000c1d0       0x20 src/ASF/sam0/drivers/sercom/usart/usart_interrupt.o
                0x0000c1d0                usart_read_buffer_job
 .text.usart_get_job_status
                0x0000c1f0       0x1c src/ASF/sam0/drivers/sercom/usart/usart_interrupt.o
                0x0000c1f0                usart_get_job_status
 .text._usart_interrupt_handler
                0x0000c20c      0x194 src/ASF/sam0/drivers/sercom/usart/usart_interrupt.o
                0x0000c20c                _usart_interrupt_handler
 .text.system_clock_source_get_hz
                0x0000c3a0       0x94 src/ASF/sam0/drivers/system/clock/clock_samd21_r21_da_ha1/clock.o
                0x0000c3a0                system_clock_source_get_hz
 .text.system_clock_source_osc8m_set_config
                0x0000c434       0x3c src/ASF/sam0/drivers/system/clock/clock_samd21_r21_da_ha1/clock.o
                0x0000c434                system_clock_source_osc8m_set_config
 .text.system_clock_source_xosc32k_set_config
                0x0000c470       0xb8 src/ASF/sam0/drivers/system/clock/clock_samd21_r21_da_ha1/clock.o
                0x0000c470                system_clock_source_xosc32k_set_config
 .text.system_clock_source_dfll_set_config
                0x0000c528       0x80 src/ASF/sam0/drivers/system/clock/clock_samd21_r21_da_ha1/clock.o
                0x0000c528                system_clock_source_dfll_set_config
 .text.system_clock_source_enable
                0x0000c5a8       0xa8 src/ASF/sam0/drivers/system/clock/clock_samd21_r21_da_ha1/clock.o
                0x0000c5a8                system_clock_source_enable
 .text.system_clock_init
                0x0000c650      0x154 src/ASF/sam0/drivers/system/clock/clock_samd21_r21_da_ha1/clock.o
                0x0000c650                system_clock_init
 .text.system_gclk_init
                0x0000c7a4       0x24 src/ASF/sam0/drivers/system/clock/clock_samd21_r21_da_ha1/gclk.o
                0x0000c7a4                system_gclk_init
 .text.system_gclk_gen_set_config
                0x0000c7c8       0xb8 src/ASF/sam0/drivers/system/clock/clock_samd21_r21_da_ha1/gclk.o
                0x0000c7c8                system_gclk_gen_set_config
 .text.system_gclk_gen_enable
                0x0000c880       0x44 src/ASF/sam0/drivers/system/clock/clock_samd21_r21_da_ha1/gclk.o
                0x0000c880                system_gclk_gen_enable
 .text.system_gclk_gen_get_hz
                0x0000c8c4       0x8c src/ASF/sam0/drivers/system/clock/clock_samd21_r21_da_ha1/gclk.o
                0x0000c8c4                system_gclk_gen_get_hz
 .text.system_gclk_chan_enable
                0x0000c950       0x30 src/ASF/sam0/drivers/system/clock/clock_samd21_r21_da_ha1/gclk.o
                0x0000c950                system_gclk_chan_enable
 .text.system_gclk_chan_disable
                0x0000c980       0x5c src/ASF/sam0/drivers/system/clock/clock_samd21_r21_da_ha1/gclk.o
                0x0000c980                system_gclk_chan_disable
 .text.system_gclk_chan_set_config
                0x0000c9dc       0x1c src/ASF/sam0/drivers/system/clock/clock_samd21_r21_da_ha1/gclk.o
                0x0000c9dc                system_gclk_chan_set_config
 .text.system_gclk_chan_get_hz
                0x0000c9f8       0x34 src/ASF/sam0/drivers/system/clock/clock_samd21_r21_da_ha1/gclk.o
                0x0000c9f8                system_gclk_chan_get_hz
 .text._system_pinmux_config
                0x0000ca2c       0xa8 src/ASF/sam0/drivers/system/pinmux/pinmux.o
 .text.system_pinmux_pin_set_config
                0x0000cad4       0x30 src/ASF/sam0/drivers/system/pinmux/pinmux.o
                0x0000cad4                system_pinmux_pin_set_config
 .text._system_dummy_init
                0x0000cb04        0x2 src/ASF/sam0/drivers/system/system.o
                0x0000cb04                _system_extint_init
                0x0000cb04                _system_events_init
                0x0000cb04                _system_dummy_init
                0x0000cb04                _system_divas_init
 *fill*         0x0000cb06        0x2 
 .text.system_init
                0x0000cb08       0x2c src/ASF/sam0/drivers/system/system.o
                0x0000cb08                system_init
 .text.Dummy_Handler
                0x0000cb34        0x2 src/ASF/sam0/utils/cmsis/samd21/source/gcc/startup_samd21.o
                0x0000cb34                DMAC_Handler
                0x0000cb34                HardFault_Handler
                0x0000cb34                AC_Handler
                0x0000cb34                SysTick_Handler
                0x0000cb34                PendSV_Handler
                0x0000cb34                NMI_Handler
                0x0000cb34                ADC_Handler
                0x0000cb34                TCC1_Handler
                0x0000cb34                TCC0_Handler
                0x0000cb34                RTC_Handler
                0x0000cb34                EIC_Handler
                0x0000cb34                WDT_Handler
                0x0000cb34                TC4_Handler
                0x0000cb34                USB_Handler
                0x0000cb34                TC3_Handler
                0x0000cb34                Dummy_Handler
                0x0000cb34                PM_Handler
                0x0000cb34                SVC_Handler
                0x0000cb34                TCC2_Handler
                0x0000cb34                EVSYS_Handler
                0x0000cb34                I2S_Handler
                0x0000cb34                NVMCTRL_Handler
                0x0000cb34                DAC_Handler
                0x0000cb34                PTC_Handler
                0x0000cb34                TC5_Handler
                0x0000cb34                SYSCTRL_Handler
 *fill*         0x0000cb36        0x2 
 .text.Reset_Handler
                0x0000cb38       0xe4 src/ASF/sam0/utils/cmsis/samd21/source/gcc/startup_samd21.o
                0x0000cb38                Reset_Handler
 .text._sbrk    0x0000cc1c       0x24 src/ASF/sam0/utils/syscalls/gcc/syscalls.o
                0x0000cc1c                _sbrk
 .text.configure_port_pins
                0x0000cc40       0x28 src/example.o
                0x0000cc40                configure_port_pins
 .text.main     0x0000cc68       0xd0 src/example.o
                0x0000cc68                main
 .text          0x0000cd38      0x114 c:/program files (x86)/atmel/studio/7.0/toolchain/arm/arm-gnu-toolchain/bin/../lib/gcc/arm-none-eabi/6.3.1/thumb/v6-m\libgcc.a(_udivsi3.o)
                0x0000cd38                __aeabi_uidiv
                0x0000cd38                __udivsi3
                0x0000ce44                __aeabi_uidivmod
 .text          0x0000ce4c        0x4 c:/program files (x86)/atmel/studio/7.0/toolchain/arm/arm-gnu-toolchain/bin/../lib/gcc/arm-none-eabi/6.3.1/thumb/v6-m\libgcc.a(_dvmd_tls.o)
                0x0000ce4c                __aeabi_idiv0
                0x0000ce4c                __aeabi_ldiv0
 .text          0x0000ce50       0x40 c:/program files (x86)/atmel/studio/7.0/toolchain/arm/arm-gnu-toolchain/bin/../lib/gcc/arm-none-eabi/6.3.1/thumb/v6-m\libgcc.a(_aeabi_uldivmod.o)
                0x0000ce50                __aeabi_uldivmod
 .text          0x0000ce90       0x54 c:/program files (x86)/atmel/studio/7.0/toolchain/arm/arm-gnu-toolchain/bin/../lib/gcc/arm-none-eabi/6.3.1/thumb/v6-m\libgcc.a(_muldi3.o)
                0x0000ce90                __muldi3
                0x0000ce90                __aeabi_lmul
 .text          0x0000cee4      0x180 c:/program files (x86)/atmel/studio/7.0/toolchain/arm/arm-gnu-toolchain/bin/../lib/gcc/arm-none-eabi/6.3.1/thumb/v6-m\libgcc.a(_udivmoddi4.o)
                0x0000cee4                __udivmoddi4
 .text          0x0000d064       0x18 c:/program files (x86)/atmel/studio/7.0/toolchain/arm/arm-gnu-toolchain/bin/../lib/gcc/arm-none-eabi/6.3.1/thumb/v6-m\libgcc.a(_clzdi2.o)
                0x0000d064                __clzdi2
 .text          0x0000d07c       0x3c c:/program files (x86)/atmel/studio/7.0/toolchain/arm/arm-gnu-toolchain/bin/../lib/gcc/arm-none-eabi/6.3.1/thumb/v6-m\libgcc.a(_clzsi2.o)
                0x0000d07c                __clzsi2
 .text.__libc_init_array
                0x0000d0b8       0x48 c:/program files (x86)/atmel/studio/7.0/toolchain/arm/arm-gnu-toolchain/bin/../lib/gcc/arm-none-eabi/6.3.1/../../../../arm-none-eabi/lib/thumb/v6-m\libc_nano.a(lib_a-init.o)
                0x0000d0b8                __libc_init_array
 .text.malloc   0x0000d100       0x14 c:/program files (x86)/atmel/studio/7.0/toolchain/arm/arm-gnu-toolchain/bin/../lib/gcc/arm-none-eabi/6.3.1/../../../../arm-none-eabi/lib/thumb/v6-m\libc_nano.a(lib_a-malloc.o)
                0x0000d100                malloc
 .text.memset   0x0000d114       0x10 c:/program files (x86)/atmel/studio/7.0/toolchain/arm/arm-gnu-toolchain/bin/../lib/gcc/arm-none-eabi/6.3.1/../../../../arm-none-eabi/lib/thumb/v6-m\libc_nano.a(lib_a-memset.o)
                0x0000d114                memset
 .text._malloc_r
                0x0000d124       0xbc c:/program files (x86)/atmel/studio/7.0/toolchain/arm/arm-gnu-toolchain/bin/../lib/gcc/arm-none-eabi/6.3.1/../../../../arm-none-eabi/lib/thumb/v6-m\libc_nano.a(lib_a-nano-mallocr.o)
                0x0000d124                _malloc_r
 .text._sbrk_r  0x0000d1e0       0x24 c:/program files (x86)/atmel/studio/7.0/toolchain/arm/arm-gnu-toolchain/bin/../lib/gcc/arm-none-eabi/6.3.1/../../../../arm-none-eabi/lib/thumb/v6-m\libc_nano.a(lib_a-sbrkr.o)
                0x0000d1e0                _sbrk_r
 .text          0x0000d204        0xe c:/program files (x86)/atmel/studio/7.0/toolchain/arm/arm-gnu-toolchain/bin/../lib/gcc/arm-none-eabi/6.3.1/../../../../arm-none-eabi/lib/thumb/v6-m\libc_nano.a(lib_a-strlen.o)
                0x0000d204                strlen
 .text.__malloc_lock
                0x0000d212        0x2 c:/program files (x86)/atmel/studio/7.0/toolchain/arm/arm-gnu-toolchain/bin/../lib/gcc/arm-none-eabi/6.3.1/../../../../arm-none-eabi/lib/thumb/v6-m\libc_nano.a(lib_a-mlock.o)
                0x0000d212                __malloc_lock
 .text.__malloc_unlock
                0x0000d214        0x2 c:/program files (x86)/atmel/studio/7.0/toolchain/arm/arm-gnu-toolchain/bin/../lib/gcc/arm-none-eabi/6.3.1/../../../../arm-none-eabi/lib/thumb/v6-m\libc_nano.a(lib_a-mlock.o)
                0x0000d214                __malloc_unlock
 *(.glue_7t)
 .glue_7t       0x0000d216        0x0 linker stubs
 *(.glue_7)
 .glue_7        0x0000d216        0x0 linker stubs
 *(.rodata .rodata* .gnu.linkonce.r.*)
 *fill*         0x0000d216        0x2 
 .rodata        0x0000d218       0x18 src/ASF/sam0/drivers/sercom/sercom.o
 .rodata.system_clock_source_get_hz
                0x0000d230       0x24 src/ASF/sam0/drivers/system/clock/clock_samd21_r21_da_ha1/clock.o
 .rodata.system_clock_source_enable
                0x0000d254       0x24 src/ASF/sam0/drivers/system/clock/clock_samd21_r21_da_ha1/clock.o
 .rodata.main.str1.4
                0x0000d278       0x28 src/example.o
                                 0x27 (size before relaxing)
 *(.ARM.extab* .gnu.linkonce.armextab.*)
                0x0000d2a0                . = ALIGN (0x4)
 *(.init)
 .init          0x0000d2a0        0x4 c:/program files (x86)/atmel/studio/7.0/toolchain/arm/arm-gnu-toolchain/bin/../lib/gcc/arm-none-eabi/6.3.1/thumb/v6-m/crti.o
                0x0000d2a0                _init
 .init          0x0000d2a4        0x8 c:/program files (x86)/atmel/studio/7.0/toolchain/arm/arm-gnu-toolchain/bin/../lib/gcc/arm-none-eabi/6.3.1/thumb/v6-m/crtn.o
                0x0000d2ac                . = ALIGN (0x4)
                0x0000d2ac                __preinit_array_start = .
 *(.preinit_array)
                0x0000d2ac                __preinit_array_end = .
                0x0000d2ac                . = ALIGN (0x4)
                0x0000d2ac                __init_array_start = .
 *(SORT(.init_array.*))
 *(.init_array)
 .init_array    0x0000d2ac        0x4 c:/program files (x86)/atmel/studio/7.0/toolchain/arm/arm-gnu-toolchain/bin/../lib/gcc/arm-none-eabi/6.3.1/thumb/v6-m/crtbegin.o
                0x0000d2b0                __init_array_end = .
                0x0000d2b0                . = ALIGN (0x4)
 *crtbegin.o(.ctors)
 *(EXCLUDE_FILE(*crtend.o) .ctors)
 *(SORT(.ctors.*))
 *crtend.o(.ctors)
                0x0000d2b0                . = ALIGN (0x4)
 *(.fini)
 .fini          0x0000d2b0        0x4 c:/program files (x86)/atmel/studio/7.0/toolchain/arm/arm-gnu-toolchain/bin/../lib/gcc/arm-none-eabi/6.3.1/thumb/v6-m/crti.o
                0x0000d2b0                _fini
 .fini          0x0000d2b4        0x8 c:/program files (x86)/atmel/studio/7.0/toolchain/arm/arm-gnu-toolchain/bin/../lib/gcc/arm-none-eabi/6.3.1/thumb/v6-m/crtn.o
                0x0000d2bc                . = ALIGN (0x4)
                0x0000d2bc                __fini_array_start = .
 *(.fini_array)
 .fini_array    0x0000d2bc        0x4 c:/program files (x86)/atmel/studio/7.0/toolchain/arm/arm-gnu-toolchain/bin/../lib/gcc/arm-none-eabi/6.3.1/thumb/v6-m/crtbegin.o
 *(SORT(.fini_array.*))
                0x0000d2c0                __fini_array_end = .
 *crtbegin.o(.dtors)
 *(EXCLUDE_FILE(*crtend.o) .dtors)
 *(SORT(.dtors.*))
 *crtend.o(.dtors)
                0x0000d2c0                . = ALIGN (0x4)
                0x0000d2c0                _efixed = .
                [!provide]                PROVIDE (__exidx_start, .)

.vfp11_veneer   0x0000d2c0        0x0
 .vfp11_veneer  0x0000d2c0        0x0 linker stubs

.v4_bx          0x0000d2c0        0x0
 .v4_bx         0x0000d2c0        0x0 linker stubs

.iplt           0x0000d2c0        0x0
 .iplt          0x0000d2c0        0x0 c:/program files (x86)/atmel/studio/7.0/toolchain/arm/arm-gnu-toolchain/bin/../lib/gcc/arm-none-eabi/6.3.1/thumb/v6-m/crtbegin.o

.ARM.exidx      0x0000d2c0        0x8
 *(.ARM.exidx* .gnu.linkonce.armexidx.*)
 .ARM.exidx     0x0000d2c0        0x8 c:/program files (x86)/atmel/studio/7.0/toolchain/arm/arm-gnu-toolchain/bin/../lib/gcc/arm-none-eabi/6.3.1/thumb/v6-m\libgcc.a(_udivmoddi4.o)
                [!provide]                PROVIDE (__exidx_end, .)

.eh_frame       0x0000d2c8        0x0
 .eh_frame      0x0000d2c8        0x0 c:/program files (x86)/atmel/studio/7.0/toolchain/arm/arm-gnu-toolchain/bin/../lib/gcc/arm-none-eabi/6.3.1/thumb/v6-m/crtbegin.o

.rel.dyn        0x0000d2c8        0x0
 .rel.iplt      0x0000d2c8        0x0 c:/program files (x86)/atmel/studio/7.0/toolchain/arm/arm-gnu-toolchain/bin/../lib/gcc/arm-none-eabi/6.3.1/thumb/v6-m/crtbegin.o

.jcr            0x0000d2c8        0x0
 .jcr           0x0000d2c8        0x0 c:/program files (x86)/atmel/studio/7.0/toolchain/arm/arm-gnu-toolchain/bin/../lib/gcc/arm-none-eabi/6.3.1/thumb/v6-m/crtbegin.o

.igot.plt       0x0000d2c8        0x0
 .igot.plt      0x0000d2c8        0x0 c:/program files (x86)/atmel/studio/7.0/toolchain/arm/arm-gnu-toolchain/bin/../lib/gcc/arm-none-eabi/6.3.1/thumb/v6-m/crtbegin.o
                0x0000d2c8                . = ALIGN (0x4)
                0x0000d2c8                _etext = .

.relocate       0x20000000       0x74 load address 0x0000d2c8
                0x20000000                . = ALIGN (0x4)
                0x20000000                _srelocate = .
 *(.ramfunc .ramfunc.*)
 .ramfunc       0x20000000        0xc src/ASF/common2/services/delay/sam0/cycle_counter.o
                0x20000000                portable_delay_cycles
 *(.data .data.*)
 .data.ss_pins  0x2000000c        0x1 src/ASF/common2/components/memory/sd_mmc/sd_mmc_spi.o
                0x2000000c                ss_pins
 .data.g_interrupt_enabled
                0x2000000d        0x1 src/ASF/common/utils/interrupt/interrupt_sam_nvic.o
                0x2000000d                g_interrupt_enabled
 *fill*         0x2000000e        0x2 
 .data._impure_ptr
                0x20000010        0x4 c:/program files (x86)/atmel/studio/7.0/toolchain/arm/arm-gnu-toolchain/bin/../lib/gcc/arm-none-eabi/6.3.1/../../../../arm-none-eabi/lib/thumb/v6-m\libc_nano.a(lib_a-impure.o)
                0x20000010                _impure_ptr
 .data.impure_data
                0x20000014       0x60 c:/program files (x86)/atmel/studio/7.0/toolchain/arm/arm-gnu-toolchain/bin/../lib/gcc/arm-none-eabi/6.3.1/../../../../arm-none-eabi/lib/thumb/v6-m\libc_nano.a(lib_a-impure.o)
                0x20000074                . = ALIGN (0x4)
                0x20000074                _erelocate = .

.bss            0x20000074      0x530 load address 0x0000d33c
                0x20000074                . = ALIGN (0x4)
                0x20000074                _sbss = .
                0x20000074                _szero = .
 *(.bss .bss.*)
 .bss           0x20000074       0x1c c:/program files (x86)/atmel/studio/7.0/toolchain/arm/arm-gnu-toolchain/bin/../lib/gcc/arm-none-eabi/6.3.1/thumb/v6-m/crtbegin.o
 .bss.sd_mmc_cards
                0x20000090       0x20 src/ASF/common2/components/memory/sd_mmc/sd_mmc.o
 .bss.sd_mmc_slot_sel
                0x200000b0        0x1 src/ASF/common2/components/memory/sd_mmc/sd_mmc.o
 *fill*         0x200000b1        0x3 
 .bss.sd_mmc_master
                0x200000b4       0x3c src/ASF/common2/components/memory/sd_mmc/sd_mmc_spi.o
 .bss.sd_mmc_spi_devices
                0x200000f0        0x3 src/ASF/common2/components/memory/sd_mmc/sd_mmc_spi.o
 .bss.sd_mmc_spi_err
                0x200000f3        0x1 src/ASF/common2/components/memory/sd_mmc/sd_mmc_spi.o
 .bss.slave_configs
                0x200000f4        0x3 src/ASF/common2/components/memory/sd_mmc/sd_mmc_spi.o
 *fill*         0x200000f7        0x1 
 .bss.cpu_irq_critical_section_counter
                0x200000f8        0x4 src/ASF/common/utils/interrupt/interrupt_sam_nvic.o
 .bss.cpu_irq_prev_interrupt_state
                0x200000fc        0x1 src/ASF/common/utils/interrupt/interrupt_sam_nvic.o
 *fill*         0x200000fd        0x3 
 .bss._sercom_config
                0x20000100        0x2 src/ASF/sam0/drivers/sercom/sercom.o
 .bss._handler_table_initialized
                0x20000102        0x1 src/ASF/sam0/drivers/sercom/sercom_interrupt.o
 *fill*         0x20000103        0x1 
 .bss._sercom_interrupt_handlers
                0x20000104       0x18 src/ASF/sam0/drivers/sercom/sercom_interrupt.o
 .bss._system_clock_inst
                0x2000011c       0x18 src/ASF/sam0/drivers/system/clock/clock_samd21_r21_da_ha1/clock.o
 .bss.heap.5296
                0x20000134        0x4 src/ASF/sam0/utils/syscalls/gcc/syscalls.o
 .bss.__malloc_free_list
                0x20000138        0x4 c:/program files (x86)/atmel/studio/7.0/toolchain/arm/arm-gnu-toolchain/bin/../lib/gcc/arm-none-eabi/6.3.1/../../../../arm-none-eabi/lib/thumb/v6-m\libc_nano.a(lib_a-nano-mallocr.o)
                0x20000138                __malloc_free_list
 .bss.__malloc_sbrk_start
                0x2000013c        0x4 c:/program files (x86)/atmel/studio/7.0/toolchain/arm/arm-gnu-toolchain/bin/../lib/gcc/arm-none-eabi/6.3.1/../../../../arm-none-eabi/lib/thumb/v6-m\libc_nano.a(lib_a-nano-mallocr.o)
                0x2000013c                __malloc_sbrk_start
 *(COMMON)
 COMMON         0x20000140      0x444 src/SerialConsole/SerialConsole.o
                0x20000140                usart_instance
                0x20000174                cbufRx
                0x20000178                latestRx
                0x2000017c                txCharacterBuffer
                0x2000037c                rxCharacterBuffer
                0x2000057c                latestTx
                0x20000580                cbufTx
 COMMON         0x20000584       0x18 src/ASF/sam0/drivers/sercom/sercom_interrupt.o
                0x20000584                _sercom_instances
 COMMON         0x2000059c        0x2 src/ASF/sam0/drivers/sercom/spi/spi_interrupt.o
                0x2000059c                dummy_write
 *fill*         0x2000059e        0x2 
 COMMON         0x200005a0        0x4 c:/program files (x86)/atmel/studio/7.0/toolchain/arm/arm-gnu-toolchain/bin/../lib/gcc/arm-none-eabi/6.3.1/../../../../arm-none-eabi/lib/thumb/v6-m\libc_nano.a(lib_a-reent.o)
                0x200005a0                errno
                0x200005a4                . = ALIGN (0x4)
                0x200005a4                _ebss = .
                0x200005a4                _ezero = .

.stack          0x200005a4     0x2004 load address 0x0000d86c
                0x200005a8                . = ALIGN (0x8)
 *fill*         0x200005a4        0x4 
                0x200005a8                _sstack = .
                0x200025a8                . = (. + STACK_SIZE)
 *fill*         0x200005a8     0x2000 
                0x200025a8                . = ALIGN (0x8)
                0x200025a8                _estack = .
                0x200025a8                . = ALIGN (0x4)
                0x200025a8                _end = .
OUTPUT(ApplicationCode_MedMen.elf elf32-littlearm)

.ARM.attributes
                0x00000000       0x28
 .ARM.attributes
                0x00000000       0x1e c:/program files (x86)/atmel/studio/7.0/toolchain/arm/arm-gnu-toolchain/bin/../lib/gcc/arm-none-eabi/6.3.1/thumb/v6-m/crti.o
 .ARM.attributes
                0x0000001e       0x2c c:/program files (x86)/atmel/studio/7.0/toolchain/arm/arm-gnu-toolchain/bin/../lib/gcc/arm-none-eabi/6.3.1/thumb/v6-m/crtbegin.o
 .ARM.attributes
                0x0000004a       0x32 src/ASF/sam0/boards/board_init.o
 .ARM.attributes
                0x0000007c       0x32 src/SerialConsole/circular_buffer.o
 .ARM.attributes
                0x000000ae       0x32 src/SerialConsole/SerialConsole.o
 .ARM.attributes
                0x000000e0       0x32 src/ASF/common2/components/memory/sd_mmc/sd_mmc.o
 .ARM.attributes
                0x00000112       0x32 src/ASF/common2/components/memory/sd_mmc/sd_mmc_spi.o
 .ARM.attributes
                0x00000144       0x32 src/ASF/common2/services/delay/sam0/cycle_counter.o
 .ARM.attributes
                0x00000176       0x32 src/ASF/common/utils/interrupt/interrupt_sam_nvic.o
 .ARM.attributes
                0x000001a8       0x32 src/ASF/sam0/drivers/port/port.o
 .ARM.attributes
                0x000001da       0x32 src/ASF/sam0/drivers/sercom/sercom.o
 .ARM.attributes
                0x0000020c       0x32 src/ASF/sam0/drivers/sercom/sercom_interrupt.o
 .ARM.attributes
                0x0000023e       0x32 src/ASF/sam0/drivers/sercom/spi/spi.o
 .ARM.attributes
                0x00000270       0x32 src/ASF/sam0/drivers/sercom/spi/spi_interrupt.o
 .ARM.attributes
                0x000002a2       0x32 src/ASF/sam0/drivers/sercom/usart/usart.o
 .ARM.attributes
                0x000002d4       0x32 src/ASF/sam0/drivers/sercom/usart/usart_interrupt.o
 .ARM.attributes
                0x00000306       0x32 src/ASF/sam0/drivers/system/clock/clock_samd21_r21_da_ha1/clock.o
 .ARM.attributes
                0x00000338       0x32 src/ASF/sam0/drivers/system/clock/clock_samd21_r21_da_ha1/gclk.o
 .ARM.attributes
                0x0000036a       0x32 src/ASF/sam0/drivers/system/pinmux/pinmux.o
 .ARM.attributes
                0x0000039c       0x32 src/ASF/sam0/drivers/system/system.o
 .ARM.attributes
                0x000003ce       0x32 src/ASF/sam0/utils/cmsis/samd21/source/gcc/startup_samd21.o
 .ARM.attributes
                0x00000400       0x32 src/ASF/sam0/utils/syscalls/gcc/syscalls.o
 .ARM.attributes
                0x00000432       0x32 src/example.o
 .ARM.attributes
                0x00000464       0x1e c:/program files (x86)/atmel/studio/7.0/toolchain/arm/arm-gnu-toolchain/bin/../lib/gcc/arm-none-eabi/6.3.1/thumb/v6-m\libgcc.a(_udivsi3.o)
 .ARM.attributes
                0x00000482       0x1e c:/program files (x86)/atmel/studio/7.0/toolchain/arm/arm-gnu-toolchain/bin/../lib/gcc/arm-none-eabi/6.3.1/thumb/v6-m\libgcc.a(_dvmd_tls.o)
 .ARM.attributes
                0x000004a0       0x1e c:/program files (x86)/atmel/studio/7.0/toolchain/arm/arm-gnu-toolchain/bin/../lib/gcc/arm-none-eabi/6.3.1/thumb/v6-m\libgcc.a(_aeabi_uldivmod.o)
 .ARM.attributes
                0x000004be       0x2c c:/program files (x86)/atmel/studio/7.0/toolchain/arm/arm-gnu-toolchain/bin/../lib/gcc/arm-none-eabi/6.3.1/thumb/v6-m\libgcc.a(_muldi3.o)
 .ARM.attributes
                0x000004ea       0x2c c:/program files (x86)/atmel/studio/7.0/toolchain/arm/arm-gnu-toolchain/bin/../lib/gcc/arm-none-eabi/6.3.1/thumb/v6-m\libgcc.a(_udivmoddi4.o)
 .ARM.attributes
                0x00000516       0x1e c:/program files (x86)/atmel/studio/7.0/toolchain/arm/arm-gnu-toolchain/bin/../lib/gcc/arm-none-eabi/6.3.1/thumb/v6-m\libgcc.a(_clzdi2.o)
 .ARM.attributes
                0x00000534       0x1e c:/program files (x86)/atmel/studio/7.0/toolchain/arm/arm-gnu-toolchain/bin/../lib/gcc/arm-none-eabi/6.3.1/thumb/v6-m\libgcc.a(_clzsi2.o)
 .ARM.attributes
                0x00000552       0x2c c:/program files (x86)/atmel/studio/7.0/toolchain/arm/arm-gnu-toolchain/bin/../lib/gcc/arm-none-eabi/6.3.1/../../../../arm-none-eabi/lib/thumb/v6-m\libc_nano.a(lib_a-impure.o)
 .ARM.attributes
                0x0000057e       0x2c c:/program files (x86)/atmel/studio/7.0/toolchain/arm/arm-gnu-toolchain/bin/../lib/gcc/arm-none-eabi/6.3.1/../../../../arm-none-eabi/lib/thumb/v6-m\libc_nano.a(lib_a-init.o)
 .ARM.attributes
                0x000005aa       0x2c c:/program files (x86)/atmel/studio/7.0/toolchain/arm/arm-gnu-toolchain/bin/../lib/gcc/arm-none-eabi/6.3.1/../../../../arm-none-eabi/lib/thumb/v6-m\libc_nano.a(lib_a-malloc.o)
 .ARM.attributes
                0x000005d6       0x2c c:/program files (x86)/atmel/studio/7.0/toolchain/arm/arm-gnu-toolchain/bin/../lib/gcc/arm-none-eabi/6.3.1/../../../../arm-none-eabi/lib/thumb/v6-m\libc_nano.a(lib_a-memset.o)
 .ARM.attributes
                0x00000602       0x2c c:/program files (x86)/atmel/studio/7.0/toolchain/arm/arm-gnu-toolchain/bin/../lib/gcc/arm-none-eabi/6.3.1/../../../../arm-none-eabi/lib/thumb/v6-m\libc_nano.a(lib_a-nano-mallocr.o)
 .ARM.attributes
                0x0000062e       0x2c c:/program files (x86)/atmel/studio/7.0/toolchain/arm/arm-gnu-toolchain/bin/../lib/gcc/arm-none-eabi/6.3.1/../../../../arm-none-eabi/lib/thumb/v6-m\libc_nano.a(lib_a-sbrkr.o)
 .ARM.attributes
                0x0000065a       0x1c c:/program files (x86)/atmel/studio/7.0/toolchain/arm/arm-gnu-toolchain/bin/../lib/gcc/arm-none-eabi/6.3.1/../../../../arm-none-eabi/lib/thumb/v6-m\libc_nano.a(lib_a-strlen.o)
 .ARM.attributes
                0x00000676       0x2c c:/program files (x86)/atmel/studio/7.0/toolchain/arm/arm-gnu-toolchain/bin/../lib/gcc/arm-none-eabi/6.3.1/../../../../arm-none-eabi/lib/thumb/v6-m\libc_nano.a(lib_a-mlock.o)
 .ARM.attributes
                0x000006a2       0x2c c:/program files (x86)/atmel/studio/7.0/toolchain/arm/arm-gnu-toolchain/bin/../lib/gcc/arm-none-eabi/6.3.1/../../../../arm-none-eabi/lib/thumb/v6-m\libc_nano.a(lib_a-reent.o)
 .ARM.attributes
                0x000006ce       0x1e c:/program files (x86)/atmel/studio/7.0/toolchain/arm/arm-gnu-toolchain/bin/../lib/gcc/arm-none-eabi/6.3.1/thumb/v6-m/crtn.o

.comment        0x00000000       0x59
 .comment       0x00000000       0x59 src/ASF/sam0/boards/board_init.o
                                 0x5a (size before relaxing)
 .comment       0x00000059       0x5a src/SerialConsole/circular_buffer.o
 .comment       0x00000059       0x5a src/SerialConsole/SerialConsole.o
 .comment       0x00000059       0x5a src/ASF/common2/components/memory/sd_mmc/sd_mmc.o
 .comment       0x00000059       0x5a src/ASF/common2/components/memory/sd_mmc/sd_mmc_spi.o
 .comment       0x00000059       0x5a src/ASF/common2/services/delay/sam0/cycle_counter.o
 .comment       0x00000059       0x5a src/ASF/common/utils/interrupt/interrupt_sam_nvic.o
 .comment       0x00000059       0x5a src/ASF/sam0/drivers/port/port.o
 .comment       0x00000059       0x5a src/ASF/sam0/drivers/sercom/sercom.o
 .comment       0x00000059       0x5a src/ASF/sam0/drivers/sercom/sercom_interrupt.o
 .comment       0x00000059       0x5a src/ASF/sam0/drivers/sercom/spi/spi.o
 .comment       0x00000059       0x5a src/ASF/sam0/drivers/sercom/spi/spi_interrupt.o
 .comment       0x00000059       0x5a src/ASF/sam0/drivers/sercom/usart/usart.o
 .comment       0x00000059       0x5a src/ASF/sam0/drivers/sercom/usart/usart_interrupt.o
 .comment       0x00000059       0x5a src/ASF/sam0/drivers/system/clock/clock_samd21_r21_da_ha1/clock.o
 .comment       0x00000059       0x5a src/ASF/sam0/drivers/system/clock/clock_samd21_r21_da_ha1/gclk.o
 .comment       0x00000059       0x5a src/ASF/sam0/drivers/system/pinmux/pinmux.o
 .comment       0x00000059       0x5a src/ASF/sam0/drivers/system/system.o
 .comment       0x00000059       0x5a src/ASF/sam0/utils/cmsis/samd21/source/gcc/startup_samd21.o
 .comment       0x00000059       0x5a src/ASF/sam0/utils/syscalls/gcc/syscalls.o
 .comment       0x00000059       0x5a src/example.o

.debug_info     0x00000000    0x34467
 .debug_info    0x00000000     0x12ad src/ASF/sam0/boards/board_init.o
 .debug_info    0x000012ad      0xd6e src/SerialConsole/circular_buffer.o
 .debug_info    0x0000201b     0x385c src/SerialConsole/SerialConsole.o
 .debug_info    0x00005877     0x1eac src/ASF/common2/components/memory/sd_mmc/sd_mmc.o
 .debug_info    0x00007723     0x47f9 src/ASF/common2/components/memory/sd_mmc/sd_mmc_spi.o
 .debug_info    0x0000bf1c      0xa64 src/ASF/common2/services/delay/sam0/cycle_counter.o
 .debug_info    0x0000c980      0xb07 src/ASF/common/utils/interrupt/interrupt_sam_nvic.o
 .debug_info    0x0000d487     0x12b6 src/ASF/sam0/drivers/port/port.o
 .debug_info    0x0000e73d     0x2dd3 src/ASF/sam0/drivers/sercom/sercom.o
 .debug_info    0x00011510     0x2bcf src/ASF/sam0/drivers/sercom/sercom_interrupt.o
 .debug_info    0x000140df     0x5ee5 src/ASF/sam0/drivers/sercom/spi/spi.o
 .debug_info    0x00019fc4     0x31a3 src/ASF/sam0/drivers/sercom/spi/spi_interrupt.o
 .debug_info    0x0001d167     0x4ab0 src/ASF/sam0/drivers/sercom/usart/usart.o
 .debug_info    0x00021c17     0x3048 src/ASF/sam0/drivers/sercom/usart/usart_interrupt.o
 .debug_info    0x00024c5f     0x39d4 src/ASF/sam0/drivers/system/clock/clock_samd21_r21_da_ha1/clock.o
 .debug_info    0x00028633     0x1ec7 src/ASF/sam0/drivers/system/clock/clock_samd21_r21_da_ha1/gclk.o
 .debug_info    0x0002a4fa     0x13f3 src/ASF/sam0/drivers/system/pinmux/pinmux.o
 .debug_info    0x0002b8ed      0xa73 src/ASF/sam0/drivers/system/system.o
 .debug_info    0x0002c360     0x3a3f src/ASF/sam0/utils/cmsis/samd21/source/gcc/startup_samd21.o
 .debug_info    0x0002fd9f      0xd98 src/ASF/sam0/utils/syscalls/gcc/syscalls.o
 .debug_info    0x00030b37     0x3930 src/example.o

.debug_abbrev   0x00000000     0x4829
 .debug_abbrev  0x00000000      0x2dc src/ASF/sam0/boards/board_init.o
 .debug_abbrev  0x000002dc      0x2db src/SerialConsole/circular_buffer.o
 .debug_abbrev  0x000005b7      0x481 src/SerialConsole/SerialConsole.o
 .debug_abbrev  0x00000a38      0x3e4 src/ASF/common2/components/memory/sd_mmc/sd_mmc.o
 .debug_abbrev  0x00000e1c      0x51b src/ASF/common2/components/memory/sd_mmc/sd_mmc_spi.o
 .debug_abbrev  0x00001337      0x1e7 src/ASF/common2/services/delay/sam0/cycle_counter.o
 .debug_abbrev  0x0000151e      0x22c src/ASF/common/utils/interrupt/interrupt_sam_nvic.o
 .debug_abbrev  0x0000174a      0x298 src/ASF/sam0/drivers/port/port.o
 .debug_abbrev  0x000019e2      0x378 src/ASF/sam0/drivers/sercom/sercom.o
 .debug_abbrev  0x00001d5a      0x2d8 src/ASF/sam0/drivers/sercom/sercom_interrupt.o
 .debug_abbrev  0x00002032      0x510 src/ASF/sam0/drivers/sercom/spi/spi.o
 .debug_abbrev  0x00002542      0x3fd src/ASF/sam0/drivers/sercom/spi/spi_interrupt.o
 .debug_abbrev  0x0000293f      0x488 src/ASF/sam0/drivers/sercom/usart/usart.o
 .debug_abbrev  0x00002dc7      0x416 src/ASF/sam0/drivers/sercom/usart/usart_interrupt.o
 .debug_abbrev  0x000031dd      0x493 src/ASF/sam0/drivers/system/clock/clock_samd21_r21_da_ha1/clock.o
 .debug_abbrev  0x00003670      0x40d src/ASF/sam0/drivers/system/clock/clock_samd21_r21_da_ha1/gclk.o
 .debug_abbrev  0x00003a7d      0x361 src/ASF/sam0/drivers/system/pinmux/pinmux.o
 .debug_abbrev  0x00003dde      0x1e1 src/ASF/sam0/drivers/system/system.o
 .debug_abbrev  0x00003fbf      0x234 src/ASF/sam0/utils/cmsis/samd21/source/gcc/startup_samd21.o
 .debug_abbrev  0x000041f3      0x257 src/ASF/sam0/utils/syscalls/gcc/syscalls.o
 .debug_abbrev  0x0000444a      0x3df src/example.o

.debug_loc      0x00000000     0x7b61
 .debug_loc     0x00000000       0x8a src/ASF/sam0/boards/board_init.o
 .debug_loc     0x0000008a      0x387 src/SerialConsole/circular_buffer.o
 .debug_loc     0x00000411      0x254 src/SerialConsole/SerialConsole.o
 .debug_loc     0x00000665      0xf94 src/ASF/common2/components/memory/sd_mmc/sd_mmc.o
 .debug_loc     0x000015f9      0x98f src/ASF/common2/components/memory/sd_mmc/sd_mmc_spi.o
 .debug_loc     0x00001f88      0x13d src/ASF/sam0/drivers/port/port.o
 .debug_loc     0x000020c5      0x9d5 src/ASF/sam0/drivers/sercom/sercom.o
 .debug_loc     0x00002a9a      0x161 src/ASF/sam0/drivers/sercom/sercom_interrupt.o
 .debug_loc     0x00002bfb     0x19c3 src/ASF/sam0/drivers/sercom/spi/spi.o
 .debug_loc     0x000045be      0x632 src/ASF/sam0/drivers/sercom/spi/spi_interrupt.o
 .debug_loc     0x00004bf0      0xe2f src/ASF/sam0/drivers/sercom/usart/usart.o
 .debug_loc     0x00005a1f      0x711 src/ASF/sam0/drivers/sercom/usart/usart_interrupt.o
 .debug_loc     0x00006130      0xf7d src/ASF/sam0/drivers/system/clock/clock_samd21_r21_da_ha1/clock.o
 .debug_loc     0x000070ad      0x504 src/ASF/sam0/drivers/system/clock/clock_samd21_r21_da_ha1/gclk.o
 .debug_loc     0x000075b1      0x36d src/ASF/sam0/drivers/system/pinmux/pinmux.o
 .debug_loc     0x0000791e       0x20 src/ASF/sam0/drivers/system/system.o
 .debug_loc     0x0000793e       0x40 src/ASF/sam0/utils/cmsis/samd21/source/gcc/startup_samd21.o
 .debug_loc     0x0000797e       0xef src/ASF/sam0/utils/syscalls/gcc/syscalls.o
 .debug_loc     0x00007a6d       0xf4 src/example.o

.debug_aranges  0x00000000      0x6d0
 .debug_aranges
                0x00000000       0x20 src/ASF/sam0/boards/board_init.o
 .debug_aranges
                0x00000020       0x70 src/SerialConsole/circular_buffer.o
 .debug_aranges
                0x00000090       0x58 src/SerialConsole/SerialConsole.o
 .debug_aranges
                0x000000e8       0xa8 src/ASF/common2/components/memory/sd_mmc/sd_mmc.o
 .debug_aranges
                0x00000190       0xb8 src/ASF/common2/components/memory/sd_mmc/sd_mmc_spi.o
 .debug_aranges
                0x00000248       0x28 src/ASF/common2/services/delay/sam0/cycle_counter.o
 .debug_aranges
                0x00000270       0x28 src/ASF/common/utils/interrupt/interrupt_sam_nvic.o
 .debug_aranges
                0x00000298       0x28 src/ASF/sam0/drivers/port/port.o
 .debug_aranges
                0x000002c0       0x48 src/ASF/sam0/drivers/sercom/sercom.o
 .debug_aranges
                0x00000308       0x60 src/ASF/sam0/drivers/sercom/sercom_interrupt.o
 .debug_aranges
                0x00000368       0x58 src/ASF/sam0/drivers/sercom/spi/spi.o
 .debug_aranges
                0x000003c0       0x50 src/ASF/sam0/drivers/sercom/spi/spi_interrupt.o
 .debug_aranges
                0x00000410       0x40 src/ASF/sam0/drivers/sercom/usart/usart.o
 .debug_aranges
                0x00000450       0x70 src/ASF/sam0/drivers/sercom/usart/usart_interrupt.o
 .debug_aranges
                0x000004c0       0x78 src/ASF/sam0/drivers/system/clock/clock_samd21_r21_da_ha1/clock.o
 .debug_aranges
                0x00000538       0x80 src/ASF/sam0/drivers/system/clock/clock_samd21_r21_da_ha1/gclk.o
 .debug_aranges
                0x000005b8       0x40 src/ASF/sam0/drivers/system/pinmux/pinmux.o
 .debug_aranges
                0x000005f8       0x28 src/ASF/sam0/drivers/system/system.o
 .debug_aranges
                0x00000620       0x28 src/ASF/sam0/utils/cmsis/samd21/source/gcc/startup_samd21.o
 .debug_aranges
                0x00000648       0x60 src/ASF/sam0/utils/syscalls/gcc/syscalls.o
 .debug_aranges
                0x000006a8       0x28 src/example.o

.debug_ranges   0x00000000      0xa70
 .debug_ranges  0x00000000       0x10 src/ASF/sam0/boards/board_init.o
 .debug_ranges  0x00000010       0x60 src/SerialConsole/circular_buffer.o
 .debug_ranges  0x00000070       0x48 src/SerialConsole/SerialConsole.o
 .debug_ranges  0x000000b8      0x1d8 src/ASF/common2/components/memory/sd_mmc/sd_mmc.o
 .debug_ranges  0x00000290       0xa8 src/ASF/common2/components/memory/sd_mmc/sd_mmc_spi.o
 .debug_ranges  0x00000338       0x18 src/ASF/common2/services/delay/sam0/cycle_counter.o
 .debug_ranges  0x00000350       0x18 src/ASF/common/utils/interrupt/interrupt_sam_nvic.o
 .debug_ranges  0x00000368       0x18 src/ASF/sam0/drivers/port/port.o
 .debug_ranges  0x00000380       0x50 src/ASF/sam0/drivers/sercom/sercom.o
 .debug_ranges  0x000003d0       0x50 src/ASF/sam0/drivers/sercom/sercom_interrupt.o
 .debug_ranges  0x00000420      0x240 src/ASF/sam0/drivers/sercom/spi/spi.o
 .debug_ranges  0x00000660       0xb8 src/ASF/sam0/drivers/sercom/spi/spi_interrupt.o
 .debug_ranges  0x00000718      0x140 src/ASF/sam0/drivers/sercom/usart/usart.o
 .debug_ranges  0x00000858       0x60 src/ASF/sam0/drivers/sercom/usart/usart_interrupt.o
 .debug_ranges  0x000008b8       0x68 src/ASF/sam0/drivers/system/clock/clock_samd21_r21_da_ha1/clock.o
 .debug_ranges  0x00000920       0x88 src/ASF/sam0/drivers/system/clock/clock_samd21_r21_da_ha1/gclk.o
 .debug_ranges  0x000009a8       0x30 src/ASF/sam0/drivers/system/pinmux/pinmux.o
 .debug_ranges  0x000009d8       0x18 src/ASF/sam0/drivers/system/system.o
 .debug_ranges  0x000009f0       0x18 src/ASF/sam0/utils/cmsis/samd21/source/gcc/startup_samd21.o
 .debug_ranges  0x00000a08       0x50 src/ASF/sam0/utils/syscalls/gcc/syscalls.o
 .debug_ranges  0x00000a58       0x18 src/example.o

.debug_macro    0x00000000     0x9717
 .debug_macro   0x00000000      0x53a src/ASF/sam0/boards/board_init.o
 .debug_macro   0x0000053a      0x2c3 src/ASF/sam0/boards/board_init.o
 .debug_macro   0x000007fd      0x6ce src/ASF/sam0/boards/board_init.o
 .debug_macro   0x00000ecb       0x18 src/ASF/sam0/boards/board_init.o
 .debug_macro   0x00000ee3       0x12 src/ASF/sam0/boards/board_init.o
 .debug_macro   0x00000ef5      0x142 src/SerialConsole/circular_buffer.o
 .debug_macro   0x00001037       0x52 src/SerialConsole/circular_buffer.o
 .debug_macro   0x00001089       0x8d src/SerialConsole/circular_buffer.o
 .debug_macro   0x00001116      0x10e src/SerialConsole/circular_buffer.o
 .debug_macro   0x00001224       0x86 src/SerialConsole/circular_buffer.o
 .debug_macro   0x000012aa       0x57 src/SerialConsole/circular_buffer.o
 .debug_macro   0x00001301       0x16 src/SerialConsole/circular_buffer.o
 .debug_macro   0x00001317      0x759 src/SerialConsole/SerialConsole.o
 .debug_macro   0x00001a70       0x2e src/SerialConsole/SerialConsole.o
 .debug_macro   0x00001a9e       0x16 src/SerialConsole/SerialConsole.o
 .debug_macro   0x00001ab4       0x10 src/SerialConsole/SerialConsole.o
 .debug_macro   0x00001ac4       0x82 src/SerialConsole/SerialConsole.o
 .debug_macro   0x00001b46       0x9b src/SerialConsole/SerialConsole.o
 .debug_macro   0x00001be1       0xe7 src/SerialConsole/SerialConsole.o
 .debug_macro   0x00001cc8      0x1bf src/SerialConsole/SerialConsole.o
 .debug_macro   0x00001e87       0x46 src/SerialConsole/SerialConsole.o
 .debug_macro   0x00001ecd       0x18 src/SerialConsole/SerialConsole.o
 .debug_macro   0x00001ee5      0x298 src/SerialConsole/SerialConsole.o
 .debug_macro   0x0000217d       0x52 src/SerialConsole/SerialConsole.o
 .debug_macro   0x000021cf       0x9a src/SerialConsole/SerialConsole.o
 .debug_macro   0x00002269       0xb2 src/SerialConsole/SerialConsole.o
 .debug_macro   0x0000231b       0x10 src/SerialConsole/SerialConsole.o
 .debug_macro   0x0000232b       0x16 src/SerialConsole/SerialConsole.o
 .debug_macro   0x00002341       0x16 src/SerialConsole/SerialConsole.o
 .debug_macro   0x00002357       0x35 src/SerialConsole/SerialConsole.o
 .debug_macro   0x0000238c       0x49 src/SerialConsole/SerialConsole.o
 .debug_macro   0x000023d5       0x4c src/SerialConsole/SerialConsole.o
 .debug_macro   0x00002421      0x7e8 src/ASF/common2/components/memory/sd_mmc/sd_mmc.o
 .debug_macro   0x00002c09      0xd3a src/ASF/common2/components/memory/sd_mmc/sd_mmc.o
 .debug_macro   0x00003943       0x52 src/ASF/common2/components/memory/sd_mmc/sd_mmc.o
 .debug_macro   0x00003995      0x746 src/ASF/common2/components/memory/sd_mmc/sd_mmc_spi.o
 .debug_macro   0x000040db      0x539 src/ASF/common2/services/delay/sam0/cycle_counter.o
 .debug_macro   0x00004614      0x4fe src/ASF/common/utils/interrupt/interrupt_sam_nvic.o
 .debug_macro   0x00004b12      0x518 src/ASF/sam0/drivers/port/port.o
 .debug_macro   0x0000502a      0x58b src/ASF/sam0/drivers/sercom/sercom.o
 .debug_macro   0x000055b5      0x588 src/ASF/sam0/drivers/sercom/sercom_interrupt.o
 .debug_macro   0x00005b3d      0x5cf src/ASF/sam0/drivers/sercom/spi/spi.o
 .debug_macro   0x0000610c      0x5d9 src/ASF/sam0/drivers/sercom/spi/spi_interrupt.o
 .debug_macro   0x000066e5      0x59c src/ASF/sam0/drivers/sercom/usart/usart.o
 .debug_macro   0x00006c81       0x51 src/ASF/sam0/drivers/sercom/usart/usart.o
 .debug_macro   0x00006cd2      0x59c src/ASF/sam0/drivers/sercom/usart/usart_interrupt.o
 .debug_macro   0x0000726e      0x57d src/ASF/sam0/drivers/system/clock/clock_samd21_r21_da_ha1/clock.o
 .debug_macro   0x000077eb      0x534 src/ASF/sam0/drivers/system/clock/clock_samd21_r21_da_ha1/gclk.o
 .debug_macro   0x00007d1f      0x50e src/ASF/sam0/drivers/system/pinmux/pinmux.o
 .debug_macro   0x0000822d       0x12 src/ASF/sam0/drivers/system/pinmux/pinmux.o
 .debug_macro   0x0000823f      0x541 src/ASF/sam0/drivers/system/system.o
 .debug_macro   0x00008780      0x2e5 src/ASF/sam0/utils/cmsis/samd21/source/gcc/startup_samd21.o
 .debug_macro   0x00008a65       0x3a src/ASF/sam0/utils/cmsis/samd21/source/gcc/startup_samd21.o
 .debug_macro   0x00008a9f      0x1d6 src/ASF/sam0/utils/syscalls/gcc/syscalls.o
 .debug_macro   0x00008c75       0x97 src/ASF/sam0/utils/syscalls/gcc/syscalls.o
 .debug_macro   0x00008d0c       0xf6 src/ASF/sam0/utils/syscalls/gcc/syscalls.o
 .debug_macro   0x00008e02       0x16 src/ASF/sam0/utils/syscalls/gcc/syscalls.o
 .debug_macro   0x00008e18       0x10 src/ASF/sam0/utils/syscalls/gcc/syscalls.o
 .debug_macro   0x00008e28       0x10 src/ASF/sam0/utils/syscalls/gcc/syscalls.o
 .debug_macro   0x00008e38       0x35 src/ASF/sam0/utils/syscalls/gcc/syscalls.o
 .debug_macro   0x00008e6d      0x122 src/ASF/sam0/utils/syscalls/gcc/syscalls.o
 .debug_macro   0x00008f8f      0x754 src/example.o
 .debug_macro   0x000096e3       0x34 src/example.o

.debug_line     0x00000000     0xf258
 .debug_line    0x00000000      0x982 src/ASF/sam0/boards/board_init.o
 .debug_line    0x00000982      0x417 src/SerialConsole/circular_buffer.o
 .debug_line    0x00000d99     0x104e src/SerialConsole/SerialConsole.o
 .debug_line    0x00001de7     0x1276 src/ASF/common2/components/memory/sd_mmc/sd_mmc.o
 .debug_line    0x0000305d     0x11c1 src/ASF/common2/components/memory/sd_mmc/sd_mmc_spi.o
 .debug_line    0x0000421e      0x977 src/ASF/common2/services/delay/sam0/cycle_counter.o
 .debug_line    0x00004b95      0x8c5 src/ASF/common/utils/interrupt/interrupt_sam_nvic.o
 .debug_line    0x0000545a      0x8f2 src/ASF/sam0/drivers/port/port.o
 .debug_line    0x00005d4c      0xbcb src/ASF/sam0/drivers/sercom/sercom.o
 .debug_line    0x00006917      0xb6f src/ASF/sam0/drivers/sercom/sercom_interrupt.o
 .debug_line    0x00007486     0x1039 src/ASF/sam0/drivers/sercom/spi/spi.o
 .debug_line    0x000084bf      0xcec src/ASF/sam0/drivers/sercom/spi/spi_interrupt.o
 .debug_line    0x000091ab      0xd36 src/ASF/sam0/drivers/sercom/usart/usart.o
 .debug_line    0x00009ee1      0xcc4 src/ASF/sam0/drivers/sercom/usart/usart_interrupt.o
 .debug_line    0x0000aba5      0xcb5 src/ASF/sam0/drivers/system/clock/clock_samd21_r21_da_ha1/clock.o
 .debug_line    0x0000b85a      0xc6e src/ASF/sam0/drivers/system/clock/clock_samd21_r21_da_ha1/gclk.o
 .debug_line    0x0000c4c8      0x93f src/ASF/sam0/drivers/system/pinmux/pinmux.o
 .debug_line    0x0000ce07      0x9e9 src/ASF/sam0/drivers/system/system.o
 .debug_line    0x0000d7f0      0x644 src/ASF/sam0/utils/cmsis/samd21/source/gcc/startup_samd21.o
 .debug_line    0x0000de34      0x409 src/ASF/sam0/utils/syscalls/gcc/syscalls.o
 .debug_line    0x0000e23d     0x101b src/example.o

.debug_str      0x00000000    0x91187
 .debug_str     0x00000000    0x8207e src/ASF/sam0/boards/board_init.o
                              0x82992 (size before relaxing)
 .debug_str     0x0008207e      0x1d5 src/SerialConsole/circular_buffer.o
                               0x676d (size before relaxing)
 .debug_str     0x00082253     0x4e77 src/SerialConsole/SerialConsole.o
                              0x8770c (size before relaxing)
 .debug_str     0x000870ca     0x5220 src/ASF/common2/components/memory/sd_mmc/sd_mmc.o
                              0x8afe4 (size before relaxing)
 .debug_str     0x0008c2ea      0x7b2 src/ASF/common2/components/memory/sd_mmc/sd_mmc_spi.o
                              0x8c0c4 (size before relaxing)
 .debug_str     0x0008ca9c       0x42 src/ASF/common2/services/delay/sam0/cycle_counter.o
                              0x80115 (size before relaxing)
 .debug_str     0x0008cade       0x94 src/ASF/common/utils/interrupt/interrupt_sam_nvic.o
                              0x7fe46 (size before relaxing)
 .debug_str     0x0008cb72       0xaa src/ASF/sam0/drivers/port/port.o
                              0x80272 (size before relaxing)
 .debug_str     0x0008cc1c      0x42b src/ASF/sam0/drivers/sercom/sercom.o
                              0x81527 (size before relaxing)
 .debug_str     0x0008d047      0x17b src/ASF/sam0/drivers/sercom/sercom_interrupt.o
                              0x8138a (size before relaxing)
 .debug_str     0x0008d1c2      0x6f9 src/ASF/sam0/drivers/sercom/spi/spi.o
                              0x82819 (size before relaxing)
 .debug_str     0x0008d8bb      0x244 src/ASF/sam0/drivers/sercom/spi/spi_interrupt.o
                              0x817d5 (size before relaxing)
 .debug_str     0x0008daff       0x8f src/ASF/sam0/drivers/sercom/usart/usart.o
                              0x822f2 (size before relaxing)
 .debug_str     0x0008db8e      0x120 src/ASF/sam0/drivers/sercom/usart/usart_interrupt.o
                              0x81538 (size before relaxing)
 .debug_str     0x0008dcae     0x1792 src/ASF/sam0/drivers/system/clock/clock_samd21_r21_da_ha1/clock.o
                              0x830d3 (size before relaxing)
 .debug_str     0x0008f440      0x1fa src/ASF/sam0/drivers/system/clock/clock_samd21_r21_da_ha1/gclk.o
                              0x80b09 (size before relaxing)
 .debug_str     0x0008f63a      0x179 src/ASF/sam0/drivers/system/pinmux/pinmux.o
                              0x802e8 (size before relaxing)
 .debug_str     0x0008f7b3       0x47 src/ASF/sam0/drivers/system/system.o
                              0x7ff23 (size before relaxing)
 .debug_str     0x0008f7fa      0xf21 src/ASF/sam0/utils/cmsis/samd21/source/gcc/startup_samd21.o
                              0x6b32c (size before relaxing)
 .debug_str     0x0009071b      0x68d src/ASF/sam0/utils/syscalls/gcc/syscalls.o
                               0x73e8 (size before relaxing)
 .debug_str     0x00090da8      0x3df src/example.o
                              0x8710c (size before relaxing)

.debug_frame    0x00000000     0x127c
 .debug_frame   0x00000000       0x30 src/ASF/sam0/boards/board_init.o
 .debug_frame   0x00000030       0xf8 src/SerialConsole/circular_buffer.o
 .debug_frame   0x00000128       0xd0 src/SerialConsole/SerialConsole.o
 .debug_frame   0x000001f8      0x1dc src/ASF/common2/components/memory/sd_mmc/sd_mmc.o
 .debug_frame   0x000003d4      0x244 src/ASF/common2/components/memory/sd_mmc/sd_mmc_spi.o
 .debug_frame   0x00000618       0x30 src/ASF/common2/services/delay/sam0/cycle_counter.o
 .debug_frame   0x00000648       0x30 src/ASF/common/utils/interrupt/interrupt_sam_nvic.o
 .debug_frame   0x00000678       0x44 src/ASF/sam0/drivers/port/port.o
 .debug_frame   0x000006bc       0xbc src/ASF/sam0/drivers/sercom/sercom.o
 .debug_frame   0x00000778       0xe8 src/ASF/sam0/drivers/sercom/sercom_interrupt.o
 .debug_frame   0x00000860      0x120 src/ASF/sam0/drivers/sercom/spi/spi.o
 .debug_frame   0x00000980       0xb0 src/ASF/sam0/drivers/sercom/spi/spi_interrupt.o
 .debug_frame   0x00000a30       0xac src/ASF/sam0/drivers/sercom/usart/usart.o
 .debug_frame   0x00000adc      0x110 src/ASF/sam0/drivers/sercom/usart/usart_interrupt.o
 .debug_frame   0x00000bec      0x150 src/ASF/sam0/drivers/system/clock/clock_samd21_r21_da_ha1/clock.o
 .debug_frame   0x00000d3c      0x148 src/ASF/sam0/drivers/system/clock/clock_samd21_r21_da_ha1/gclk.o
 .debug_frame   0x00000e84       0x98 src/ASF/sam0/drivers/system/pinmux/pinmux.o
 .debug_frame   0x00000f1c       0x38 src/ASF/sam0/drivers/system/system.o
 .debug_frame   0x00000f54       0x40 src/ASF/sam0/utils/cmsis/samd21/source/gcc/startup_samd21.o
 .debug_frame   0x00000f94       0xa0 src/ASF/sam0/utils/syscalls/gcc/syscalls.o
 .debug_frame   0x00001034       0x5c src/example.o
 .debug_frame   0x00001090       0x20 c:/program files (x86)/atmel/studio/7.0/toolchain/arm/arm-gnu-toolchain/bin/../lib/gcc/arm-none-eabi/6.3.1/thumb/v6-m\libgcc.a(_udivsi3.o)
 .debug_frame   0x000010b0       0x34 c:/program files (x86)/atmel/studio/7.0/toolchain/arm/arm-gnu-toolchain/bin/../lib/gcc/arm-none-eabi/6.3.1/thumb/v6-m\libgcc.a(_muldi3.o)
 .debug_frame   0x000010e4       0x3c c:/program files (x86)/atmel/studio/7.0/toolchain/arm/arm-gnu-toolchain/bin/../lib/gcc/arm-none-eabi/6.3.1/thumb/v6-m\libgcc.a(_udivmoddi4.o)
 .debug_frame   0x00001120       0x2c c:/program files (x86)/atmel/studio/7.0/toolchain/arm/arm-gnu-toolchain/bin/../lib/gcc/arm-none-eabi/6.3.1/../../../../arm-none-eabi/lib/thumb/v6-m\libc_nano.a(lib_a-init.o)
 .debug_frame   0x0000114c       0x40 c:/program files (x86)/atmel/studio/7.0/toolchain/arm/arm-gnu-toolchain/bin/../lib/gcc/arm-none-eabi/6.3.1/../../../../arm-none-eabi/lib/thumb/v6-m\libc_nano.a(lib_a-malloc.o)
 .debug_frame   0x0000118c       0x20 c:/program files (x86)/atmel/studio/7.0/toolchain/arm/arm-gnu-toolchain/bin/../lib/gcc/arm-none-eabi/6.3.1/../../../../arm-none-eabi/lib/thumb/v6-m\libc_nano.a(lib_a-memset.o)
 .debug_frame   0x000011ac       0x2c c:/program files (x86)/atmel/studio/7.0/toolchain/arm/arm-gnu-toolchain/bin/../lib/gcc/arm-none-eabi/6.3.1/../../../../arm-none-eabi/lib/thumb/v6-m\libc_nano.a(lib_a-nano-mallocr.o)
 .debug_frame   0x000011d8       0x2c c:/program files (x86)/atmel/studio/7.0/toolchain/arm/arm-gnu-toolchain/bin/../lib/gcc/arm-none-eabi/6.3.1/../../../../arm-none-eabi/lib/thumb/v6-m\libc_nano.a(lib_a-sbrkr.o)
 .debug_frame   0x00001204       0x30 c:/program files (x86)/atmel/studio/7.0/toolchain/arm/arm-gnu-toolchain/bin/../lib/gcc/arm-none-eabi/6.3.1/../../../../arm-none-eabi/lib/thumb/v6-m\libc_nano.a(lib_a-mlock.o)
 .debug_frame   0x00001234       0x48 c:/program files (x86)/atmel/studio/7.0/toolchain/arm/arm-gnu-toolchain/bin/../lib/gcc/arm-none-eabi/6.3.1/../../../../arm-none-eabi/lib/thumb/v6-m\libc_nano.a(lib_a-reent.o)
